 cgamex86

 Timestamp is 5b1ee43e (Mon Jun 11 16:06:06 2018)

 Preferred load address is 30000000

 Start         Length     Name                   Class
 0001:00000000 000737c2H .text$mn                CODE
 0002:00000000 0000014cH .idata$5                DATA
 0002:0000014c 00000004H .00cfg                  DATA
 0002:00000150 00000004H .CRT$XCA                DATA
 0002:00000154 00000004H .CRT$XCZ                DATA
 0002:00000158 00000004H .CRT$XIA                DATA
 0002:0000015c 0000000cH .CRT$XIC                DATA
 0002:00000168 00000004H .CRT$XIZ                DATA
 0002:0000016c 00000004H .CRT$XPA                DATA
 0002:00000170 00000008H .CRT$XPX                DATA
 0002:00000178 00000004H .CRT$XPXA               DATA
 0002:0000017c 00000004H .CRT$XPZ                DATA
 0002:00000180 00000004H .CRT$XTA                DATA
 0002:00000184 0000000cH .CRT$XTZ                DATA
 0002:00000188 00000000H .gfids$y                DATA
 0002:00000190 000117b0H .rdata                  DATA
 0002:00011940 00000210H .rdata$r                DATA
 0002:00011b50 0000000cH .rdata$sxdata           DATA
 0002:00011b5c 00000320H .rdata$zzzdbg           DATA
 0002:00011e7c 00000004H .rtc$IAA                DATA
 0002:00011e80 00000004H .rtc$IZZ                DATA
 0002:00011e84 00000004H .rtc$TAA                DATA
 0002:00011e88 00000008H .rtc$TZZ                DATA
 0002:00011e90 00000730H .xdata$x                DATA
 0002:000125c0 0000005cH .edata                  DATA
 0002:0001261c 00000014H .idata$2                DATA
 0002:00012630 00000014H .idata$3                DATA
 0002:00012644 0000014cH .idata$4                DATA
 0002:00012790 00000624H .idata$6                DATA
 0003:00000000 00003740H .data                   DATA
 0003:00003740 000000c0H .data$r                 DATA
 0003:00003800 00512644H .bss                    DATA
 0004:00000000 00000060H .rsrc$01                DATA
 0004:00000060 00000180H .rsrc$02                DATA

  Address         Publics by Value              Rva+Base       Lib:Object

 0000:00000000       ___guard_iat_table         00000000     <absolute>
 0000:00000000       ___hybrid_auxiliary_iat    00000000     <absolute>
 0000:00000000       ___hybrid_code_map         00000000     <absolute>
 0000:00000000       ___guard_longjmp_count     00000000     <absolute>
 0000:00000000       ___hybrid_code_map_count   00000000     <absolute>
 0000:00000000       ___guard_iat_count         00000000     <absolute>
 0000:00000000       __except_list              00000000     <absolute>
 0000:00000000       ___dynamic_value_reloc_table 00000000     <absolute>
 0000:00000000       ___guard_fids_table        00000000     <absolute>
 0000:00000000       ___guard_fids_count        00000000     <absolute>
 0000:00000000       ___guard_longjmp_table     00000000     <absolute>
 0000:00000000       ___enclave_config          00000000     <absolute>
 0000:00000003       ___safe_se_handler_count   00000003     <absolute>
 0000:00000100       ___guard_flags             00000100     <absolute>
 0000:00000000       ___ImageBase               30000000     <linker-defined>
 0001:00000000       _BG_AddPredictableEventToPlayerstate 30001000 f   bg_misc.obj
 0001:00000030       _BG_CanItemBeGrabbed       30001030 f   bg_misc.obj
 0001:000001e0       _BG_EvaluateTrajectory     300011e0 f   bg_misc.obj
 0001:00000370       _BG_EvaluateTrajectoryDelta 30001370 f   bg_misc.obj
 0001:000004b0       _BG_FindItem               300014b0 f   bg_misc.obj
 0001:000004f0       _BG_FindItemForHoldable    300014f0 f   bg_misc.obj
 0001:00000540       _BG_FindItemForPowerup     30001540 f   bg_misc.obj
 0001:00000590       _BG_FindItemForWeapon      30001590 f   bg_misc.obj
 0001:000005d0       _BG_PlayerStateToEntityState 300015d0 f   bg_misc.obj
 0001:00000850       _BG_PlayerStateToEntityStateExtraPolate 30001850 f   bg_misc.obj
 0001:00000ae0       _BG_PlayerTouchesItem      30001ae0 f   bg_misc.obj
 0001:00000b70       _BG_TouchFlip              30001b70 f   bg_misc.obj
 0001:00000b80       _BG_TouchJumpPad           30001b80 f   bg_misc.obj
 0001:00000ce0       _PM_AddEvent               30001ce0 f   bg_pmove.obj
 0001:00000d00       _PM_AddTouchEnt            30001d00 f   bg_pmove.obj
 0001:00001400       _PM_ClipVelocity           30002400 f   bg_pmove.obj
 0001:00002cc0       _PM_UpdateViewAngles       30003cc0 f   bg_pmove.obj
 0001:000036a0       _Pmove                     300046a0 f   bg_pmove.obj
 0001:00003740       _PmoveSingle               30004740 f   bg_pmove.obj
 0001:00003b00       _PM_SlideMove              30004b00 f   bg_slidemove.obj
 0001:00004310       _PM_StepSlideMove          30005310 f   bg_slidemove.obj
 0001:00004660       _AddPointToBounds          30005660 f   q_math.obj
 0001:000046e0       _AngleDelta                300056e0 f   q_math.obj
 0001:00004700       _AngleMod                  30005700 f   q_math.obj
 0001:00004740       _AngleNormalize180         30005740 f   q_math.obj
 0001:00004780       _AngleNormalize360         30005780 f   q_math.obj
 0001:000047c0       _AngleSubtract             300057c0 f   q_math.obj
 0001:00004820       _AngleVectors              30005820 f   q_math.obj
 0001:000049d0       _AnglesSubtract            300059d0 f   q_math.obj
 0001:00004a40       _AnglesToAxis              30005a40 f   q_math.obj
 0001:00004aa0       _AxisClear                 30005aa0 f   q_math.obj
 0001:00004af0       _AxisCopy                  30005af0 f   q_math.obj
 0001:00004b30       _BoxOnPlaneSide            30005b30 f   q_math.obj
 0001:00004d70       _ByteToDir                 30005d70 f   q_math.obj
 0001:00004dd0       _ClampChar                 30005dd0 f   q_math.obj
 0001:00004df0       _ClampShort                30005df0 f   q_math.obj
 0001:00004e20       _ClearBounds               30005e20 f   q_math.obj
 0001:00004e60       _ColorBytes3               30005e60 f   q_math.obj
 0001:00004ea0       _ColorBytes4               30005ea0 f   q_math.obj
 0001:00004ef0       _DirToByte                 30005ef0 f   q_math.obj
 0001:00004f60       _LerpAngle                 30005f60 f   q_math.obj
 0001:00004fc0       _MakeNormalVectors         30005fc0 f   q_math.obj
 0001:000050b0       _MatrixMultiply            300060b0 f   q_math.obj
 0001:00005240       _NormalizeColor            30006240 f   q_math.obj
 0001:000052b0       _PerpendicularVector       300062b0 f   q_math.obj
 0001:00005370       _PlaneFromPoints           30006370 f   q_math.obj
 0001:00005450       _ProjectPointOnPlane       30006450 f   q_math.obj
 0001:00005500       _Q_crandom                 30006500 f   q_math.obj
 0001:00005530       _Q_fabs                    30006530 f   q_math.obj
 0001:00005540       _Q_log2                    30006540 f   q_math.obj
 0001:00005560       _Q_rand                    30006560 f   q_math.obj
 0001:00005580       _Q_random                  30006580 f   q_math.obj
 0001:000055b0       _Q_rsqrt                   300065b0 f   q_math.obj
 0001:00005600       _RadiusFromBounds          30006600 f   q_math.obj
 0001:000056b0       _RotateAroundDirection     300066b0 f   q_math.obj
 0001:00005770       _RotatePointAroundVector   30006770 f   q_math.obj
 0001:000059b0       _SetPlaneSignbits          300069b0 f   q_math.obj
 0001:000059e0       _Vector4Scale              300069e0 f   q_math.obj
 0001:00005a30       _VectorNormalize           30006a30 f   q_math.obj
 0001:00005ae0       _VectorNormalize2          30006ae0 f   q_math.obj
 0001:00005b90       _VectorRotate              30006b90 f   q_math.obj
 0001:00005c20       __DotProduct               30006c20 f   q_math.obj
 0001:00005c40       __VectorAdd                30006c40 f   q_math.obj
 0001:00005c80       __VectorCopy               30006c80 f   q_math.obj
 0001:00005ca0       __VectorMA                 30006ca0 f   q_math.obj
 0001:00005cf0       __VectorScale              30006cf0 f   q_math.obj
 0001:00005d30       __VectorSubtract           30006d30 f   q_math.obj
 0001:00005d70       _vectoangles               30006d70 f   q_math.obj
 0001:00005ef0       _COM_BeginParseSession     30006ef0 f   q_shared.obj
 0001:00005f20       _COM_Compress              30006f20 f   q_shared.obj
 0001:00006030       _COM_DefaultExtension      30007030 f   q_shared.obj
 0001:000060b0       _COM_GetCurrentParseLine   300070b0 f   q_shared.obj
 0001:000060c0       _COM_MatchToken            300070c0 f   q_shared.obj
 0001:00006120       _COM_Parse                 30007120 f   q_shared.obj
 0001:00006140       _COM_ParseError            30007140 f   q_shared.obj
 0001:00006190       _COM_ParseExt              30007190 f   q_shared.obj
 0001:00006310       _COM_ParseWarning          30007310 f   q_shared.obj
 0001:00006360       _COM_SkipPath              30007360 f   q_shared.obj
 0001:00006390       _COM_StripExtension        30007390 f   q_shared.obj
 0001:000063c0       _Com_Clamp                 300073c0 f   q_shared.obj
 0001:000063f0       _Com_sprintf               300073f0 f   q_shared.obj
 0001:00006490       _FloatNoSwap               30007490 f   q_shared.obj
 0001:000064a0       _FloatSwap                 300074a0 f   q_shared.obj
 0001:000064c0       _Info_NextPair             300074c0 f   q_shared.obj
 0001:00006530       _Info_RemoveKey            30007530 f   q_shared.obj
 0001:00006650       _Info_RemoveKey_Big        30007650 f   q_shared.obj
 0001:00006770       _Info_SetValueForKey       30007770 f   q_shared.obj
 0001:00006920       _Info_SetValueForKey_Big   30007920 f   q_shared.obj
 0001:00006ac0       _Info_Validate             30007ac0 f   q_shared.obj
 0001:00006af0       _Info_ValueForKey          30007af0 f   q_shared.obj
 0001:00006c20       _Long64NoSwap              30007c20 f   q_shared.obj
 0001:00006c30       _Long64Swap                30007c30 f   q_shared.obj
 0001:00006c80       _LongNoSwap                30007c80 f   q_shared.obj
 0001:00006c90       _LongSwap                  30007c90 f   q_shared.obj
 0001:00006cd0       _Parse1DMatrix             30007cd0 f   q_shared.obj
 0001:00006d20       _Parse2DMatrix             30007d20 f   q_shared.obj
 0001:00006d80       _Parse3DMatrix             30007d80 f   q_shared.obj
 0001:00006de0       _Q_CleanStr                30007de0 f   q_shared.obj
 0001:00006e30       _Q_PrintStrlen             30007e30 f   q_shared.obj
 0001:00006e70       _Q_isalpha                 30007e70 f   q_shared.obj
 0001:00006ea0       _Q_islower                 30007ea0 f   q_shared.obj
 0001:00006ec0       _Q_isprint                 30007ec0 f   q_shared.obj
 0001:00006ee0       _Q_isupper                 30007ee0 f   q_shared.obj
 0001:00006f00       _Q_strcat                  30007f00 f   q_shared.obj
 0001:00006f50       _Q_stricmp                 30007f50 f   q_shared.obj
 0001:00006f80       _Q_stricmpn                30007f80 f   q_shared.obj
 0001:00007010       _Q_strlwr                  30008010 f   q_shared.obj
 0001:00007040       _Q_strncmp                 30008040 f   q_shared.obj
 0001:00007090       _Q_strncpyz                30008090 f   q_shared.obj
 0001:000070f0       _Q_strrchr                 300080f0 f   q_shared.obj
 0001:00007120       _Q_strupr                  30008120 f   q_shared.obj
 0001:00007150       _ShortNoSwap               30008150 f   q_shared.obj
 0001:00007160       _ShortSwap                 30008160 f   q_shared.obj
 0001:00007190       _SkipBracedSection         30008190 f   q_shared.obj
 0001:000071d0       _SkipRestOfLine            300081d0 f   q_shared.obj
 0001:00007250       ___local_stdio_printf_options 30008250 f i q_shared.obj
 0001:00007260       _va                        30008260 f   q_shared.obj
 0001:000072b0       _ItemParse_hideCvar        300082b0 f   ui_shared.obj
 0001:000072f0       _MenuParse_font            300082f0 f   ui_shared.obj
 0001:00007350       _MenuParse_name            30008350 f   ui_shared.obj
 0001:00007390       _MenuParse_fullscreen      30008390 f   ui_shared.obj
 0001:000073b0       _MenuParse_rect            300083b0 f   ui_shared.obj
 0001:000073d0       _MenuParse_style           300083d0 f   ui_shared.obj
 0001:000073f0       _MenuParse_visible         300083f0 f   ui_shared.obj
 0001:00007430       _MenuParse_onOpen          30008430 f   ui_shared.obj
 0001:00007450       _MenuParse_onClose         30008450 f   ui_shared.obj
 0001:00007470       _MenuParse_onESC           30008470 f   ui_shared.obj
 0001:00007490       _MenuParse_border          30008490 f   ui_shared.obj
 0001:000074b0       _MenuParse_borderSize      300084b0 f   ui_shared.obj
 0001:000074d0       _MenuParse_backcolor       300084d0 f   ui_shared.obj
 0001:00007520       _MenuParse_forecolor       30008520 f   ui_shared.obj
 0001:00007570       _MenuParse_bordercolor     30008570 f   ui_shared.obj
 0001:000075c0       _MenuParse_focuscolor      300085c0 f   ui_shared.obj
 0001:00007610       _MenuParse_disablecolor    30008610 f   ui_shared.obj
 0001:00007660       _MenuParse_outlinecolor    30008660 f   ui_shared.obj
 0001:00007680       _MenuParse_background      30008680 f   ui_shared.obj
 0001:000076c0       _MenuParse_cinematic       300086c0 f   ui_shared.obj
 0001:000076e0       _MenuParse_ownerdrawFlag   300086e0 f   ui_shared.obj
 0001:00007710       _MenuParse_ownerdraw       30008710 f   ui_shared.obj
 0001:00007730       _MenuParse_popup           30008730 f   ui_shared.obj
 0001:00007750       _MenuParse_outOfBounds     30008750 f   ui_shared.obj
 0001:00007770       _MenuParse_soundLoop       30008770 f   ui_shared.obj
 0001:00007790       _MenuParse_fadeClamp       30008790 f   ui_shared.obj
 0001:000077b0       _MenuParse_fadeAmount      300087b0 f   ui_shared.obj
 0001:000077d0       _MenuParse_fadeCycle       300087d0 f   ui_shared.obj
 0001:000077f0       _MenuParse_itemDef         300087f0 f   ui_shared.obj
 0001:00007880       _ItemParse_name            30008880 f   ui_shared.obj
 0001:000078a0       _ItemParse_focusSound      300088a0 f   ui_shared.obj
 0001:000078f0       _ItemParse_text            300088f0 f   ui_shared.obj
 0001:00007910       _ItemParse_group           30008910 f   ui_shared.obj
 0001:00007930       _ItemParse_asset_model     30008930 f   ui_shared.obj
 0001:00007990       _ItemParse_asset_shader    30008990 f   ui_shared.obj
 0001:000079d0       _ItemParse_model_origin    300089d0 f   ui_shared.obj
 0001:00007a30       _ItemParse_model_fovx      30008a30 f   ui_shared.obj
 0001:00007a60       _ItemParse_model_fovy      30008a60 f   ui_shared.obj
 0001:00007a90       _ItemParse_model_rotation  30008a90 f   ui_shared.obj
 0001:00007ac0       _ItemParse_model_angle     30008ac0 f   ui_shared.obj
 0001:00007af0       _ItemParse_rect            30008af0 f   ui_shared.obj
 0001:00007b10       _Script_SetColor           30008b10 f   ui_shared.obj
 0001:00007bc0       _ItemParse_style           30008bc0 f   ui_shared.obj
 0001:00007be0       _ItemParse_decoration      30008be0 f   ui_shared.obj
 0001:00007c00       _ItemParse_notselectable   30008c00 f   ui_shared.obj
 0001:00007c40       _Script_SetAsset           30008c40 f   ui_shared.obj
 0001:00007c60       _ItemParse_wrapped         30008c60 f   ui_shared.obj
 0001:00007c80       _ItemParse_autowrapped     30008c80 f   ui_shared.obj
 0001:00007ca0       _Script_SetBackground      30008ca0 f   ui_shared.obj
 0001:00007ce0       _ItemParse_horizontalscroll 30008ce0 f   ui_shared.obj
 0001:00007d00       _ItemParse_type            30008d00 f   ui_shared.obj
 0001:00007d40       _ItemParse_elementwidth    30008d40 f   ui_shared.obj
 0001:00007d70       _Script_SetTeamColor       30008d70 f   ui_shared.obj
 0001:00007dc0       _ItemParse_elementheight   30008dc0 f   ui_shared.obj
 0001:00007df0       _ItemParse_feeder          30008df0 f   ui_shared.obj
 0001:00007e10       _Script_SetItemColor       30008e10 f   ui_shared.obj
 0001:00007f20       _ItemParse_elementtype     30008f20 f   ui_shared.obj
 0001:00007f60       _ItemParse_columns         30008f60 f   ui_shared.obj
 0001:00008020       _ItemParse_border          30009020 f   ui_shared.obj
 0001:00008040       _ItemParse_bordersize      30009040 f   ui_shared.obj
 0001:00008060       _ItemParse_visible         30009060 f   ui_shared.obj
 0001:000080a0       _ItemParse_ownerdraw       300090a0 f   ui_shared.obj
 0001:000080d0       _ItemParse_align           300090d0 f   ui_shared.obj
 0001:000080f0       _ItemParse_textalign       300090f0 f   ui_shared.obj
 0001:00008110       _ItemParse_textalignx      30009110 f   ui_shared.obj
 0001:00008130       _ItemParse_textaligny      30009130 f   ui_shared.obj
 0001:00008150       _ItemParse_textscale       30009150 f   ui_shared.obj
 0001:00008170       _Script_Show               30009170 f   ui_shared.obj
 0001:000081b0       _ItemParse_textstyle       300091b0 f   ui_shared.obj
 0001:000081d0       _Script_Hide               300091d0 f   ui_shared.obj
 0001:00008210       _ItemParse_backcolor       30009210 f   ui_shared.obj
 0001:00008260       _Script_FadeIn             30009260 f   ui_shared.obj
 0001:000082a0       _ItemParse_forecolor       300092a0 f   ui_shared.obj
 0001:00008300       _Script_FadeOut            30009300 f   ui_shared.obj
 0001:00008340       _Script_Open               30009340 f   ui_shared.obj
 0001:00008370       _ItemParse_bordercolor     30009370 f   ui_shared.obj
 0001:000083c0       _Script_ConditionalOpen    300093c0 f   ui_shared.obj
 0001:00008450       _ItemParse_outlinecolor    30009450 f   ui_shared.obj
 0001:00008470       _ItemParse_background      30009470 f   ui_shared.obj
 0001:000084b0       _Script_Close              300094b0 f   ui_shared.obj
 0001:000084e0       _ItemParse_cinematic       300094e0 f   ui_shared.obj
 0001:00008500       _ItemParse_doubleClick     30009500 f   ui_shared.obj
 0001:00008540       _ItemParse_onFocus         30009540 f   ui_shared.obj
 0001:00008560       _ItemParse_leaveFocus      30009560 f   ui_shared.obj
 0001:00008580       _Script_Transition         30009580 f   ui_shared.obj
 0001:00008620       _ItemParse_mouseEnter      30009620 f   ui_shared.obj
 0001:00008640       _ItemParse_mouseExit       30009640 f   ui_shared.obj
 0001:00008660       _ItemParse_mouseEnterText  30009660 f   ui_shared.obj
 0001:00008680       _ItemParse_mouseExitText   30009680 f   ui_shared.obj
 0001:000086a0       _ItemParse_action          300096a0 f   ui_shared.obj
 0001:000086c0       _Script_Orbit              300096c0 f   ui_shared.obj
 0001:00008790       _ItemParse_special         30009790 f   ui_shared.obj
 0001:000087b0       _ItemParse_cvarTest        300097b0 f   ui_shared.obj
 0001:000087d0       _Script_SetFocus           300097d0 f   ui_shared.obj
 0001:00008850       _ItemParse_cvar            30009850 f   ui_shared.obj
 0001:000088a0       _Script_SetPlayerModel     300098a0 f   ui_shared.obj
 0001:000088d0       _ItemParse_maxChars        300098d0 f   ui_shared.obj
 0001:00008920       _Script_SetPlayerHead      30009920 f   ui_shared.obj
 0001:00008950       _ItemParse_maxPaintChars   30009950 f   ui_shared.obj
 0001:000089a0       _Script_SetCvar            300099a0 f   ui_shared.obj
 0001:000089f0       _ItemParse_cvarFloat       300099f0 f   ui_shared.obj
 0001:00008a70       _Script_Exec               30009a70 f   ui_shared.obj
 0001:00008ab0       _ItemParse_cvarStrList     30009ab0 f   ui_shared.obj
 0001:00008bf0       _Script_Play               30009bf0 f   ui_shared.obj
 0001:00008c30       _Script_playLooped         30009c30 f   ui_shared.obj
 0001:00008c70       _ItemParse_cvarFloatList   30009c70 f   ui_shared.obj
 0001:00008da0       _ItemParse_addColorRange   30009da0 f   ui_shared.obj
 0001:00008e40       _ItemParse_ownerdrawFlag   30009e40 f   ui_shared.obj
 0001:00008e70       _ItemParse_enableCvar      30009e70 f   ui_shared.obj
 0001:00008eb0       _ItemParse_disableCvar     30009eb0 f   ui_shared.obj
 0001:00008ef0       _ItemParse_showCvar        30009ef0 f   ui_shared.obj
 0001:00008f30       _AdjustFrom640             30009f30 f   ui_shared.obj
 0001:00008f90       _BindingFromName           30009f90 f   ui_shared.obj
 0001:00009080       _BindingIDFromName         3000a080 f   ui_shared.obj
 0001:000090c0       _Color_Parse               3000a0c0 f   ui_shared.obj
 0001:00009110       _Controls_GetConfig        3000a110 f   ui_shared.obj
 0001:000091f0       _Controls_SetConfig        3000a1f0 f   ui_shared.obj
 0001:00009250       _Controls_SetDefaults      3000a250 f   ui_shared.obj
 0001:00009270       _Display_CacheAll          3000a270 f   ui_shared.obj
 0001:000092a0       _Display_CaptureItem       3000a2a0 f   ui_shared.obj
 0001:00009350       _Display_CursorType        3000a350 f   ui_shared.obj
 0001:00009410       _Display_GetContext        3000a410 f   ui_shared.obj
 0001:00009420       _Display_HandleKey         3000a420 f   ui_shared.obj
 0001:00009450       _Display_KeyBindPending    3000a450 f   ui_shared.obj
 0001:00009460       _Display_MouseMove         3000a460 f   ui_shared.obj
 0001:00009560       _Display_VisibleMenuCount  3000a560 f   ui_shared.obj
 0001:000096c0       _Fade                      3000a6c0 f   ui_shared.obj
 0001:00009740       _Float_Parse               3000a740 f   ui_shared.obj
 0001:00009780       _GradientBar_Paint         3000a780 f   ui_shared.obj
 0001:000097d0       _Init_Display              3000a7d0 f   ui_shared.obj
 0001:000097e0       _Int_Parse                 3000a7e0 f   ui_shared.obj
 0001:00009820       _IsVisible                 3000a820 f   ui_shared.obj
 0001:00009840       _Item_Action               3000a840 f   ui_shared.obj
 0001:00009860       _Item_Bind_HandleKey       3000a860 f   ui_shared.obj
 0001:00009ab0       _Item_Bind_Paint           3000aab0 f   ui_shared.obj
 0001:00009ce0       _Item_EnableShowViaCvar    3000ace0 f   ui_shared.obj
 0001:00009e50       _Item_HandleKey            3000ae50 f   ui_shared.obj
 0001:00009f70       _Item_Image_Paint          3000af70 f   ui_shared.obj
 0001:00009fe0       _Item_Init                 3000afe0 f   ui_shared.obj
 0001:0000a010       _Item_InitControls         3000b010 f   ui_shared.obj
 0001:0000a050       _Item_ListBox_HandleKey    3000b050 f   ui_shared.obj
 0001:0000a3c0       _Item_ListBox_MaxScroll    3000b3c0 f   ui_shared.obj
 0001:0000a430       _Item_ListBox_MouseEnter   3000b430 f   ui_shared.obj
 0001:0000a5d0       _Item_ListBox_OverLB       3000b5d0 f   ui_shared.obj
 0001:0000a940       _Item_ListBox_Paint        3000b940 f   ui_shared.obj
 0001:0000b2f0       _Item_ListBox_ThumbDrawPosition 3000c2f0 f   ui_shared.obj
 0001:0000b3e0       _Item_ListBox_ThumbPosition 3000c3e0 f   ui_shared.obj
 0001:0000b4c0       _Item_Model_Paint          3000c4c0 f   ui_shared.obj
 0001:0000b7b0       _Item_MouseEnter           3000c7b0 f   ui_shared.obj
 0001:0000b8e0       _Item_MouseLeave           3000c8e0 f   ui_shared.obj
 0001:0000b920       _Item_Multi_CountSettings  3000c920 f   ui_shared.obj
 0001:0000b940       _Item_Multi_FindCvarByValue 3000c940 f   ui_shared.obj
 0001:0000ba50       _Item_Multi_HandleKey      3000ca50 f   ui_shared.obj
 0001:0000bba0       _Item_Multi_Paint          3000cba0 f   ui_shared.obj
 0001:0000bd60       _Item_Multi_Setting        3000cd60 f   ui_shared.obj
 0001:0000be70       _Item_OwnerDraw_HandleKey  3000ce70 f   ui_shared.obj
 0001:0000beb0       _Item_OwnerDraw_Paint      3000ceb0 f   ui_shared.obj
 0001:0000c2d0       _Item_Paint                3000d2d0 f   ui_shared.obj
 0001:0000c720       _Item_Parse                3000d720 f   ui_shared.obj
 0001:0000c840       _Item_RunScript            3000d840 f   ui_shared.obj
 0001:0000c960       _Item_SetFocus             3000d960 f   ui_shared.obj
 0001:0000cae0       _Item_SetMouseOver         3000dae0 f   ui_shared.obj
 0001:0000cb00       _Item_SetScreenCoords      3000db00 f   ui_shared.obj
 0001:0000cb70       _Item_SetTextExtents       3000db70 f   ui_shared.obj
 0001:0000cd80       _Item_SetupKeywordHash     3000dd80 f   ui_shared.obj
 0001:0000cdd0       _Item_Slider_HandleKey     3000ddd0 f   ui_shared.obj
 0001:0000cf50       _Item_Slider_OverSlider    3000df50 f   ui_shared.obj
 0001:0000cfc0       _Item_Slider_Paint         3000dfc0 f   ui_shared.obj
 0001:0000d1d0       _Item_Slider_ThumbPosition 3000e1d0 f   ui_shared.obj
 0001:0000d290       _Item_StartCapture         3000e290 f   ui_shared.obj
 0001:0000d470       _Item_StopCapture          3000e470 f   ui_shared.obj
 0001:0000d480       _Item_TextColor            3000e480 f   ui_shared.obj
 0001:0000d690       _Item_TextField_HandleKey  3000e690 f   ui_shared.obj
 0001:0000dad0       _Item_TextField_Paint      3000ead0 f   ui_shared.obj
 0001:0000dd80       _Item_Text_AutoWrapped_Paint 3000ed80 f   ui_shared.obj
 0001:0000e020       _Item_Text_Paint           3000f020 f   ui_shared.obj
 0001:0000e140       _Item_Text_Wrapped_Paint   3000f140 f   ui_shared.obj
 0001:0000e330       _Item_UpdatePosition       3000f330 f   ui_shared.obj
 0001:0000e380       _Item_ValidateTypeData     3000f380 f   ui_shared.obj
 0001:0000e460       _Item_YesNo_HandleKey      3000f460 f   ui_shared.obj
 0001:0000e530       _Item_YesNo_Paint          3000f530 f   ui_shared.obj
 0001:0000e750       _KeywordHash_Add           3000f750 f   ui_shared.obj
 0001:0000e780       _KeywordHash_Find          3000f780 f   ui_shared.obj
 0001:0000e7d0       _KeywordHash_Key           3000f7d0 f   ui_shared.obj
 0001:0000e820       _LerpColor                 3000f820 f   ui_shared.obj
 0001:0000e970       _Menu_ClearFocus           3000f970 f   ui_shared.obj
 0001:0000ea50       _Menu_Count                3000fa50 f   ui_shared.obj
 0001:0000ea60       _Menu_FadeItemByName       3000fa60 f   ui_shared.obj
 0001:0000eac0       _Menu_FindItemByName       3000fac0 f   ui_shared.obj
 0001:0000eb20       _Menu_GetFocused           3000fb20 f   ui_shared.obj
 0001:0000eb60       _Menu_GetFocusedItem       3000fb60 f   ui_shared.obj
 0001:0000eba0       _Menu_GetMatchingItemByNumber 3000fba0 f   ui_shared.obj
 0001:0000ec20       _Menu_HandleKey            3000fc20 f   ui_shared.obj
 0001:0000f140       _Menu_HandleMouseMove      30010140 f   ui_shared.obj
 0001:0000f310       _Menu_HitTest              30010310 f   ui_shared.obj
 0001:0000f380       _Menu_Init                 30010380 f   ui_shared.obj
 0001:0000f3e0       _Menu_ItemsMatchingGroup   300103e0 f   ui_shared.obj
 0001:0000f450       _Menu_New                  30010450 f   ui_shared.obj
 0001:0000f4a0       _Menu_OrbitItemByName      300104a0 f   ui_shared.obj
 0001:0000f620       _Menu_Paint                30010620 f   ui_shared.obj
 0001:0000f770       _Menu_PaintAll             30010770 f   ui_shared.obj
 0001:0000f850       _Menu_Parse                30010850 f   ui_shared.obj
 0001:0000f990       _Menu_PostParse            30010990 f   ui_shared.obj
 0001:0000f9d0       _Menu_Reset                300109d0 f   ui_shared.obj
 0001:0000fa30       _Menu_ScrollFeeder         30010a30 f   ui_shared.obj
 0001:0000faa0       _Menu_SetFeederSelection   30010aa0 f   ui_shared.obj
 0001:0000fb60       _Menu_SetNextCursorItem    30010b60 f   ui_shared.obj
 0001:0000fc60       _Menu_SetPrevCursorItem    30010c60 f   ui_shared.obj
 0001:0000fd60       _Menu_SetupKeywordHash     30010d60 f   ui_shared.obj
 0001:0000fdb0       _Menu_ShowItemByName       30010db0 f   ui_shared.obj
 0001:0000fe20       _Menu_TransitionItemByName 30010e20 f   ui_shared.obj
 0001:0000fed0       _Menu_UpdatePosition       30010ed0 f   ui_shared.obj
 0001:0000ff60       _Menus_Activate            30010f60 f   ui_shared.obj
 0001:0000ffd0       _Menus_ActivateByName      30010fd0 f   ui_shared.obj
 0001:00010060       _Menus_AnyFullScreenVisible 30011060 f   ui_shared.obj
 0001:00010090       _Menus_CloseAll            30011090 f   ui_shared.obj
 0001:000100d0       _Menus_CloseByName         300110d0 f   ui_shared.obj
 0001:00010100       _Menus_FindByName          30011100 f   ui_shared.obj
 0001:00010150       _Menus_HandleOOBClick      30011150 f   ui_shared.obj
 0001:00010250       _Menus_OpenByName          30011250 f   ui_shared.obj
 0001:00010260       _Menus_ShowByName          30011260 f   ui_shared.obj
 0001:00010280       _PC_Color_Parse            30011280 f   ui_shared.obj
 0001:000102d0       _PC_Float_Parse            300112d0 f   ui_shared.obj
 0001:00010390       _PC_Int_Parse              30011390 f   ui_shared.obj
 0001:00010440       _PC_Rect_Parse             30011440 f   ui_shared.obj
 0001:000104a0       _PC_Script_Parse           300114a0 f   ui_shared.obj
 0001:000105f0       _PC_SourceError            300115f0 f   ui_shared.obj
 0001:00010680       _PC_SourceWarning          30011680 f   ui_shared.obj
 0001:00010710       _PC_String_Parse           30011710 f   ui_shared.obj
 0001:00010780       _Rect_ContainsPoint        30011780 f   ui_shared.obj
 0001:000107d0       _Rect_Parse                300117d0 f   ui_shared.obj
 0001:00010830       _Rect_ToWindowCoords       30011830 f   ui_shared.obj
 0001:00010bb0       _String_Alloc              30011bb0 f   ui_shared.obj
 0001:00010cc0       _String_Init               30011cc0 f   ui_shared.obj
 0001:00010d10       _String_Parse              30011d10 f   ui_shared.obj
 0001:00010d50       _String_Report             30011d50 f   ui_shared.obj
 0001:00010de0       _ToWindowCoords            30011de0 f   ui_shared.obj
 0001:00010e30       _UI_Alloc                  30011e30 f   ui_shared.obj
 0001:00010e90       _UI_InitMemory             30011e90 f   ui_shared.obj
 0001:00010eb0       _UI_OutOfMemory            30011eb0 f   ui_shared.obj
 0001:00010f50       _Window_Init               30011f50 f   ui_shared.obj
 0001:00010fa0       _Window_Paint              30011fa0 f   ui_shared.obj
 0001:00011490       _CG_TargetCommand_f        30012490 f   cg_consolecmds.obj
 0001:00011880       _CG_ConsoleCommand         30012880 f   cg_consolecmds.obj
 0001:000118c0       _CG_InitConsoleCommands    300128c0 f   cg_consolecmds.obj
 0001:00011a00       _CG_AddLagometerFrameInfo  30012a00 f   cg_draw.obj
 0001:00011a30       _CG_AddLagometerSnapshotInfo 30012a30 f   cg_draw.obj
 0001:00011a90       _CG_CenterPrint            30012a90 f   cg_draw.obj
 0001:00011bd0       _CG_Draw3DModel            30012bd0 f   cg_draw.obj
 0001:00011d10       _CG_DrawActive             30012d10 f   cg_draw.obj
 0001:000126e0       _CG_DrawFlagModel          300136e0 f   cg_draw.obj
 0001:000129a0       _CG_DrawHead               300139a0 f   cg_draw.obj
 0001:00014510       _CG_DrawTeamBackground     30015510 f   cg_draw.obj
 0001:00015220       _CG_AdjustFrom640          30016220 f   cg_drawtools.obj
 0001:00015280       _CG_ColorForHealth         30016280 f   cg_drawtools.obj
 0001:000152b0       _CG_DrawBigString          300162b0 f   cg_drawtools.obj
 0001:00015310       _CG_DrawBigStringColor     30016310 f   cg_drawtools.obj
 0001:00015340       _CG_DrawChar               30016340 f   cg_drawtools.obj
 0001:00015440       _CG_DrawPic                30016440 f   cg_drawtools.obj
 0001:000154c0       _CG_DrawRect               300164c0 f   cg_drawtools.obj
 0001:00015550       _CG_DrawSides              30016550 f   cg_drawtools.obj
 0001:00015640       _CG_DrawSmallString        30016640 f   cg_drawtools.obj
 0001:000156a0       _CG_DrawSmallStringColor   300166a0 f   cg_drawtools.obj
 0001:000156d0       _CG_DrawStringExt          300166d0 f   cg_drawtools.obj
 0001:00015840       _CG_DrawStrlen             30016840 f   cg_drawtools.obj
 0001:00015880       _CG_DrawTopBottom          30016880 f   cg_drawtools.obj
 0001:00015970       _CG_FadeColor              30016970 f   cg_drawtools.obj
 0001:000159f0       _CG_FillRect               300169f0 f   cg_drawtools.obj
 0001:00015a80       _CG_GetColorForHealth      30016a80 f   cg_drawtools.obj
 0001:00015b60       _CG_TeamColor              30016b60 f   cg_drawtools.obj
 0001:00015ba0       _CG_TileClear              30016ba0 f   cg_drawtools.obj
 0001:00015d10       _UI_DrawBannerString       30016d10 f   cg_drawtools.obj
 0001:00015f60       _UI_DrawProportionalString 30016f60 f   cg_drawtools.obj
 0001:00016360       _UI_ProportionalSizeScale  30017360 f   cg_drawtools.obj
 0001:00016380       _UI_ProportionalStringWidth 30017380 f   cg_drawtools.obj
 0001:000163c0       _CG_BigExplode             300173c0 f   cg_effects.obj
 0001:00016880       _CG_Bleed                  30017880 f   cg_effects.obj
 0001:00016930       _CG_BubbleTrail            30017930 f   cg_effects.obj
 0001:00016c50       _CG_GibPlayer              30017c50 f   cg_effects.obj
 0001:00017580       _CG_LaunchExplode          30018580 f   cg_effects.obj
 0001:00017670       _CG_LaunchGib              30018670 f   cg_effects.obj
 0001:00017760       _CG_MakeExplosion          30018760 f   cg_effects.obj
 0001:00017930       _CG_ScorePlum              30018930 f   cg_effects.obj
 0001:00017a90       _CG_SmokePuff              30018a90 f   cg_effects.obj
 0001:00017c30       _CG_SpawnEffect            30018c30 f   cg_effects.obj
 0001:00017e20       _CG_AddPacketEntities      30018e20 f   cg_ents.obj
 0001:00017f80       _CG_AdjustPositionForMover 30018f80 f   cg_ents.obj
 0001:000180a0       _CG_Beam                   300190a0 f   cg_ents.obj
 0001:000190d0       _CG_PositionEntityOnTag    3001a0d0 f   cg_ents.obj
 0001:00019210       _CG_PositionRotatedEntityOnTag 3001a210 f   cg_ents.obj
 0001:00019360       _CG_SetEntitySoundPosition 3001a360 f   cg_ents.obj
 0001:00019560       _CG_CheckEvents            3001a560 f   cg_event.obj
 0001:000195f0       _CG_EntityEvent            3001a5f0 f   cg_event.obj
 0001:0001b220       _CG_PainEvent              3001c220 f   cg_event.obj
 0001:0001b290       _CG_PlaceString            3001c290 f   cg_event.obj
 0001:0001b450       _CG_DrawInformation        3001c450 f   cg_info.obj
 0001:0001b900       _CG_LoadingClient          3001c900 f   cg_info.obj
 0001:0001baa0       _CG_LoadingItem            3001caa0 f   cg_info.obj
 0001:0001baf0       _CG_LoadingString          3001caf0 f   cg_info.obj
 0001:0001bbe0       _CG_AddFadeRGB             3001cbe0 f   cg_localents.obj
 0001:0001bd40       _CG_AddFragment            3001cd40 f   cg_localents.obj
 0001:0001bf70       _CG_AddLocalEntities       3001cf70 f   cg_localents.obj
 0001:0001c270       _CG_AddScorePlum           3001d270 f   cg_localents.obj
 0001:0001c740       _CG_AllocLocalEntity       3001d740 f   cg_localents.obj
 0001:0001c7a0       _CG_BloodTrail             3001d7a0 f   cg_localents.obj
 0001:0001c890       _CG_FragmentBounceMark     3001d890 f   cg_localents.obj
 0001:0001c9b0       _CG_FragmentBounceSound    3001d9b0 f   cg_localents.obj
 0001:0001ca10       _CG_FreeLocalEntity        3001da10 f   cg_localents.obj
 0001:0001ca50       _CG_InitLocalEntities      3001da50 f   cg_localents.obj
 0001:0001cab0       _CG_ReflectVelocity        3001dab0 f   cg_localents.obj
 0001:0001cbf0       _CG_Argv                   3001dbf0 f   cg_main.obj
 0001:0001cc10       _CG_BuildSpectatorString   3001dc10 f   cg_main.obj
 0001:0001cc90       _CG_ConfigString           3001dc90 f   cg_main.obj
 0001:0001ccc0       _CG_CrosshairPlayer        3001dcc0 f   cg_main.obj
 0001:0001cce0       _CG_Error                  3001dce0 f   cg_main.obj
 0001:0001cd40       _CG_EventHandling          3001dd40 f   cg_main.obj
 0001:0001cd80       _CG_Init                   3001dd80 f   cg_main.obj
 0001:0001cfc0       _CG_KeyEvent               3001dfc0 f   cg_main.obj
 0001:0001cfd0       _CG_LastAttacker           3001dfd0 f   cg_main.obj
 0001:0001cff0       _CG_MouseEvent             3001dff0 f   cg_main.obj
 0001:0001d000       _CG_Printf                 3001e000 f   cg_main.obj
 0001:0001d0c0       _CG_RegisterCvars          3001e0c0 f   cg_main.obj
 0001:0001e200       _CG_Shutdown               3001f200 f   cg_main.obj
 0001:0001e210       _CG_StartMusic             3001f210 f   cg_main.obj
 0001:0001e290       _CG_UpdateCvars            3001f290 f   cg_main.obj
 0001:0001e320       _Com_Error                 3001f320 f   cg_main.obj
 0001:0001e380       _Com_Printf                3001f380 f   cg_main.obj
 0001:0001e3e0       _vmMain                    3001f3e0 f   cg_main.obj
 0001:0001e470       _CG_AddMarks               3001f470 f   cg_marks.obj
 0001:0001e630       _CG_AddParticleShrapnel    3001f630 f   cg_marks.obj
 0001:0001e640       _CG_AddParticleToScene     3001f640 f   cg_marks.obj
 0001:000202f0       _CG_AddParticles           300212f0 f   cg_marks.obj
 0001:00020640       _CG_AllocMark              30021640 f   cg_marks.obj
 0001:000206b0       _CG_BloodPool              300216b0 f   cg_marks.obj
 0001:00020850       _CG_ClearParticles         30021850 f   cg_marks.obj
 0001:00020960       _CG_FreeMarkPoly           30021960 f   cg_marks.obj
 0001:000209a0       _CG_ImpactMark             300219a0 f   cg_marks.obj
 0001:00020dd0       _CG_InitMarkPolys          30021dd0 f   cg_marks.obj
 0001:00020e30       _CG_NewParticleArea        30021e30 f   cg_marks.obj
 0001:00020fc0       _CG_OilSlickRemove         30021fc0 f   cg_marks.obj
 0001:00021010       _CG_ParticleBloodCloud     30022010 f   cg_marks.obj
 0001:00021290       _CG_ParticleBubble         30022290 f   cg_marks.obj
 0001:00021550       _CG_ParticleBulletDebris   30022550 f   cg_marks.obj
 0001:00021650       _CG_ParticleDust           30022650 f   cg_marks.obj
 0001:00021a40       _CG_ParticleExplosion      30022a40 f   cg_marks.obj
 0001:00021bd0       _CG_ParticleImpactSmokePuff 30022bd0 f   cg_marks.obj
 0001:00021d50       _CG_ParticleMisc           30022d50 f   cg_marks.obj
 0001:00021e30       _CG_ParticleSmoke          30022e30 f   cg_marks.obj
 0001:00021f90       _CG_ParticleSnow           30022f90 f   cg_marks.obj
 0001:000221e0       _CG_ParticleSnowFlurry     300231e0 f   cg_marks.obj
 0001:00022430       _CG_ParticleSparks         30023430 f   cg_marks.obj
 0001:00022700       _CG_Particle_Bleed         30023700 f   cg_marks.obj
 0001:00022840       _CG_Particle_OilParticle   30023840 f   cg_marks.obj
 0001:000229a0       _CG_Particle_OilSlick      300239a0 f   cg_marks.obj
 0001:00022b60       _CG_SnowLink               30023b60 f   cg_marks.obj
 0001:00022bb0       _ValidBloodPool            30023bb0 f   cg_marks.obj
 0001:00022ec0       _CG_AddRefEntityWithPowerups 30023ec0 f   cg_players.obj
 0001:00023140       _CG_CustomSound            30024140 f   cg_players.obj
 0001:00023600       _CG_LightVerts             30024600 f   cg_players.obj
 0001:00023950       _CG_LoadDeferredPlayers    30024950 f   cg_players.obj
 0001:000239b0       _CG_NewClientInfo          300249b0 f   cg_players.obj
 0001:00024450       _CG_Player                 30025450 f   cg_players.obj
 0001:00025d20       _CG_ResetPlayerEntity      30026d20 f   cg_players.obj
 0001:00026620       _CG_CheckAmmo              30027620 f   cg_playerstate.obj
 0001:000266c0       _CG_CheckChangedPredictableEvents 300276c0 f   cg_playerstate.obj
 0001:00026750       _CG_CheckLocalSounds       30027750 f   cg_playerstate.obj
 0001:00026af0       _CG_CheckPlayerstateEvents 30027af0 f   cg_playerstate.obj
 0001:00026bc0       _CG_DamageFeedback         30027bc0 f   cg_playerstate.obj
 0001:00026f10       _CG_Respawn                30027f10 f   cg_playerstate.obj
 0001:00026f40       _CG_TransitionPlayerState  30027f40 f   cg_playerstate.obj
 0001:00027070       _CG_BuildSolidList         30028070 f   cg_predict.obj
 0001:000274c0       _CG_PointContents          300284c0 f   cg_predict.obj
 0001:00027540       _CG_PredictPlayerState     30028540 f   cg_predict.obj
 0001:00027d80       _CG_Trace                  30028d80 f   cg_predict.obj
 0001:000282f0       _CG_DrawOldScoreboard      300292f0 f   cg_scoreboard.obj
 0001:00028770       _CG_DrawOldTourneyScoreboard 30029770 f   cg_scoreboard.obj
 0001:00028ac0       _CG_AddBufferedVoiceChat   30029ac0 f   cg_servercmds.obj
 0001:00028e60       _CG_ExecuteNewServerCommands 30029e60 f   cg_servercmds.obj
 0001:00028ea0       _CG_GetVoiceChat           30029ea0 f   cg_servercmds.obj
 0001:00028f40       _CG_HeadModelVoiceChats    30029f40 f   cg_servercmds.obj
 0001:00029070       _CG_LoadVoiceChats         3002a070 f   cg_servercmds.obj
 0001:00029380       _CG_ParseServerinfo        3002a380 f   cg_servercmds.obj
 0001:00029580       _CG_ParseVoiceChats        3002a580 f   cg_servercmds.obj
 0001:00029930       _CG_PlayBufferedVoiceChats 3002a930 f   cg_servercmds.obj
 0001:00029940       _CG_PlayVoiceChat          3002a940 f   cg_servercmds.obj
 0001:00029e40       _CG_SetConfigValues        3002ae40 f   cg_servercmds.obj
 0001:00029ec0       _CG_ShaderStateChanged     3002aec0 f   cg_servercmds.obj
 0001:00029fe0       _CG_VoiceChat              3002afe0 f   cg_servercmds.obj
 0001:00029ff0       _CG_VoiceChatListForClient 3002aff0 f   cg_servercmds.obj
 0001:0002a2d0       _CG_VoiceChatLocal         3002b2d0 f   cg_servercmds.obj
 0001:0002a2e0       _CG_ProcessSnapshots       3002b2e0 f   cg_snapshot.obj
 0001:0002a510       _CG_SetInitialSnapshot     3002b510 f   cg_snapshot.obj
 0001:0002a8c0       _PASSFLOAT                 3002b8c0 f   cg_syscalls.obj
 0001:0002a8e0       _dllEntry                  3002b8e0 f   cg_syscalls.obj
 0001:0002a8f0       _testPrintFloat            3002b8f0 f   cg_syscalls.obj
 0001:0002a920       _testPrintInt              3002b920 f   cg_syscalls.obj
 0001:0002a940       _trap_AddCommand           3002b940 f   cg_syscalls.obj
 0001:0002a960       _trap_Argc                 3002b960 f   cg_syscalls.obj
 0001:0002a970       _trap_Args                 3002b970 f   cg_syscalls.obj
 0001:0002a990       _trap_Argv                 3002b990 f   cg_syscalls.obj
 0001:0002a9b0       _trap_CIN_DrawCinematic    3002b9b0 f   cg_syscalls.obj
 0001:0002a9d0       _trap_CIN_PlayCinematic    3002b9d0 f   cg_syscalls.obj
 0001:0002aa00       _trap_CIN_RunCinematic     3002ba00 f   cg_syscalls.obj
 0001:0002aa20       _trap_CIN_SetExtents       3002ba20 f   cg_syscalls.obj
 0001:0002aa40       _trap_CIN_StopCinematic    3002ba40 f   cg_syscalls.obj
 0001:0002aa60       _trap_CM_BoxTrace          3002ba60 f   cg_syscalls.obj
 0001:0002aa90       _trap_CM_CapsuleTrace      3002ba90 f   cg_syscalls.obj
 0001:0002aac0       _trap_CM_InlineModel       3002bac0 f   cg_syscalls.obj
 0001:0002aae0       _trap_CM_LoadMap           3002bae0 f   cg_syscalls.obj
 0001:0002ab00       _trap_CM_MarkFragments     3002bb00 f   cg_syscalls.obj
 0001:0002ab30       _trap_CM_NumInlineModels   3002bb30 f   cg_syscalls.obj
 0001:0002ab40       _trap_CM_PointContents     3002bb40 f   cg_syscalls.obj
 0001:0002ab60       _trap_CM_TempBoxModel      3002bb60 f   cg_syscalls.obj
 0001:0002ab80       _trap_CM_TempCapsuleModel  3002bb80 f   cg_syscalls.obj
 0001:0002aba0       _trap_CM_TransformedBoxTrace 3002bba0 f   cg_syscalls.obj
 0001:0002abd0       _trap_CM_TransformedCapsuleTrace 3002bbd0 f   cg_syscalls.obj
 0001:0002ac00       _trap_CM_TransformedPointContents 3002bc00 f   cg_syscalls.obj
 0001:0002ac20       _trap_Cvar_Register        3002bc20 f   cg_syscalls.obj
 0001:0002ac40       _trap_Cvar_Set             3002bc40 f   cg_syscalls.obj
 0001:0002ac60       _trap_Cvar_Update          3002bc60 f   cg_syscalls.obj
 0001:0002ac80       _trap_Cvar_VariableStringBuffer 3002bc80 f   cg_syscalls.obj
 0001:0002aca0       _trap_Error                3002bca0 f   cg_syscalls.obj
 0001:0002acc0       _trap_FS_FCloseFile        3002bcc0 f   cg_syscalls.obj
 0001:0002ace0       _trap_FS_FOpenFile         3002bce0 f   cg_syscalls.obj
 0001:0002ad00       _trap_FS_Read              3002bd00 f   cg_syscalls.obj
 0001:0002ad20       _trap_FS_Seek              3002bd20 f   cg_syscalls.obj
 0001:0002ad40       _trap_FS_Write             3002bd40 f   cg_syscalls.obj
 0001:0002ad60       _trap_GetCurrentCmdNumber  3002bd60 f   cg_syscalls.obj
 0001:0002ad70       _trap_GetCurrentSnapshotNumber 3002bd70 f   cg_syscalls.obj
 0001:0002ad90       _trap_GetEntityToken       3002bd90 f   cg_syscalls.obj
 0001:0002adb0       _trap_GetGameState         3002bdb0 f   cg_syscalls.obj
 0001:0002add0       _trap_GetGlconfig          3002bdd0 f   cg_syscalls.obj
 0001:0002adf0       _trap_GetServerCommand     3002bdf0 f   cg_syscalls.obj
 0001:0002ae10       _trap_GetSnapshot          3002be10 f   cg_syscalls.obj
 0001:0002ae30       _trap_GetUserCmd           3002be30 f   cg_syscalls.obj
 0001:0002ae50       _trap_Key_GetCatcher       3002be50 f   cg_syscalls.obj
 0001:0002ae60       _trap_Key_GetKey           3002be60 f   cg_syscalls.obj
 0001:0002ae80       _trap_Key_IsDown           3002be80 f   cg_syscalls.obj
 0001:0002aea0       _trap_Key_SetCatcher       3002bea0 f   cg_syscalls.obj
 0001:0002aec0       _trap_MemoryRemaining      3002bec0 f   cg_syscalls.obj
 0001:0002aed0       _trap_Milliseconds         3002bed0 f   cg_syscalls.obj
 0001:0002aee0       _trap_PC_AddGlobalDefine   3002bee0 f   cg_syscalls.obj
 0001:0002af00       _trap_PC_FreeSource        3002bf00 f   cg_syscalls.obj
 0001:0002af20       _trap_PC_LoadSource        3002bf20 f   cg_syscalls.obj
 0001:0002af40       _trap_PC_ReadToken         3002bf40 f   cg_syscalls.obj
 0001:0002af60       _trap_PC_SourceFileAndLine 3002bf60 f   cg_syscalls.obj
 0001:0002af80       _trap_Print                3002bf80 f   cg_syscalls.obj
 0001:0002afa0       _trap_R_AddAdditiveLightToScene 3002bfa0 f   cg_syscalls.obj
 0001:0002b010       _trap_R_AddLightToScene    3002c010 f   cg_syscalls.obj
 0001:0002b080       _trap_R_AddPolyToScene     3002c080 f   cg_syscalls.obj
 0001:0002b0a0       _trap_R_AddPolysToScene    3002c0a0 f   cg_syscalls.obj
 0001:0002b0c0       _trap_R_AddRefEntityToScene 3002c0c0 f   cg_syscalls.obj
 0001:0002b0e0       _trap_R_ClearScene         3002c0e0 f   cg_syscalls.obj
 0001:0002b0f0       _trap_R_DrawStretchPic     3002c0f0 f   cg_syscalls.obj
 0001:0002b1b0       _trap_R_LerpTag            3002c1b0 f   cg_syscalls.obj
 0001:0002b1f0       _trap_R_LightForPoint      3002c1f0 f   cg_syscalls.obj
 0001:0002b210       _trap_R_LoadWorldMap       3002c210 f   cg_syscalls.obj
 0001:0002b230       _trap_R_ModelBounds        3002c230 f   cg_syscalls.obj
 0001:0002b250       _trap_R_RegisterFont       3002c250 f   cg_syscalls.obj
 0001:0002b270       _trap_R_RegisterModel      3002c270 f   cg_syscalls.obj
 0001:0002b290       _trap_R_RegisterShader     3002c290 f   cg_syscalls.obj
 0001:0002b2b0       _trap_R_RegisterShaderNoMip 3002c2b0 f   cg_syscalls.obj
 0001:0002b2d0       _trap_R_RegisterSkin       3002c2d0 f   cg_syscalls.obj
 0001:0002b2f0       _trap_R_RemapShader        3002c2f0 f   cg_syscalls.obj
 0001:0002b310       _trap_R_RenderScene        3002c310 f   cg_syscalls.obj
 0001:0002b330       _trap_R_SetColor           3002c330 f   cg_syscalls.obj
 0001:0002b350       _trap_R_inPVS              3002c350 f   cg_syscalls.obj
 0001:0002b370       _trap_RealTime             3002c370 f   cg_syscalls.obj
 0001:0002b390       _trap_RemoveCommand        3002c390 f   cg_syscalls.obj
 0001:0002b3b0       _trap_S_AddLoopingSound    3002c3b0 f   cg_syscalls.obj
 0001:0002b3d0       _trap_S_AddRealLoopingSound 3002c3d0 f   cg_syscalls.obj
 0001:0002b3f0       _trap_S_ClearLoopingSounds 3002c3f0 f   cg_syscalls.obj
 0001:0002b410       _trap_S_RegisterSound      3002c410 f   cg_syscalls.obj
 0001:0002b430       _trap_S_Respatialize       3002c430 f   cg_syscalls.obj
 0001:0002b450       _trap_S_StartBackgroundTrack 3002c450 f   cg_syscalls.obj
 0001:0002b470       _trap_S_StartLocalSound    3002c470 f   cg_syscalls.obj
 0001:0002b490       _trap_S_StartSound         3002c490 f   cg_syscalls.obj
 0001:0002b4b0       _trap_S_StopBackgroundTrack 3002c4b0 f   cg_syscalls.obj
 0001:0002b4c0       _trap_S_StopLoopingSound   3002c4c0 f   cg_syscalls.obj
 0001:0002b4e0       _trap_S_UpdateEntityPosition 3002c4e0 f   cg_syscalls.obj
 0001:0002b500       _trap_SendClientCommand    3002c500 f   cg_syscalls.obj
 0001:0002b520       _trap_SendConsoleCommand   3002c520 f   cg_syscalls.obj
 0001:0002b540       _trap_SetUserCmdValue      3002c540 f   cg_syscalls.obj
 0001:0002b570       _trap_SnapVector           3002c570 f   cg_syscalls.obj
 0001:0002b590       _trap_UpdateScreen         3002c590 f   cg_syscalls.obj
 0001:0002b5a0       _CG_AddBufferedSound       3002c5a0 f   cg_view.obj
 0001:0002be80       _CG_DrawActiveFrame        3002ce80 f   cg_view.obj
 0001:0002c950       _CG_TestGun_f              3002d950 f   cg_view.obj
 0001:0002c970       _CG_TestModelNextFrame_f   3002d970 f   cg_view.obj
 0001:0002c990       _CG_TestModelNextSkin_f    3002d990 f   cg_view.obj
 0001:0002c9b0       _CG_TestModelPrevFrame_f   3002d9b0 f   cg_view.obj
 0001:0002c9e0       _CG_TestModelPrevSkin_f    3002d9e0 f   cg_view.obj
 0001:0002ca10       _CG_TestModel_f            3002da10 f   cg_view.obj
 0001:0002cb70       _CG_ZoomDown_f             3002db70 f   cg_view.obj
 0001:0002cb90       _CG_ZoomUp_f               3002db90 f   cg_view.obj
 0001:0002cbb0       _CG_AddPlayerWeapon        3002dbb0 f   cg_weapons.obj
 0001:0002d000       _CG_AddViewWeapon          3002e000 f   cg_weapons.obj
 0001:0002d350       _CG_Bullet                 3002e350 f   cg_weapons.obj
 0001:0002d850       _CG_DrawWeaponSelect       3002e850 f   cg_weapons.obj
 0001:0002dae0       _CG_FireWeapon             3002eae0 f   cg_weapons.obj
 0001:0002dbb0       _CG_GrappleTrail           3002ebb0 f   cg_weapons.obj
 0001:0002e6d0       _CG_MissileHitPlayer       3002f6d0 f   cg_weapons.obj
 0001:0002e710       _CG_MissileHitWall         3002f710 f   cg_weapons.obj
 0001:0002eb50       _CG_NextWeapon_f           3002fb50 f   cg_weapons.obj
 0001:0002ebd0       _CG_OutOfAmmoChange        3002fbd0 f   cg_weapons.obj
 0001:0002f040       _CG_PrevWeapon_f           30030040 f   cg_weapons.obj
 0001:0002f0c0       _CG_RailTrail              300300c0 f   cg_weapons.obj
 0001:0002f630       _CG_RegisterItemVisuals    30030630 f   cg_weapons.obj
 0001:0002f6f0       _CG_RegisterWeapon         300306f0 f   cg_weapons.obj
 0001:00030440       _CG_ShotgunFire            30031440 f   cg_weapons.obj
 0001:000308a0       _CG_Tracer                 300318a0 f   cg_weapons.obj
 0001:00030cd0       _CG_Weapon_f               30031cd0 f   cg_weapons.obj
 0001:00030d2c       @__security_check_cookie@4 30031d2c f   LIBCMT:_secchk_.obj
 0001:00030d3d       ___raise_securityfailure   30031d3d f   LIBCMT:gs_report.obj
 0001:00030d65       ___report_gsfailure        30031d65 f   LIBCMT:gs_report.obj
 0001:00030e60       ___report_rangecheckfailure 30031e60 f   LIBCMT:gs_report.obj
 0001:00030e6c       ___report_securityfailure  30031e6c f   LIBCMT:gs_report.obj
 0001:00030f3c       ___report_securityfailureEx 30031f3c f   LIBCMT:gs_report.obj
 0001:00031060       __chkstk                   30032060 f   LIBCMT:chkstk.obj
 0001:00031060       __alloca_probe             30032060 f   LIBCMT:chkstk.obj
 0001:00031387       __CRT_INIT@12              30032387 f   LIBCMT:dll_dllmain.obj
 0001:00031390       __DllMainCRTStartup@12     30032390 f   LIBCMT:dll_dllmain.obj
 0001:00031402       ___security_init_cookie    30032402 f   LIBCMT:gs_support.obj
 0001:00031455       _DllMain@12                30032455 f   LIBCMT:dll_dllmain_stub.obj
 0001:0003145b       ?__scrt_initialize_type_info@@YAXXZ 3003245b f   LIBCMT:tncleanup.obj
 0001:00031467       ?__scrt_uninitialize_type_info@@YAXXZ 30032467 f   LIBCMT:tncleanup.obj
 0001:00031473       ___local_stdio_scanf_options 30032473 f i LIBCMT:default_local_stdio_options.obj
 0001:00031479       ___scrt_initialize_default_local_stdio_options 30032479 f   LIBCMT:default_local_stdio_options.obj
 0001:00031496       ??$__crt_fast_decode_pointer@PAP6AXXZ@@YAPAP6AXXZQAP6AXXZ@Z 30032496 f i LIBCMT:utility.obj
 0001:000314aa       ??$__crt_fast_encode_pointer@PAP6AXXZ@@YAPAP6AXXZQAP6AXXZ@Z 300324aa f i LIBCMT:utility.obj
 0001:000314c7       ?__crt_rotate_pointer_value@@YAIIH@Z 300324c7 f i LIBCMT:utility.obj
 0001:000314d4       ?configure_argv@__scrt_narrow_argv_policy@@SAHXZ 300324d4 f i LIBCMT:utility.obj
 0001:00031525       ?initialize_environment@__scrt_narrow_environment_policy@@SAHXZ 30032525 f i LIBCMT:utility.obj
 0001:0003155d       _NtCurrentTeb              3003255d f i LIBCMT:utility.obj
 0001:00031564       ___scrt_acquire_startup_lock 30032564 f   LIBCMT:utility.obj
 0001:00031599       ___scrt_dllmain_after_initialize_c 30032599 f   LIBCMT:utility.obj
 0001:000315c4       ___scrt_dllmain_before_initialize_c 300325c4 f   LIBCMT:utility.obj
 0001:000315d2       ___scrt_dllmain_crt_thread_attach 300325d2 f   LIBCMT:utility.obj
 0001:000315f1       ___scrt_dllmain_crt_thread_detach 300325f1 f   LIBCMT:utility.obj
 0001:000315fe       ___scrt_dllmain_exception_filter 300325fe f   LIBCMT:utility.obj
 0001:00031631       ___scrt_dllmain_uninitialize_c 30032631 f   LIBCMT:utility.obj
 0001:00031654       ___scrt_dllmain_uninitialize_critical 30032654 f   LIBCMT:utility.obj
 0001:00031661       ___scrt_initialize_crt     30032661 f   LIBCMT:utility.obj
 0001:0003169a       ___scrt_initialize_onexit_tables 3003269a f   LIBCMT:utility.obj
 0001:00031744       ___scrt_is_nonwritable_in_current_image 30032744 f   LIBCMT:utility.obj
 0001:000317ce       ___scrt_release_startup_lock 300327ce f   LIBCMT:utility.obj
 0001:000317eb       ___scrt_uninitialize_crt   300327eb f   LIBCMT:utility.obj
 0001:00031813       __onexit                   30032813 f   LIBCMT:utility.obj
 0001:0003184e       _at_quick_exit             3003284e f   LIBCMT:utility.obj
 0001:0003187f       _atexit                    3003287f f   LIBCMT:utility.obj
 0001:00031894       ___scrt_get_dyn_tls_init_callback 30032894 f   LIBCMT:dyn_tls_init.obj
 0001:0003189a       ___scrt_fastfail           3003289a f   LIBCMT:utility_desktop.obj
 0001:000319b6       ___scrt_get_show_window_mode 300329b6 f   LIBCMT:utility_desktop.obj
 0001:000319e9       ___scrt_initialize_winrt   300329e9 f   LIBCMT:utility_desktop.obj
 0001:000319ec       ___scrt_is_managed_app     300329ec f   LIBCMT:utility_desktop.obj
 0001:00031a30       ___scrt_set_unhandled_exception_filter 30032a30 f   LIBCMT:utility_desktop.obj
 0001:00031a3c       ___scrt_unhandled_exception_filter@4 30032a3c f   LIBCMT:utility_desktop.obj
 0001:00031a7d       __crt_debugger_hook        30032a7d f   LIBCMT:utility_desktop.obj
 0001:00031a85       __RTC_Initialize           30032a85 f   LIBCMT:_initsect_.obj
 0001:00031ab0       __RTC_Terminate            30032ab0 f   LIBCMT:_initsect_.obj
 0001:00031adb       @_guard_check_icall@4      30032adb f i LIBCMT:checkcfg.obj
 0001:00031af0       __SEH_prolog4              30032af0 f   LIBCMT:_sehprolg4_.obj
 0001:00031b36       __SEH_epilog4              30032b36 f   LIBCMT:_sehprolg4_.obj
 0001:00031b4b       ___isa_available_init      30032b4b f   LIBCMT:_cpu_disp_.obj
 0001:00031cea       __get_startup_argv_mode    30032cea f   LIBCMT:argv_mode.obj
 0001:00031cee       ___scrt_is_ucrt_dll_in_use 30032cee f   LIBCMT:ucrt_detection.obj
 0001:00031cfa       @_guard_check_icall_nop@4  30032cfa f i LIBCMT:guard_support.obj
 0001:00031cfb       _ReadNoFence               30032cfb f i LIBCMT:guard_support.obj
 0001:00031d05       _ReadPointerNoFence        30032d05 f i LIBCMT:guard_support.obj
 0001:00031d0f       __guard_icall_checks_enforced 30032d0f f i LIBCMT:guard_support.obj
 0001:00031d30       _memset                    30032d30 f   libvcruntime:memset.obj
 0001:00031e90       _strchr                    30032e90 f   libvcruntime:strchr.obj
 0001:00031efe       ___from_strstr_to_strchr   30032efe     libvcruntime:strchr.obj
 0001:00031fc0       _memmove                   30032fc0 f   libvcruntime:memmove.obj
 0001:00032540       _memcpy                    30033540 f   libvcruntime:memcpy.obj
 0001:00032ac0       _strstr                    30033ac0 f   libvcruntime:strstr.obj
 0001:00032d70       __except_handler4          30033d70 f   libvcruntime:_chandler4_.obj
 0001:00032ee4       ??$?RD@__crt_internal_free_policy@@QBEXQBD@Z 30033ee4 f i libvcruntime:std_type_info.obj
 0001:00032ef4       ??$?RX@__crt_internal_free_policy@@QBEXQBX@Z 30033ef4 f i libvcruntime:std_type_info.obj
 0001:00032f04       ??$__crt_interlocked_compare_exchange_pointer@$$CBDPAD$$T@@YAPBDPDSBDQAD$$T@Z 30033f04 f i libvcruntime:std_type_info.obj
 0001:00032f16       ??$__crt_interlocked_read_pointer@$$CBD@@YAPBDPDSBD@Z 30033f16 f i libvcruntime:std_type_info.obj
 0001:00032f20       ??0?$__crt_unique_heap_ptr@DU__crt_internal_free_policy@@@@QAE@QAD@Z 30033f20 f i libvcruntime:std_type_info.obj
 0001:00032f2e       ??0?$__crt_unique_heap_ptr@XU__crt_internal_free_policy@@@@QAE@QAX@Z 30033f2e f i libvcruntime:std_type_info.obj
 0001:00032f3c       ??1?$__crt_unique_heap_ptr@DU__crt_internal_free_policy@@@@QAE@XZ 30033f3c f i libvcruntime:std_type_info.obj
 0001:00032f4c       ??1?$__crt_unique_heap_ptr@XU__crt_internal_free_policy@@@@QAE@XZ 30033f4c f i libvcruntime:std_type_info.obj
 0001:00032f68       ??B?$__crt_unique_heap_ptr@DU__crt_internal_free_policy@@@@QBE_NXZ 30033f68 f i libvcruntime:std_type_info.obj
 0001:00032f6f       ??B?$__crt_unique_heap_ptr@XU__crt_internal_free_policy@@@@QBE_NXZ 30033f6f f i libvcruntime:std_type_info.obj
 0001:00032f96       ?__crt_interlocked_read_32@@YAHPDH@Z 30033f96 f i libvcruntime:std_type_info.obj
 0001:00032fa0       ?detach@?$__crt_unique_heap_ptr@XU__crt_internal_free_policy@@@@QAEPAXXZ 30033fa0 f i libvcruntime:std_type_info.obj
 0001:00032fa6       ?get@?$__crt_unique_heap_ptr@DU__crt_internal_free_policy@@@@QBEPADXZ 30033fa6 f i libvcruntime:std_type_info.obj
 0001:00032fa9       ?get@?$__crt_unique_heap_ptr@XU__crt_internal_free_policy@@@@QBEPAXXZ 30033fa9 f i libvcruntime:std_type_info.obj
 0001:00032fac       ?is_valid@?$__crt_unique_heap_ptr@DU__crt_internal_free_policy@@@@QBE_NXZ 30033fac f i libvcruntime:std_type_info.obj
 0001:00032fb3       ?is_valid@?$__crt_unique_heap_ptr@XU__crt_internal_free_policy@@@@QBE_NXZ 30033fb3 f i libvcruntime:std_type_info.obj
 0001:00032fba       ?release@?$__crt_unique_heap_ptr@DU__crt_internal_free_policy@@@@QAEXXZ 30033fba f i libvcruntime:std_type_info.obj
 0001:00032fca       ?release@?$__crt_unique_heap_ptr@XU__crt_internal_free_policy@@@@QAEXXZ 30033fca f i libvcruntime:std_type_info.obj
 0001:00032fda       ___std_type_info_compare   30033fda f   libvcruntime:std_type_info.obj
 0001:00033016       ___std_type_info_destroy_list 30034016 f   libvcruntime:std_type_info.obj
 0001:00033039       ___std_type_info_hash      30034039 f   libvcruntime:std_type_info.obj
 0001:0003305f       ___std_type_info_name      3003405f f   libvcruntime:std_type_info.obj
 0001:00033124       ___vcrt_initialize         30034124 f   libvcruntime:initialization.obj
 0001:0003314d       ___vcrt_thread_attach      3003414d f   libvcruntime:initialization.obj
 0001:00033158       ___vcrt_thread_detach      30034158 f   libvcruntime:initialization.obj
 0001:00033163       ___vcrt_uninitialize       30034163 f   libvcruntime:initialization.obj
 0001:00033182       ___vcrt_uninitialize_critical 30034182 f   libvcruntime:initialization.obj
 0001:00033190       __local_unwind4            30034190 f   libvcruntime:_exsup4_.obj
 0001:00033268       __seh_longjmp_unwind4@4    30034268 f   libvcruntime:_exsup4_.obj
 0001:00033290       @_EH4_CallFilterFunc@8     30034290 f   libvcruntime:_exsup4_.obj
 0001:000332a8       @_EH4_TransferToHandler@8  300342a8 f   libvcruntime:_exsup4_.obj
 0001:000332c4       @_EH4_GlobalUnwind2@8      300342c4 f   libvcruntime:_exsup4_.obj
 0001:000332e0       @_EH4_LocalUnwind@16       300342e0 f   libvcruntime:_exsup4_.obj
 0001:000332f7       ___except_validate_context_record 300342f7 f   libvcruntime:jbcxrval.obj
 0001:00033327       ___except_validate_jump_buffer 30034327 f   libvcruntime:jbcxrval.obj
 0001:00033354       ??$__vcrt_va_start_verify_argument_type@QBD@@YAXXZ 30034354 f i libvcruntime:undname.obj
 0001:00033355       ??0Block@_HeapManager@@QAE@XZ 30034355 f i libvcruntime:undname.obj
 0001:0003335b       ??0DName@@QAE@AAPBDD@Z     3003435b f   libvcruntime:undname.obj
 0001:0003340d       ??0DName@@QAE@ABV0@@Z      3003440d f i libvcruntime:undname.obj
 0001:00033423       ??0DName@@QAE@D@Z          30034423 f   libvcruntime:undname.obj
 0001:00033448       ??0DName@@QAE@PAV0@@Z      30034448 f   libvcruntime:undname.obj
 0001:00033491       ??0DName@@QAE@PBD@Z        30034491 f   libvcruntime:undname.obj
 0001:000334c4       ??0DName@@QAE@W4DNameStatus@@@Z 300344c4 f   libvcruntime:undname.obj
 0001:00033504       ??0DName@@QAE@XZ           30034504 f i libvcruntime:undname.obj
 0001:0003350e       ??0DName@@QAE@_J@Z         3003450e f   libvcruntime:undname.obj
 0001:0003359c       ??0DName@@QAE@_K@Z         3003459c f   libvcruntime:undname.obj
 0001:00033604       ??0DNameNode@@IAE@XZ       30034604 f   libvcruntime:undname.obj
 0001:0003360d       ??0DNameStatusNode@@AAE@W4DNameStatus@@@Z 3003460d f   libvcruntime:undname.obj
 0001:00033630       ??0Replicator@@QAE@XZ      30034630 f i libvcruntime:undname.obj
 0001:00033636       ??0UnDecorator@@QAE@PADPBDHP6APADJ@ZK@Z 30034636 f i libvcruntime:undname.obj
 0001:0003369f       ??0charNode@@QAE@D@Z       3003469f f   libvcruntime:undname.obj
 0001:000336b4       ??0pDNameNode@@QAE@PAVDName@@@Z 300346b4 f   libvcruntime:undname.obj
 0001:000336dc       ??0pairNode@@QAE@PAVDNameNode@@0@Z 300346dc f   libvcruntime:undname.obj
 0001:000336fb       ??0pcharNode@@QAE@PBDH@Z   300346fb f   libvcruntime:undname.obj
 0001:00033754       ??2@YAPAXIAAV_HeapManager@@H@Z 30034754 f i libvcruntime:undname.obj
 0001:00033769       ??4DName@@QAEAAV0@ABV0@@Z  30034769 f   libvcruntime:undname.obj
 0001:0003377f       ??4DName@@QAEAAV0@D@Z      3003477f f i libvcruntime:undname.obj
 0001:000337a4       ??4DName@@QAEAAV0@PAV0@@Z  300347a4 f   libvcruntime:undname.obj
 0001:000337e6       ??4DName@@QAEAAV0@PBD@Z    300347e6 f   libvcruntime:undname.obj
 0001:00033811       ??4DName@@QAEAAV0@W4DNameStatus@@@Z 30034811 f   libvcruntime:undname.obj
 0001:00033843       ??AReplicator@@QBE?AVDName@@H@Z 30034843 f   libvcruntime:undname.obj
 0001:00033889       ??BUnDecorator@@QAEPADXZ   30034889 f i libvcruntime:undname.obj
 0001:000339f0       ??H@YA?AVDName@@DABV0@@Z   300349f0 f i libvcruntime:undname.obj
 0001:00033a14       ??H@YA?AVDName@@PBDABV0@@Z 30034a14 f i libvcruntime:undname.obj
 0001:00033a38       ??H@YA?AVDName@@W4DNameStatus@@ABV0@@Z 30034a38 f i libvcruntime:undname.obj
 0001:00033a5c       ??HDName@@QBE?AV0@ABV0@@Z  30034a5c f   libvcruntime:undname.obj
 0001:00033a7e       ??HDName@@QBE?AV0@D@Z      30034a7e f   libvcruntime:undname.obj
 0001:00033aa0       ??HDName@@QBE?AV0@PAV0@@Z  30034aa0 f   libvcruntime:undname.obj
 0001:00033ac2       ??HDName@@QBE?AV0@PBD@Z    30034ac2 f   libvcruntime:undname.obj
 0001:00033ae4       ??HDName@@QBE?AV0@W4DNameStatus@@@Z 30034ae4 f   libvcruntime:undname.obj
 0001:00033b06       ??YDName@@QAEAAV0@ABV0@@Z  30034b06 f   libvcruntime:undname.obj
 0001:00033b47       ??YDName@@QAEAAV0@D@Z      30034b47 f   libvcruntime:undname.obj
 0001:00033b97       ??YDName@@QAEAAV0@PAV0@@Z  30034b97 f   libvcruntime:undname.obj
 0001:00033bfc       ??YDName@@QAEAAV0@PBD@Z    30034bfc f   libvcruntime:undname.obj
 0001:00033c5d       ??YDName@@QAEAAV0@W4DNameStatus@@@Z 30034c5d f   libvcruntime:undname.obj
 0001:00033c9d       ??YReplicator@@QAEAAV0@ABVDName@@@Z 30034c9d f   libvcruntime:undname.obj
 0001:00033ce7       ??_5DName@@QAEAAV0@ABV0@@Z 30034ce7 f   libvcruntime:undname.obj
 0001:00033d03       ?Constructor@_HeapManager@@QAEXP6APAXI@ZP6AXPAX@Z@Z 30034d03 f i libvcruntime:undname.obj
 0001:00033d20       ?Destructor@_HeapManager@@QAEXXZ 30034d20 f i libvcruntime:undname.obj
 0001:00033d57       ?UScore@UnDecorator@@SAPBDW4Tokens@@@Z 30034d57 f   libvcruntime:undname.obj
 0001:00033d74       ?append@DName@@AAEXPAVDNameNode@@@Z 30034d74 f   libvcruntime:undname.obj
 0001:00033dba       ?composeDeclaration@UnDecorator@@CA?AVDName@@ABV2@@Z 30034dba f i libvcruntime:undname.obj
 0001:00034a86       ?doAccessSpecifiers@UnDecorator@@SAHXZ 30035a86 f i libvcruntime:undname.obj
 0001:00034a94       ?doAllocationLanguage@UnDecorator@@SAHXZ 30035a94 f i libvcruntime:undname.obj
 0001:00034aa2       ?doAllocationModel@UnDecorator@@SAHXZ 30035aa2 f i libvcruntime:undname.obj
 0001:00034ab0       ?doEcsu@UnDecorator@@SAHXZ 30035ab0 f i libvcruntime:undname.obj
 0001:00034abe       ?doEllipsis@UnDecorator@@SAHXZ 30035abe f i libvcruntime:undname.obj
 0001:00034acc       ?doFunctionReturns@UnDecorator@@SAHXZ 30035acc f i libvcruntime:undname.obj
 0001:00034ada       ?doMSKeywords@UnDecorator@@SAHXZ 30035ada f i libvcruntime:undname.obj
 0001:00034ae7       ?doMemberTypes@UnDecorator@@SAHXZ 30035ae7 f i libvcruntime:undname.obj
 0001:00034af5       ?doNameOnly@UnDecorator@@SAHXZ 30035af5 f i libvcruntime:undname.obj
 0001:00034b00       ?doNoIdentCharCheck@UnDecorator@@SAHXZ 30035b00 f i libvcruntime:undname.obj
 0001:00034b0b       ?doPchar@DName@@AAEXPBDH@Z 30035b0b f   libvcruntime:undname.obj
 0001:00034b91       ?doPtr64@UnDecorator@@SAHXZ 30035b91 f i libvcruntime:undname.obj
 0001:00034b9f       ?doRestrictionSpec@UnDecorator@@SAHXZ 30035b9f f i libvcruntime:undname.obj
 0001:00034bad       ?doThisTypes@UnDecorator@@SAHXZ 30035bad f i libvcruntime:undname.obj
 0001:00034bbf       ?doThrowTypes@UnDecorator@@SAHXZ 30035bbf f i libvcruntime:undname.obj
 0001:00034bcd       ?doTypeOnly@UnDecorator@@SAHXZ 30035bcd f i libvcruntime:undname.obj
 0001:00034bd8       ?doUnderScore@UnDecorator@@SAHXZ 30035bd8 f i libvcruntime:undname.obj
 0001:00034be3       ?getArgumentList@UnDecorator@@CA?AVDName@@XZ 30035be3 f   libvcruntime:undname.obj
 0001:00034ce5       ?getArgumentTypes@UnDecorator@@CA?AVDName@@XZ 30035ce5 f   libvcruntime:undname.obj
 0001:00034dc9       ?getArrayType@UnDecorator@@CA?AVDName@@ABV2@@Z 30035dc9 f i libvcruntime:undname.obj
 0001:00034fbe       ?getBasedType@UnDecorator@@CA?AVDName@@XZ 30035fbe f   libvcruntime:undname.obj
 0001:00035058       ?getBasicDataType@UnDecorator@@CA?AVDName@@ABV2@@Z 30036058 f   libvcruntime:undname.obj
 0001:0003544f       ?getCallIndex@UnDecorator@@CA?AVDName@@XZ 3003644f f i libvcruntime:undname.obj
 0001:00035463       ?getCallingConvention@UnDecorator@@CA?AVDName@@XZ 30036463 f   libvcruntime:undname.obj
 0001:00035524       ?getDataIndirectType@UnDecorator@@CA?AVDName@@ABV2@PBD0H@Z 30036524 f   libvcruntime:undname.obj
 0001:00035b37       ?getDataIndirectType@UnDecorator@@CA?AVDName@@XZ 30036b37 f i libvcruntime:undname.obj
 0001:00035b6b       ?getDataType@UnDecorator@@CA?AVDName@@PAV2@@Z 30036b6b f   libvcruntime:undname.obj
 0001:00035c39       ?getDecoratedName@UnDecorator@@CA?AVDName@@XZ 30036c39 f   libvcruntime:undname.obj
 0001:00035e8d       ?getDimension@UnDecorator@@CA?AVDName@@_N@Z 30036e8d f   libvcruntime:undname.obj
 0001:00035fd0       ?getDispatchTarget@UnDecorator@@CA?AVDName@@XZ 30036fd0 f   libvcruntime:undname.obj
 0001:00036025       ?getDisplacement@UnDecorator@@CA?AVDName@@XZ 30037025 f i libvcruntime:undname.obj
 0001:00036039       ?getECSUDataType@UnDecorator@@CA?AVDName@@XZ 30037039 f   libvcruntime:undname.obj
 0001:00036151       ?getECSUName@UnDecorator@@CA?AVDName@@XZ 30037151 f i libvcruntime:undname.obj
 0001:00036162       ?getEnumType@UnDecorator@@CA?AVDName@@XZ 30037162 f i libvcruntime:undname.obj
 0001:00036256       ?getExtendedDataIndirectType@UnDecorator@@CA?AVDName@@AAPBDAA_NH@Z 30037256 f   libvcruntime:undname.obj
 0001:00036415       ?getExternalDataType@UnDecorator@@CA?AVDName@@ABV2@@Z 30037415 f i libvcruntime:undname.obj
 0001:00036487       ?getFunctionIndirectType@UnDecorator@@CA?AVDName@@ABV2@@Z 30037487 f   libvcruntime:undname.obj
 0001:000368a2       ?getGuardNumber@UnDecorator@@CA?AVDName@@XZ 300378a2 f i libvcruntime:undname.obj
 0001:000368b6       ?getLastChar@DName@@QBEDXZ 300378b6 f i libvcruntime:undname.obj
 0001:000368d5       ?getLastChar@DNameStatusNode@@UBEDXZ 300378d5 f i libvcruntime:undname.obj
 0001:000368e1       ?getLastChar@charNode@@UBEDXZ 300378e1 f i libvcruntime:undname.obj
 0001:000368e5       ?getLastChar@pDNameNode@@UBEDXZ 300378e5 f i libvcruntime:undname.obj
 0001:000368f3       ?getLastChar@pairNode@@UBEDXZ 300378f3 f i libvcruntime:undname.obj
 0001:00036926       ?getLastChar@pcharNode@@UBEDXZ 30037926 f i libvcruntime:undname.obj
 0001:00036938       ?getLexicalFrame@UnDecorator@@CA?AVDName@@XZ 30037938 f i libvcruntime:undname.obj
 0001:00036975       ?getMemory@_HeapManager@@QAEPAXIH@Z 30037975 f   libvcruntime:undname.obj
 0001:00036a03       ?getNumberOfDimensions@UnDecorator@@CAHXZ 30037a03 f   libvcruntime:undname.obj
 0001:00036a67       ?getOperatorName@UnDecorator@@CA?AVDName@@_NPA_N@Z 30037a67 f i libvcruntime:undname.obj
 0001:000370a3       ?getPointerType@UnDecorator@@CA?AVDName@@ABV2@0@Z 300380a3 f i libvcruntime:undname.obj
 0001:000370c1       ?getPointerTypeArray@UnDecorator@@CA?AVDName@@ABV2@0@Z 300380c1 f i libvcruntime:undname.obj
 0001:000370df       ?getPrimaryDataType@UnDecorator@@CA?AVDName@@ABV2@@Z 300380df f   libvcruntime:undname.obj
 0001:000372d0       ?getPtrRefDataType@UnDecorator@@CA?AVDName@@ABV2@H@Z 300382d0 f   libvcruntime:undname.obj
 0001:00037403       ?getPtrRefType@UnDecorator@@CA?AVDName@@ABV2@0PBD@Z 30038403 f   libvcruntime:undname.obj
 0001:000374ff       ?getReferenceType@UnDecorator@@CA?AVDName@@ABV2@0PBD@Z 300384ff f i libvcruntime:undname.obj
 0001:0003751b       ?getRestrictionSpec@UnDecorator@@CA?AVDName@@XZ 3003851b f   libvcruntime:undname.obj
 0001:000375fc       ?getReturnType@UnDecorator@@CA?AVDName@@PAV2@@Z 300385fc f   libvcruntime:undname.obj
 0001:0003762b       ?getScope@UnDecorator@@CA?AVDName@@XZ 3003862b f   libvcruntime:undname.obj
 0001:000379dd       ?getScopedName@UnDecorator@@CA?AVDName@@XZ 300389dd f   libvcruntime:undname.obj
 0001:00037ab9       ?getSignedDimension@UnDecorator@@CA?AVDName@@XZ 30038ab9 f   libvcruntime:undname.obj
 0001:00037b0c       ?getStorageConvention@UnDecorator@@CA?AVDName@@XZ 30038b0c f i libvcruntime:undname.obj
 0001:00037b1d       ?getString@DName@@QBEPADPAD0@Z 30038b1d f i libvcruntime:undname.obj
 0001:00037b49       ?getString@DName@@QBEPADPADH@Z 30038b49 f i libvcruntime:undname.obj
 0001:00037b9f       ?getString@DNameStatusNode@@UBEPADPAD0@Z 30038b9f f i libvcruntime:undname.obj
 0001:00037bc6       ?getString@charNode@@UBEPADPAD0@Z 30038bc6 f i libvcruntime:undname.obj
 0001:00037bdb       ?getString@pDNameNode@@UBEPADPAD0@Z 30038bdb f i libvcruntime:undname.obj
 0001:00037bf2       ?getString@pairNode@@UBEPADPAD0@Z 30038bf2 f i libvcruntime:undname.obj
 0001:00037c36       ?getString@pcharNode@@UBEPADPAD0@Z 30038c36 f i libvcruntime:undname.obj
 0001:00037c51       ?getStringEncoding@UnDecorator@@CA?AVDName@@PBDH@Z 30038c51 f   libvcruntime:undname.obj
 0001:00037d00       ?getStringHelper@@YAPADPADPBD1H@Z 30038d00 f i libvcruntime:undname.obj
 0001:00037d37       ?getSymbolName@UnDecorator@@CA?AVDName@@XZ 30038d37 f i libvcruntime:undname.obj
 0001:00037d7f       ?getTemplateArgumentList@UnDecorator@@CA?AVDName@@XZ 30038d7f f   libvcruntime:undname.obj
 0001:00038022       ?getTemplateConstant@UnDecorator@@CA?AVDName@@XZ 30039022 f   libvcruntime:undname.obj
 0001:00038372       ?getTemplateName@UnDecorator@@CA?AVDName@@_N@Z 30039372 f   libvcruntime:undname.obj
 0001:000384c9       ?getThisType@UnDecorator@@CA?AVDName@@XZ 300394c9 f i libvcruntime:undname.obj
 0001:000384fe       ?getThrowTypes@UnDecorator@@CA?AVDName@@XZ 300394fe f   libvcruntime:undname.obj
 0001:00038580       ?getTypeEncoding@UnDecorator@@CAHXZ 30039580 f i libvcruntime:undname.obj
 0001:00038880       ?getVCallThunkType@UnDecorator@@CA?AVDName@@XZ 30039880 f i libvcruntime:undname.obj
 0001:000388c7       ?getVbTableType@UnDecorator@@CA?AVDName@@ABV2@@Z 300398c7 f i libvcruntime:undname.obj
 0001:000388dc       ?getVdispMapType@UnDecorator@@CA?AVDName@@ABV2@@Z 300398dc f i libvcruntime:undname.obj
 0001:00038932       ?getVfTableType@UnDecorator@@CA?AVDName@@ABV2@@Z 30039932 f i libvcruntime:undname.obj
 0001:00038a8e       ?getZName@UnDecorator@@CA?AVDName@@_N0@Z 30039a8e f   libvcruntime:undname.obj
 0001:00038cc6       ?haveTemplateParameters@UnDecorator@@SAHXZ 30039cc6 f i libvcruntime:undname.obj
 0001:00038cd1       ?isArray@DName@@QBEHXZ     30039cd1 f i libvcruntime:undname.obj
 0001:00038cdb       ?isComArray@DName@@QBEHXZ  30039cdb f i libvcruntime:undname.obj
 0001:00038ce5       ?isEmpty@DName@@QBEHXZ     30039ce5 f i libvcruntime:undname.obj
 0001:00038ced       ?isFull@Replicator@@QBEHXZ 30039ced f i libvcruntime:undname.obj
 0001:00038cf6       ?isNoTE@DName@@QBEHXZ      30039cf6 f i libvcruntime:undname.obj
 0001:00038d00       ?isPinPtr@DName@@QBEHXZ    30039d00 f i libvcruntime:undname.obj
 0001:00038d0a       ?isPtrRef@DName@@QBEHXZ    30039d0a f i libvcruntime:undname.obj
 0001:00038d14       ?isUDC@DName@@QBEHXZ       30039d14 f i libvcruntime:undname.obj
 0001:00038d25       ?isUDTThunk@DName@@QBEHXZ  30039d25 f i libvcruntime:undname.obj
 0001:00038d36       ?isVCallThunk@DName@@QBEHXZ 30039d36 f i libvcruntime:undname.obj
 0001:00038d40       ?isValid@DName@@QBEHXZ     30039d40 f i libvcruntime:undname.obj
 0001:00038d4a       ?length@DName@@QBEHXZ      30039d4a f i libvcruntime:undname.obj
 0001:00038d68       ?length@DNameStatusNode@@UBEHXZ 30039d68 f i libvcruntime:undname.obj
 0001:00038d6c       ?length@charNode@@UBEHXZ   30039d6c f i libvcruntime:undname.obj
 0001:00038d70       ?length@pDNameNode@@UBEHXZ 30039d70 f i libvcruntime:undname.obj
 0001:00038d7e       ?length@pairNode@@UBEHXZ   30039d7e f i libvcruntime:undname.obj
 0001:00038dc8       ?length@pcharNode@@UBEHXZ  30039dc8 f i libvcruntime:undname.obj
 0001:00038dcc       ?make@DNameStatusNode@@SAPAV1@W4DNameStatus@@@Z 30039dcc f i libvcruntime:undname.obj
 0001:00038e54       ?setIsArray@DName@@QAEXXZ  30039e54 f i libvcruntime:undname.obj
 0001:00038e5c       ?setIsComArray@DName@@QAEXXZ 30039e5c f i libvcruntime:undname.obj
 0001:00038e64       ?setIsNoTE@DName@@QAEXXZ   30039e64 f i libvcruntime:undname.obj
 0001:00038e6c       ?setIsPinPtr@DName@@QAEXXZ 30039e6c f i libvcruntime:undname.obj
 0001:00038e74       ?setIsUDC@DName@@QAEXXZ    30039e74 f i libvcruntime:undname.obj
 0001:00038e81       ?setIsVCallThunk@DName@@QAEXXZ 30039e81 f i libvcruntime:undname.obj
 0001:00038e89       ?setPtrRef@DName@@QAEAAV1@XZ 30039e89 f i libvcruntime:undname.obj
 0001:00038e93       ?status@DName@@QBE?AW4DNameStatus@@XZ 30039e93 f i libvcruntime:undname.obj
 0001:00038eff       ___unDName                 30039eff f   libvcruntime:undname.obj
 0001:00038f95       ___unDNameEx               30039f95 f   libvcruntime:undname.obj
 0001:0003902a       __vsprintf_s_l             3003a02a f i libvcruntime:undname.obj
 0001:00039057       _sprintf_s                 3003a057 f i libvcruntime:undname.obj
 0001:00039073       ??$?RU__vcrt_ptd@@@__crt_internal_free_policy@@QBEXQBU__vcrt_ptd@@@Z 3003a073 f i libvcruntime:per_thread_data.obj
 0001:00039083       ??0?$__crt_unique_heap_ptr@U__vcrt_ptd@@U__crt_internal_free_policy@@@@QAE@QAU__vcrt_ptd@@@Z 3003a083 f i libvcruntime:per_thread_data.obj
 0001:000390a0       ??1?$__crt_unique_heap_ptr@U__vcrt_ptd@@U__crt_internal_free_policy@@@@QAE@XZ 3003a0a0 f i libvcruntime:per_thread_data.obj
 0001:000390b9       ??B?$__crt_unique_heap_ptr@U__vcrt_ptd@@U__crt_internal_free_policy@@@@QBE_NXZ 3003a0b9 f i libvcruntime:per_thread_data.obj
 0001:000390c0       ?detach@?$__crt_unique_heap_ptr@U__vcrt_ptd@@U__crt_internal_free_policy@@@@QAEPAU__vcrt_ptd@@XZ 3003a0c0 f i libvcruntime:per_thread_data.obj
 0001:000390c6       ?get@?$__crt_unique_heap_ptr@U__vcrt_ptd@@U__crt_internal_free_policy@@@@QBEPAU__vcrt_ptd@@XZ 3003a0c6 f i libvcruntime:per_thread_data.obj
 0001:000390c9       ?is_valid@?$__crt_unique_heap_ptr@U__vcrt_ptd@@U__crt_internal_free_policy@@@@QBE_NXZ 3003a0c9 f i libvcruntime:per_thread_data.obj
 0001:000390d0       ?release@?$__crt_unique_heap_ptr@U__vcrt_ptd@@U__crt_internal_free_policy@@@@QAEXXZ 3003a0d0 f i libvcruntime:per_thread_data.obj
 0001:000390fa       ___vcrt_freefls@4          3003a0fa f   libvcruntime:per_thread_data.obj
 0001:00039116       ___vcrt_freeptd            3003a116 f   libvcruntime:per_thread_data.obj
 0001:0003914c       ___vcrt_getptd             3003a14c f   libvcruntime:per_thread_data.obj
 0001:0003915a       ___vcrt_getptd_noexit      3003a15a f   libvcruntime:per_thread_data.obj
 0001:000391ec       ___vcrt_getptd_noinit      3003a1ec f   libvcruntime:per_thread_data.obj
 0001:00039223       ___vcrt_initialize_ptd     3003a223 f   libvcruntime:per_thread_data.obj
 0001:00039256       ___vcrt_uninitialize_ptd   3003a256 f   libvcruntime:per_thread_data.obj
 0001:00039271       ___vcrt_initialize_locks   3003a271 f   libvcruntime:locks.obj
 0001:000392ad       ___vcrt_lock               3003a2ad f   libvcruntime:locks.obj
 0001:000392c2       ___vcrt_uninitialize_locks 3003a2c2 f   libvcruntime:locks.obj
 0001:000392f1       ___vcrt_unlock             3003a2f1 f   libvcruntime:locks.obj
 0001:00039306       ??$?BX@__crt_fast_encoded_nullptr_t@@QBEPAXXZ 3003a306 f i libvcruntime:winapi_downlevel.obj
 0001:0003931e       ??$__crt_fast_decode_pointer@PAX@@YAPAXQAX@Z 3003a31e f i libvcruntime:winapi_downlevel.obj
 0001:00039332       ??$__crt_fast_encode_pointer@PAX@@YAPAXQAX@Z 3003a332 f i libvcruntime:winapi_downlevel.obj
 0001:0003934f       ??$__crt_interlocked_exchange_pointer@UHINSTANCE__@@PAU1@@@YAPAUHINSTANCE__@@PDSAU0@QAU0@@Z 3003a34f f i libvcruntime:winapi_downlevel.obj
 0001:0003935c       ??$__crt_interlocked_exchange_pointer@UHINSTANCE__@@PAX@@YAPAUHINSTANCE__@@PDSAU0@QAX@Z 3003a35c f i libvcruntime:winapi_downlevel.obj
 0001:00039369       ??$__crt_interlocked_exchange_pointer@XPAX@@YAPAXPDSAXQAX@Z 3003a369 f i libvcruntime:winapi_downlevel.obj
 0001:00039376       ??$__crt_interlocked_read_pointer@UHINSTANCE__@@@@YAPAUHINSTANCE__@@PDSAU0@@Z 3003a376 f i libvcruntime:winapi_downlevel.obj
 0001:00039380       ??$__crt_interlocked_read_pointer@X@@YAPAXPDSAX@Z 3003a380 f i libvcruntime:winapi_downlevel.obj
 0001:0003938a       ?__crt_fast_encode_pointer@@YA?AU__crt_fast_encoded_nullptr_t@@$$T@Z 3003a38a f i libvcruntime:winapi_downlevel.obj
 0001:00039633       ___vcrt_FlsAlloc           3003a633 f   libvcruntime:winapi_downlevel.obj
 0001:0003966d       ___vcrt_FlsFree            3003a66d f   libvcruntime:winapi_downlevel.obj
 0001:000396a7       ___vcrt_FlsGetValue        3003a6a7 f   libvcruntime:winapi_downlevel.obj
 0001:000396e1       ___vcrt_FlsSetValue        3003a6e1 f   libvcruntime:winapi_downlevel.obj
 0001:0003971e       ___vcrt_InitializeCriticalSectionEx 3003a71e f   libvcruntime:winapi_downlevel.obj
 0001:00039764       ___vcrt_initialize_winapi_thunks 3003a764 f   libvcruntime:winapi_downlevel.obj
 0001:0003979e       ___vcrt_uninitialize_winapi_thunks 3003a79e f   libvcruntime:winapi_downlevel.obj
 0001:000397d0       ??$?B$$A6AXXZ@__crt_fast_encoded_nullptr_t@@QBEP6AXXZXZ 3003a7d0 f i libvcruntime:purevirt_data.obj
 0001:000397e8       ??$__crt_fast_encode_pointer@P6AXXZ@@YAP6AXXZQ6AXXZ@Z 3003a7e8 f i libvcruntime:purevirt_data.obj
 0001:00039805       ___vcrt_initialize_pure_virtual_call_handler 3003a805 f   libvcruntime:purevirt_data.obj
 0001:00039830       __global_unwind2           3003a830 f   libvcruntime:_exsup_.obj
 0001:00039896       __local_unwind2            3003a896 f   libvcruntime:_exsup_.obj
 0001:0003991a       __abnormal_termination     3003a91a f   libvcruntime:_exsup_.obj
[...]
 0002:00012178       __sehtable$??$?RV<lambda_82aef432098b982f9ede325b418aa67a>@@AAV<lambda_862e9a3f04921db6ca1ce3faa2bf3edf>@@V<lambda_ffabc152e504b53d7492b9889b10c020>@@@?$__crt_seh_guarded_call@X@@QAEX$$QAV<lambda_82aef432098b982f9ede325b418aa67a>@@AAV<lambda_862e9a3f04921db6ca1ce3faa2bf3edf>@@$$QAV<lambda_ffabc152e504b53d7492b9889b10c020>@@@Z 30087178     libucrt:wsetlocale.obj
 0002:00012198       __sehtable$??$?RV<lambda_6673f7c4c09a5d469d0c27ae364621ce>@@AAV<lambda_ebab98244f73a74f49db879bf13fa982>@@V<lambda_be20789b7a146653eab82509ec35b419>@@@?$__crt_seh_guarded_call@X@@QAEX$$QAV<lambda_6673f7c4c09a5d469d0c27ae364621ce>@@AAV<lambda_ebab98244f73a74f49db879bf13fa982>@@$$QAV<lambda_be20789b7a146653eab82509ec35b419>@@@Z 30087198     libucrt:wsetlocale.obj
 0002:000121b8       __sehtable$??$?RV<lambda_303d0ad9bde654cb3f803a73716ce7a4>@@AAV<lambda_92fe181106aff629c9a2e25713a64969>@@V<lambda_184325e10b6cff6f771390cbceab281b>@@@?$__crt_seh_guarded_call@X@@QAEX$$QAV<lambda_303d0ad9bde654cb3f803a73716ce7a4>@@AAV<lambda_92fe181106aff629c9a2e25713a64969>@@$$QAV<lambda_184325e10b6cff6f771390cbceab281b>@@@Z 300871b8     libucrt:wsetlocale.obj
 0002:000121d8       __sehtable$??$?RV<lambda_38c1253c7a74f5d2d430989951395d98>@@AAV<lambda_b163b37eafe0a13f2c371fafeb0365c9>@@AAV<lambda_8dff2cf36a5417162780cd64fa2883ef>@@@?$__crt_seh_guarded_call@X@@QAEX$$QAV<lambda_38c1253c7a74f5d2d430989951395d98>@@AAV<lambda_b163b37eafe0a13f2c371fafeb0365c9>@@AAV<lambda_8dff2cf36a5417162780cd64fa2883ef>@@@Z 300871d8     libucrt:wsetlocale.obj
 0002:000121f8       __sehtable$_fputwc         300871f8     libucrt:fputwc.obj
 0002:00012218       __sehtable$_fputc          30087218     libucrt:fputc.obj
 0002:00012238       __sehtable$___acrt_initialize_lowio 30087238     libucrt:ioinit.obj
 0002:00012258       __sehtable$?update_thread_multibyte_data_internal@@YAPAU__crt_multibyte_data@@QAU__acrt_ptd@@QAU1@@Z 30087258     libucrt:mbctype.obj
 0002:00012278       __sehtable$??$?RV<lambda_ceb1ee4838e85a9d631eb091e2fbe199>@@AAV<lambda_ae742caa10f662c28703da3d2ea5e57e>@@V<lambda_cd08b5d6af4937fe54fc07d0c9bf6b37>@@@?$__crt_seh_guarded_call@X@@QAEX$$QAV<lambda_ceb1ee4838e85a9d631eb091e2fbe199>@@AAV<lambda_ae742caa10f662c28703da3d2ea5e57e>@@$$QAV<lambda_cd08b5d6af4937fe54fc07d0c9bf6b37>@@@Z 30087278     libucrt:mbctype.obj
 0002:00012298       __sehtable$??$?RV<lambda_93797fb4802c957ba6a7f08e1250235b>@@AAV<lambda_1f3ce6bd48e0aa2e72a71c02eee379d3>@@V<lambda_56cae30c9364c9b6c15aeaac05d0418e>@@@?$__crt_seh_guarded_call@H@@QAEH$$QAV<lambda_93797fb4802c957ba6a7f08e1250235b>@@AAV<lambda_1f3ce6bd48e0aa2e72a71c02eee379d3>@@$$QAV<lambda_56cae30c9364c9b6c15aeaac05d0418e>@@@Z 30087298     libucrt:winapi_thunks.obj
 0002:000122b8       __sehtable$__query_new_handler 300872b8     libucrt:new_handler.obj
 0002:000122d8       __sehtable$__set_new_handler 300872d8     libucrt:new_handler.obj
 0002:000122f8       __sehtable$_signal         300872f8     libucrt:signal.obj
 0002:00012318       __sehtable$_raise          30087318     libucrt:signal.obj
 0002:00012338       __sehtable$?ctrlevent_capture@@YGHK@Z 30087338     libucrt:signal.obj
 0002:00012358       __sehtable$??$?RV<lambda_cbab9ec6f41b0180b23cc171c22676b0>@@AAV<lambda_44731a7d0e6d81c3e6aa82d741081786>@@V<lambda_4b292cb8dd18144e164572427af410ab>@@@?$__crt_seh_guarded_call@P6AXH@Z@@QAEP6AXH@Z$$QAV<lambda_cbab9ec6f41b0180b23cc171c22676b0>@@AAV<lambda_44731a7d0e6d81c3e6aa82d741081786>@@$$QAV<lambda_4b292cb8dd18144e164572427af410ab>@@@Z 30087358     libucrt:signal.obj
 0002:00012378       __sehtable$___acrt_update_thread_locale_data 30087378     libucrt:locale_refcounting.obj
 0002:00012398       __sehtable$__fcloseall     30087398     libucrt:closeall.obj
 0002:000123b8       __sehtable$??$?RV<lambda_2866be3712abc81a800a822484c830d8>@@AAV<lambda_39ca0ed439415581b5b15c265174cece>@@V<lambda_2b24c74d71094a6cd0cb82e44167d71b>@@@?$__crt_seh_guarded_call@X@@QAEX$$QAV<lambda_2866be3712abc81a800a822484c830d8>@@AAV<lambda_39ca0ed439415581b5b15c265174cece>@@$$QAV<lambda_2b24c74d71094a6cd0cb82e44167d71b>@@@Z 300873b8     libucrt:fflush.obj
 0002:000123d8       __sehtable$??$?RV<lambda_2cc53f568c5a2bb6f192f930a45d44ea>@@AAV<lambda_ab61a845afdef5b7c387490eaf3616ee>@@V<lambda_c2ffc0b7726aa6be21d5f0026187e748>@@@?$__crt_seh_guarded_call@X@@QAEX$$QAV<lambda_2cc53f568c5a2bb6f192f930a45d44ea>@@AAV<lambda_ab61a845afdef5b7c387490eaf3616ee>@@$$QAV<lambda_c2ffc0b7726aa6be21d5f0026187e748>@@@Z 300873d8     libucrt:fflush.obj
 0002:000123f8       __sehtable$??$?RV<lambda_6d20deecaf4856105ebacbad442d1079>@@AAV<lambda_9a32fed5bf61b6b509b2d3f6003082a1>@@V<lambda_63ea2239ed67c638ddbae41947fdf875>@@@?$__crt_seh_guarded_call@H@@QAEH$$QAV<lambda_6d20deecaf4856105ebacbad442d1079>@@AAV<lambda_9a32fed5bf61b6b509b2d3f6003082a1>@@$$QAV<lambda_63ea2239ed67c638ddbae41947fdf875>@@@Z 300873f8     libucrt:fflush.obj
 0002:00012418       __sehtable$__open_osfhandle 30087418     libucrt:osfinfo.obj
 0002:00012438       __sehtable$__alloc_osfhnd  30087438     libucrt:osfinfo.obj
 0002:00012458       __sehtable$___acrt_lowio_ensure_fh_exists 30087458     libucrt:osfinfo.obj
 0002:00012478       __sehtable$___set_fpsr_sse2 30087478     libucrt:fpctrl.obj
 0002:00012498       __sehtable$__write         30087498     libucrt:write.obj
 0002:000124b8       __sehtable$??$common_lseek@J@@YAJHJH@Z 300874b8     libucrt:lseek.obj
 0002:000124d8       __sehtable$??$common_lseek@_J@@YA_JH_JH@Z 300874d8     libucrt:lseek.obj
 0002:000124f8       __sehtable$_fclose         300874f8     libucrt:fclose.obj
 0002:00012518       __sehtable$??$?RV<lambda_9e9de3de5fa147e2223d7db92bc10aa6>@@AAV<lambda_38ce7e780aa69e748d6df282ebc68efe>@@V<lambda_8ca6da459f0f6780f1cff60fdc3d00e5>@@@?$__crt_seh_guarded_call@H@@QAEH$$QAV<lambda_9e9de3de5fa147e2223d7db92bc10aa6>@@AAV<lambda_38ce7e780aa69e748d6df282ebc68efe>@@$$QAV<lambda_8ca6da459f0f6780f1cff60fdc3d00e5>@@@Z 30087518     libucrt:commit.obj
 0002:00012538       __sehtable$??$?RV<lambda_f828341fbe69b7c0d4c527b01f22877f>@@AAV<lambda_9e0b6ab72a5b3ae37ad997d08b519f50>@@V<lambda_f01deac0a8d65d6e0411edf7e0af5775>@@@?$__crt_seh_guarded_call@G@@QAEG$$QAV<lambda_f828341fbe69b7c0d4c527b01f22877f>@@AAV<lambda_9e0b6ab72a5b3ae37ad997d08b519f50>@@$$QAV<lambda_f01deac0a8d65d6e0411edf7e0af5775>@@@Z 30087538     libucrt:putwch.obj
 0002:00012558       __sehtable$??$?RV<lambda_218ce3db14220d0be481dae8ef3383b6>@@AAV<lambda_628dfdc04ba53c8bfc02c9951375f3f5>@@V<lambda_57dc472bd5c9d5f3b2cbca59b8a843ae>@@@?$__crt_seh_guarded_call@H@@QAEH$$QAV<lambda_218ce3db14220d0be481dae8ef3383b6>@@AAV<lambda_628dfdc04ba53c8bfc02c9951375f3f5>@@$$QAV<lambda_57dc472bd5c9d5f3b2cbca59b8a843ae>@@@Z 30087558     libucrt:close.obj
 0002:00012578       __sehtable$?__acrt_stdio_allocate_stream@@YA?AV__crt_stdio_stream@@XZ 30087578     libucrt:stream.obj
 0002:00012598       __sehtable$__IsNonwritableInCurrentImage 30087598     LIBCMT:pesect.obj
 0002:000125c0       .edata                     300875c0     cgamex86.exp
 0002:000125e8       rgpv                       300875e8     cgamex86.exp
 0002:000125f0       rgszName                   300875f0     cgamex86.exp
 0002:000125f8       rgwOrd                     300875f8     cgamex86.exp
 0002:000125fc       szName                     300875fc     cgamex86.exp
 0002:00012609       $N00001                    30087609     cgamex86.exp
 0002:00012612       $N00002                    30087612     cgamex86.exp
 0002:00012da6       .idata$6                   30087da6     kernel32:KERNEL32.dll
 0003:00001878       _g_bindings                30089878     ui_shared.obj
 0003:00001ec0       ?staticNULL@?1??String_Alloc@@9@9 30089ec0     ui_shared.obj
 0003:00001ec8       _commands                  30089ec8     cg_consolecmds.obj
 0003:00001f80       ?colors@?1??CG_DrawStatusBar@@9@9 30089f80     cg_draw.obj
 0003:00001fc0       ?colors@?1??CG_DrawPowerups@@9@9 30089fc0     cg_draw.obj
 0003:00001fe8       ?red@?1??CG_TeamColor@@9@9 30089fe8     cg_drawtools.obj
 0003:00001ff8       ?blue@?1??CG_TeamColor@@9@9 30089ff8     cg_drawtools.obj
 0003:00002008       ?other@?1??CG_TeamColor@@9@9 3008a008     cg_drawtools.obj
 0003:00002018       ?spectator@?1??CG_TeamColor@@9@9 3008a018     cg_drawtools.obj
 0003:00002028       _propMap                   3008a028     cg_drawtools.obj
 0003:00002628       _propMapB                  3008a628     cg_drawtools.obj
 0003:00002760       ?seed@?1??CG_SmokePuff@@9@9 3008a760     cg_effects.obj
 0003:00002770       _cvarTable                 3008a770     cg_main.obj
 0003:00002d10       _cvarTableSize             3008ad10     cg_main.obj
 0003:00002d14       ?sb_nums@?1??CG_RegisterGraphics@@9@9 3008ad14     cg_main.obj
 0003:00002d48       _shaderAnimNames           3008ad48     cg_marks.obj
 0003:00002dc8       _shaderAnimCounts          3008adc8     cg_marks.obj
 0003:00002e48       _shaderAnimSTRatio         3008ae48     cg_marks.obj
 0003:00002f48       ?movementOffsets@?1??CG_PlayerAngles@@9@9 3008af48     cg_players.obj
 0003:00002f68       _syscall                   3008af68     cg_syscalls.obj
 0003:00002f6c       ?mins@?1??CG_OffsetThirdPersonView@@9@9 3008af6c     cg_view.obj
 0003:00002f78       ?maxs@?1??CG_OffsetThirdPersonView@@9@9 3008af78     cg_view.obj
 0003:00002fb0       ?__vcrt_flsindex@@3KA      3008afb0     libvcruntime:per_thread_data.obj
 0003:00002fd0       ?global_msvcrt_heap_handle_cache@?1??__acrt_get_msvcrt_heap_handle@@9@4PAXA 3008afd0     libucrt:free_base.obj
 0003:00002fe0       ?errno_no_memory@@3HA      3008afe0     libucrt:errno.obj
 0003:00002fe4       ?doserrno_no_memory@@3KA   3008afe4     libucrt:errno.obj
 0003:00002ff0       ?__acrt_flsindex@@3KA      3008aff0     libucrt:per_thread_data.obj
 0003:00002ff4       __ctype_loc_style          3008aff4     libucrt:wsetlocale.obj
 0003:000033c0       __mbctypes                 3008b3c0     libucrt:mbctype.obj
 0003:000034c8       __mbcasemaps               3008b4c8     libucrt:mbctype.obj
 0003:000035c8       ?__rgctypeflag@@3PADA      3008b5c8     libucrt:mbctype.obj
 0003:000035d0       ?__rgcode_page_info@@3PAUcode_page_info@@A 3008b5d0     libucrt:mbctype.obj
 0003:00003724       ?__DAZ_ENABLED@?1??__set_fpsr_sse2@@9@9 3008b724     libucrt:fpctrl.obj
 0003:00003730       ?__dcrt_lowio_console_output_handle@@3PAXA 3008b730     libucrt:initcon.obj
 0003:00003810       ?bops_initialized@?1??BoxOnPlaneSide@@9@9 3008b810     q_math.obj
 0003:00003814       ?Ljmptab@?1??BoxOnPlaneSide@@9@9 3008b814     q_math.obj
 0003:00003834       ?sr@?1??AngleVectors@@9@9  3008b834     q_math.obj
 0003:00003838       ?sp@?1??AngleVectors@@9@9  3008b838     q_math.obj
 0003:0000383c       ?sy@?1??AngleVectors@@9@9  3008b83c     q_math.obj
 0003:00003840       ?cr@?1??AngleVectors@@9@9  3008b840     q_math.obj
 0003:00003844       ?cp@?1??AngleVectors@@9@9  3008b844     q_math.obj
 0003:00003848       ?cy@?1??AngleVectors@@9@9  3008b848     q_math.obj
 0003:00003850       _com_token                 3008b850     q_shared.obj
 0003:00003c50       _com_parsename             3008bc50     q_shared.obj
 0003:00004050       _com_lines                 3008c050     q_shared.obj
 0003:00004054       ?index@?1??va@@9@9         3008c054     q_shared.obj
 0003:00004058       ?string@?1??COM_ParseError@@9@9 3008c058     q_shared.obj
 0003:00005058       ?string@?1??COM_ParseWarning@@9@9 3008d058     q_shared.obj
 0003:00006058       ?string@?1??va@@9@9        3008e058     q_shared.obj
 0003:00015a58       ?value@?1??Info_ValueForKey@@9@9 3009da58     q_shared.obj
 0003:00019a58       ?valueindex@?1??Info_ValueForKey@@9@9 300a1a58     q_shared.obj
 0003:00019a6c       _scrollInfo                300a1a6c     ui_shared.obj
 0003:00019a8c       _captureFunc               300a1a8c     ui_shared.obj
 0003:00019a90       _captureData               300a1a90     ui_shared.obj
 0003:00019a94       _itemCapture               300a1a94     ui_shared.obj
 0003:00019a98       _g_waitingForKey           300a1a98     ui_shared.obj
 0003:00019a9c       _g_editingField            300a1a9c     ui_shared.obj
 0003:00019aa0       _g_bindItem                300a1aa0     ui_shared.obj
 0003:00019aa4       _g_editItem                300a1aa4     ui_shared.obj
 0003:00019aa8       _debugMode                 300a1aa8     ui_shared.obj
 0003:00019aac       _lastListBoxClickTime      300a1aac     ui_shared.obj
 0003:00019ab0       _memoryPool                300a1ab0     ui_shared.obj
 0003:00119ab0       _allocPoint                301a1ab0     ui_shared.obj
 0003:00119ab4       _outOfMemory               301a1ab4     ui_shared.obj
 0003:00119ab8       _strPoolIndex              301a1ab8     ui_shared.obj
 0003:00119abc       _strHandleCount            301a1abc     ui_shared.obj
 0003:00119ac0       _strPool                   301a1ac0     ui_shared.obj
 0003:00179ac0       _strHandle                 30201ac0     ui_shared.obj
 0003:0017bac0       ?string@?1??PC_SourceWarning@@9@9 30203ac0     ui_shared.obj
 0003:0017cac0       ?string@?1??PC_SourceError@@9@9 30204ac0     ui_shared.obj
 0003:0017dac0       ?rect@?1??Item_CorrectedTextRect@@9@9 30205ac0     ui_shared.obj
 0003:0017dad0       ?inHandleKey@?9??Menu_HandleKey@@9@9 30205ad0     ui_shared.obj
 0003:0017dad4       ?previousTimes@?1??CG_DrawFPS@@9@9 30205ad4     cg_draw.obj
 0003:0017dae4       ?index@?1??CG_DrawFPS@@9@9 30205ae4     cg_draw.obj
 0003:0017dae8       ?previous@?1??CG_DrawFPS@@9@9 30205ae8     cg_draw.obj
 0003:0017daec       ?color@?1??CG_FadeColor@@9@9 30205aec     cg_drawtools.obj
 0003:0017dafc       ?lastPos@?1??CG_ScorePlum@@9@9 30205afc     cg_effects.obj
 0003:0017db08       ?str@?1??CG_PlaceString@@9@9 30205b08     cg_event.obj
 0003:0017db48       _loadingPlayerIconCount    30205b48     cg_info.obj
 0003:0017db4c       _loadingItemIconCount      30205b4c     cg_info.obj
 0003:0017db50       _loadingPlayerIcons        30205b50     cg_info.obj
 0003:0017db90       _loadingItemIcons          30205b90     cg_info.obj
 0003:0017dbf8       ?buffer@?1??CG_Argv@@9@9   30205bf8     cg_main.obj
 0003:0017dffc       _markTotal                 30205ffc     cg_marks.obj
 0003:0017e000       _shaderAnims               30206000     cg_marks.obj
 0003:00180000       _numShaderAnims            30208000     cg_marks.obj
 0003:00180004       _roll                      30208004     cg_marks.obj
 0003:00180008       _cg_pmove                  30208008     cg_predict.obj
 0003:001800f0       _cg_numSolidEntities       302080f0     cg_predict.obj
 0003:001800f4       _cg_numTriggerEntities     302080f4     cg_predict.obj
 0003:001800f8       _cg_solidEntities          302080f8     cg_predict.obj
 0003:001804f8       _cg_triggerEntities        302084f8     cg_predict.obj
 0003:001808f8       _localClient               302088f8     cg_scoreboard.obj
 0003:00180900       _GS_ExceptionRecord        30208900     LIBCMT:gs_report.obj
 0003:00180950       _GS_ContextRecord          30208950     LIBCMT:gs_report.obj
 0003:00180c1c       ?__proc_attached@@3HA      30208c1c     LIBCMT:dll_dllmain.obj
 0003:00180c40       ?module_local_atexit_table@@3U_onexit_table_t@@A 30208c40     LIBCMT:utility.obj
 0003:00180c4c       ?module_local_at_quick_exit_table@@3U_onexit_table_t@@A 30208c4c     LIBCMT:utility.obj
 0003:00180c58       ?module_local_atexit_table_initialized@@3_NA 30208c58     LIBCMT:utility.obj
 0003:00180c59       ?is_initialized_as_dll@@3_NA 30208c59     LIBCMT:utility.obj
 0003:00180c90       ?heap@@3V_HeapManager@@A   30208c90     libvcruntime:undname.obj
 0003:00180cd8       ?__vcrt_startup_thread_ptd@@3U__vcrt_ptd@@A 30208cd8     libvcruntime:per_thread_data.obj
 0003:00180d00       ___vcrt_lock_table         30208d00     libvcruntime:locks.obj
 0003:00180d18       ___vcrt_locks_initialized  30208d18     libvcruntime:locks.obj
 0003:00180d1c       ?module_handles@@3PAPAUHINSTANCE__@@A 30208d1c     libvcruntime:winapi_downlevel.obj
 0003:00180d28       ?encoded_function_pointers@@3PAPAXA 30208d28     libvcruntime:winapi_downlevel.obj
 0003:00180d40       ?c_termination_complete@@3JA 30208d40     libucrt:exit.obj
 0003:00180d44       ?thread_local_exit_callback_func@@3P6GXPAXK0@ZA 30208d44     libucrt:exit.obj
 0003:00180d50       ?program_name@?1???$common_configure_argv@D@@YAHW4_crt_argv_mode@@@Z@4PADA 30208d50     libucrt:argv_parsing.obj
 0003:00180e58       ?program_name@?1???$common_configure_argv@_W@@YAHW4_crt_argv_mode@@@Z@4PA_WA 30208e58     libucrt:argv_parsing.obj
 0003:0018108c       __pmatherr_set             3020908c     libucrt:libm_error.obj
 0003:00181090       ?__acrt_invalid_parameter_handler@@3V?$dual_state_global@P6AXPB_W00II@Z@__crt_state_management@@A 30209090     libucrt:invalid_parameter.obj
 0003:001810a8       ?enable_percent_n@@3IA     302090a8     libucrt:printf_count_output.obj
 0003:001812c0       ?__acrt_lock_table@@3PAU_RTL_CRITICAL_SECTION@@A 302092c0     libucrt:locks.obj
 0003:00181410       ?__acrt_locks_initialized@@3IA 30209410     libucrt:locks.obj
 0003:00181414       ?state_cache@?1???$get_cached_win_policy@Ubegin_thread_init_policy_properties@?1??__acrt_get_begin_thread_init_policy@@YA?AW4begin_thread_init_policy@@XZ@@@YA?AW4begin_thread_init_policy@@W4AppPolicyThreadInitializationType@@@Z@4JA 30209414     libucrt:win_policies.obj
 0003:00181418       ?state_cache@?1???$get_cached_win_policy@Udeveloper_information_policy_properties@?1??__acrt_get_developer_information_policy@@YA?AW4developer_information_policy@@XZ@@@YA?AW4developer_information_policy@@W4AppPolicyShowDeveloperDiagnostic@@@Z@4JA 30209418     libucrt:win_policies.obj
 0003:0018141c       ?state_cache@?1???$get_cached_win_policy@Uwindowing_model_policy_properties@?1??__acrt_get_windowing_model_policy@@YA?AW4windowing_model_policy@@XZ@@@YA?AW4windowing_model_policy@@W4AppPolicyWindowingModel@@@Z@4JA 3020941c     libucrt:win_policies.obj
 0003:0018142c       ?fSystemSet@@3HA           3020942c     libucrt:mbctype.obj
 0003:00181430       ?initialized@?1??__acrt_initialize_multibyte@@9@4_NA 30209430     libucrt:mbctype.obj
 0003:00181450       ?module_handles@@3PAPAUHINSTANCE__@@A 30209450     libucrt:winapi_thunks.obj
 0003:001814a0       ?encoded_function_pointers@@3PAPAXA 302094a0     libucrt:winapi_thunks.obj
 0003:00181528       ?static_enum_proc@?1??enum_system_locales_ex_nolock@@YAHQ6GHPA_WKJ@Z@Z@4P6GH0KJ@ZA 30209528     libucrt:winapi_thunks.obj
 0003:00181530       ?__acrt_new_handler@@3V?$dual_state_global@P6AHI@Z@__crt_state_management@@A 30209530     libucrt:new_handler.obj
 0003:00181534       ?console_ctrl_handler_installed@@3_NA 30209534     libucrt:signal.obj
 0003:00181538       ?ctrlc_action@@3V?$dual_state_global@P6AXH@Z@__crt_state_management@@A 30209538     libucrt:signal.obj
 0003:0018153c       ?ctrlbreak_action@@3V?$dual_state_global@P6AXH@Z@__crt_state_management@@A 3020953c     libucrt:signal.obj
 0003:00181540       ?abort_action@@3V?$dual_state_global@P6AXH@Z@__crt_state_management@@A 30209540     libucrt:signal.obj
 0003:00181544       ?term_action@@3V?$dual_state_global@P6AXH@Z@__crt_state_management@@A 30209544     libucrt:signal.obj
 0003:00181548       ?user_matherr@@3V?$dual_state_global@P6AHPAU_exception@@@Z@__crt_state_management@@A 30209548     libucrt:matherr.obj
 0003:0018154c       ?__acrt_global_new_mode@@3V?$dual_state_global@J@__crt_state_management@@A 3020954c     libucrt:new_mode.obj
 0003:0018155c       ?__acrt_app_type@@3W4_crt_app_type@@A 3020955c     libucrt:report_runtime_error.obj
 0003:00181560       ?outmsg@?9??__acrt_report_runtime_error@@9@4PA_WA 30209560     libucrt:report_runtime_error.obj
 0003:00181b88       ___acrt_error_mode         30209b88     libucrt:set_error_mode.obj
 0004:00000060       $R000000                   3059e060     * linker generated manifest res *
