 uix86

 Timestamp is 5a052d1a (Thu Nov  9 22:37:46 2017)

 Preferred load address is 40000000

 Start         Length     Name                   Class
 0001:00000000 00060132H .text$mn                CODE
 0002:00000000 0000014cH .idata$5                DATA
 0002:0000014c 00000004H .00cfg                  DATA
 0002:00000150 00000004H .CRT$XCA                DATA
 0002:00000154 00000004H .CRT$XCZ                DATA
 0002:00000158 00000004H .CRT$XIA                DATA
 0002:0000015c 0000000cH .CRT$XIC                DATA
 0002:00000168 00000004H .CRT$XIZ                DATA
 0002:0000016c 00000004H .CRT$XPA                DATA
 0002:00000170 00000008H .CRT$XPX                DATA
 0002:00000178 00000004H .CRT$XPXA               DATA
 0002:0000017c 00000004H .CRT$XPZ                DATA
 0002:00000180 00000004H .CRT$XTA                DATA
 0002:00000184 0000000cH .CRT$XTZ                DATA
 0002:00000188 00000000H .gfids$y                DATA
 0002:00000190 0000ded0H .rdata                  DATA
 0002:0000e060 00000210H .rdata$r                DATA
 0002:0000e270 0000000cH .rdata$sxdata           DATA
 0002:0000e27c 00000314H .rdata$zzzdbg           DATA
 0002:0000e590 00000004H .rtc$IAA                DATA
 0002:0000e594 00000004H .rtc$IZZ                DATA
 0002:0000e598 00000004H .rtc$TAA                DATA
 0002:0000e59c 00000004H .rtc$TZZ                DATA
 0002:0000e5a0 00000730H .xdata$x                DATA
 0002:0000ecd0 00000058H .edata                  DATA
 0002:0000ed28 00000014H .idata$2                DATA
 0002:0000ed3c 00000014H .idata$3                DATA
 0002:0000ed50 0000014cH .idata$4                DATA
 0002:0000ee9c 00000624H .idata$6                DATA
 0003:00000000 00002ca0H .data                   DATA
 0003:00002ca0 000000c0H .data$r                 DATA
 0003:00002d60 001bbd54H .bss                    DATA
 0004:00000000 00000060H .rsrc$01                DATA
 0004:00000060 00000180H .rsrc$02                DATA

  Address         Publics by Value              Rva+Base       Lib:Object

 0000:00000000       ___dynamic_value_reloc_table 00000000     <absolute>
 0000:00000000       ___guard_longjmp_count     00000000     <absolute>
 0000:00000000       ___guard_iat_count         00000000     <absolute>
 0000:00000000       __except_list              00000000     <absolute>
 0000:00000000       ___hybrid_code_map_count   00000000     <absolute>
 0000:00000000       ___guard_longjmp_table     00000000     <absolute>
 0000:00000000       ___guard_iat_table         00000000     <absolute>
 0000:00000000       ___hybrid_code_map         00000000     <absolute>
 0000:00000000       ___enclave_config          00000000     <absolute>
 0000:00000000       ___hybrid_auxiliary_iat    00000000     <absolute>
 0000:00000000       ___guard_fids_count        00000000     <absolute>
 0000:00000000       ___guard_fids_table        00000000     <absolute>
 0000:00000003       ___safe_se_handler_count   00000003     <absolute>
 0000:00000100       ___guard_flags             00000100     <absolute>
 0000:00000000       ___ImageBase               40000000     <linker-defined>
 0001:00000000       _BG_AddPredictableEventToPlayerstate 40001000 f   bg_misc.obj
 0001:00000030       _BG_CanItemBeGrabbed       40001030 f   bg_misc.obj
 0001:000001b0       _BG_EvaluateTrajectory     400011b0 f   bg_misc.obj
 0001:00000340       _BG_EvaluateTrajectoryDelta 40001340 f   bg_misc.obj
 0001:00000480       _BG_FindItem               40001480 f   bg_misc.obj
 0001:000004c0       _BG_FindItemForHoldable    400014c0 f   bg_misc.obj
 0001:00000510       _BG_FindItemForPowerup     40001510 f   bg_misc.obj
 0001:00000560       _BG_FindItemForWeapon      40001560 f   bg_misc.obj
 0001:000005a0       _BG_PlayerStateToEntityState 400015a0 f   bg_misc.obj
 0001:00000800       _BG_PlayerStateToEntityStateExtraPolate 40001800 f   bg_misc.obj
 0001:00000a70       _BG_PlayerTouchesItem      40001a70 f   bg_misc.obj
 0001:00000b00       _BG_TouchJumpPad           40001b00 f   bg_misc.obj
 0001:00000bc0       _AddPointToBounds          40001bc0 f   q_math.obj
 0001:00000c40       _AngleDelta                40001c40 f   q_math.obj
 0001:00000c60       _AngleMod                  40001c60 f   q_math.obj
 0001:00000ca0       _AngleNormalize180         40001ca0 f   q_math.obj
 0001:00000ce0       _AngleNormalize360         40001ce0 f   q_math.obj
 0001:00000d20       _AngleSubtract             40001d20 f   q_math.obj
 0001:00000d80       _AngleVectors              40001d80 f   q_math.obj
 0001:00000f30       _AnglesSubtract            40001f30 f   q_math.obj
 0001:00000fa0       _AnglesToAxis              40001fa0 f   q_math.obj
 0001:00001000       _AxisClear                 40002000 f   q_math.obj
 0001:00001050       _AxisCopy                  40002050 f   q_math.obj
 0001:00001090       _BoxOnPlaneSide            40002090 f   q_math.obj
 0001:000012d0       _ByteToDir                 400022d0 f   q_math.obj
 0001:00001330       _ClampChar                 40002330 f   q_math.obj
 0001:00001350       _ClampShort                40002350 f   q_math.obj
 0001:00001380       _ClearBounds               40002380 f   q_math.obj
 0001:000013c0       _ColorBytes3               400023c0 f   q_math.obj
 0001:00001400       _ColorBytes4               40002400 f   q_math.obj
 0001:00001450       _DirToByte                 40002450 f   q_math.obj
 0001:000014c0       _LerpAngle                 400024c0 f   q_math.obj
 0001:00001520       _MakeNormalVectors         40002520 f   q_math.obj
 0001:00001610       _MatrixMultiply            40002610 f   q_math.obj
 0001:000017a0       _NormalizeColor            400027a0 f   q_math.obj
 0001:00001810       _PerpendicularVector       40002810 f   q_math.obj
 0001:000018d0       _PlaneFromPoints           400028d0 f   q_math.obj
 0001:000019b0       _ProjectPointOnPlane       400029b0 f   q_math.obj
 0001:00001a60       _Q_crandom                 40002a60 f   q_math.obj
 0001:00001a90       _Q_fabs                    40002a90 f   q_math.obj
 0001:00001aa0       _Q_log2                    40002aa0 f   q_math.obj
 0001:00001ac0       _Q_rand                    40002ac0 f   q_math.obj
 0001:00001ae0       _Q_random                  40002ae0 f   q_math.obj
 0001:00001b10       _Q_rsqrt                   40002b10 f   q_math.obj
 0001:00001b60       _RadiusFromBounds          40002b60 f   q_math.obj
 0001:00001c10       _RotateAroundDirection     40002c10 f   q_math.obj
 0001:00001cd0       _RotatePointAroundVector   40002cd0 f   q_math.obj
 0001:00001f10       _SetPlaneSignbits          40002f10 f   q_math.obj
 0001:00001f40       _Vector4Scale              40002f40 f   q_math.obj
 0001:00001f90       _VectorNormalize           40002f90 f   q_math.obj
 0001:00002040       _VectorNormalize2          40003040 f   q_math.obj
 0001:000020f0       _VectorRotate              400030f0 f   q_math.obj
 0001:00002180       __DotProduct               40003180 f   q_math.obj
 0001:000021a0       __VectorAdd                400031a0 f   q_math.obj
 0001:000021e0       __VectorCopy               400031e0 f   q_math.obj
 0001:00002200       __VectorMA                 40003200 f   q_math.obj
 0001:00002250       __VectorScale              40003250 f   q_math.obj
 0001:00002290       __VectorSubtract           40003290 f   q_math.obj
 0001:000022d0       _vectoangles               400032d0 f   q_math.obj
 0001:00002450       _COM_BeginParseSession     40003450 f   q_shared.obj
 0001:00002480       _COM_Compress              40003480 f   q_shared.obj
 0001:00002590       _COM_DefaultExtension      40003590 f   q_shared.obj
 0001:00002610       _COM_GetCurrentParseLine   40003610 f   q_shared.obj
 0001:00002620       _COM_MatchToken            40003620 f   q_shared.obj
 0001:00002680       _COM_Parse                 40003680 f   q_shared.obj
 0001:000026a0       _COM_ParseError            400036a0 f   q_shared.obj
 0001:000026f0       _COM_ParseExt              400036f0 f   q_shared.obj
 0001:00002870       _COM_ParseWarning          40003870 f   q_shared.obj
 0001:000028c0       _COM_SkipPath              400038c0 f   q_shared.obj
 0001:000028f0       _COM_StripExtension        400038f0 f   q_shared.obj
 0001:00002920       _Com_Clamp                 40003920 f   q_shared.obj
 0001:00002950       _Com_sprintf               40003950 f   q_shared.obj
 0001:000029f0       _FloatNoSwap               400039f0 f   q_shared.obj
 0001:00002a00       _FloatSwap                 40003a00 f   q_shared.obj
 0001:00002a20       _Info_NextPair             40003a20 f   q_shared.obj
 0001:00002a90       _Info_RemoveKey            40003a90 f   q_shared.obj
 0001:00002bb0       _Info_RemoveKey_Big        40003bb0 f   q_shared.obj
 0001:00002cd0       _Info_SetValueForKey       40003cd0 f   q_shared.obj
 0001:00002e80       _Info_SetValueForKey_Big   40003e80 f   q_shared.obj
 0001:00003020       _Info_Validate             40004020 f   q_shared.obj
 0001:00003050       _Info_ValueForKey          40004050 f   q_shared.obj
 0001:00003180       _Long64NoSwap              40004180 f   q_shared.obj
 0001:00003190       _Long64Swap                40004190 f   q_shared.obj
 0001:000031e0       _LongNoSwap                400041e0 f   q_shared.obj
 0001:000031f0       _LongSwap                  400041f0 f   q_shared.obj
 0001:00003230       _Parse1DMatrix             40004230 f   q_shared.obj
 0001:00003280       _Parse2DMatrix             40004280 f   q_shared.obj
 0001:000032e0       _Parse3DMatrix             400042e0 f   q_shared.obj
 0001:00003340       _Q_CleanStr                40004340 f   q_shared.obj
 0001:00003390       _Q_PrintStrlen             40004390 f   q_shared.obj
 0001:000033d0       _Q_isalpha                 400043d0 f   q_shared.obj
 0001:00003400       _Q_islower                 40004400 f   q_shared.obj
 0001:00003420       _Q_isprint                 40004420 f   q_shared.obj
 0001:00003440       _Q_isupper                 40004440 f   q_shared.obj
 0001:00003460       _Q_strcat                  40004460 f   q_shared.obj
 0001:000034b0       _Q_stricmp                 400044b0 f   q_shared.obj
 0001:000034e0       _Q_stricmpn                400044e0 f   q_shared.obj
 0001:00003570       _Q_strlwr                  40004570 f   q_shared.obj
 0001:000035a0       _Q_strncmp                 400045a0 f   q_shared.obj
 0001:000035f0       _Q_strncpyz                400045f0 f   q_shared.obj
 0001:00003650       _Q_strrchr                 40004650 f   q_shared.obj
 0001:00003680       _Q_strupr                  40004680 f   q_shared.obj
 0001:000036b0       _ShortNoSwap               400046b0 f   q_shared.obj
 0001:000036c0       _ShortSwap                 400046c0 f   q_shared.obj
 0001:000036f0       _SkipBracedSection         400046f0 f   q_shared.obj
 0001:00003730       _SkipRestOfLine            40004730 f   q_shared.obj
 0001:000037b0       ___local_stdio_printf_options 400047b0 f i q_shared.obj
 0001:000037c0       _va                        400047c0 f   q_shared.obj
 0001:00003810       _Com_Error                 40004810 f   ui_atoms.obj
 0001:00003870       _Com_Printf                40004870 f   ui_atoms.obj
 0001:000038d0       _UI_AdjustFrom640          400048d0 f   ui_atoms.obj
 0001:00003930       _UI_Argv                   40004930 f   ui_atoms.obj
 0001:00003d70       _UI_ClampCvar              40004d70 f   ui_atoms.obj
 0001:00003da0       _UI_ClearScores            40004da0 f   ui_atoms.obj
 0001:00003ea0       _UI_ConsoleCommand         40004ea0 f   ui_atoms.obj
 0001:00004050       _UI_CursorInRect           40005050 f   ui_atoms.obj
 0001:00004090       _UI_Cvar_VariableString    40005090 f   ui_atoms.obj
 0001:000040b0       _UI_DrawHandlePic          400050b0 f   ui_atoms.obj
 0001:000041b0       _UI_DrawNamedPic           400051b0 f   ui_atoms.obj
 0001:00004230       _UI_DrawRect               40005230 f   ui_atoms.obj
 0001:000042b0       _UI_DrawSides              400052b0 f   ui_atoms.obj
 0001:00004390       _UI_DrawTextBox            40005390 f   ui_atoms.obj
 0001:00004450       _UI_DrawTopBottom          40005450 f   ui_atoms.obj
 0001:00004530       _UI_FillRect               40005530 f   ui_atoms.obj
 0001:000045c0       _UI_LoadBestScores         400055c0 f   ui_atoms.obj
 0001:000046e0       _UI_SetBestScores          400056e0 f   ui_atoms.obj
 0001:00004a00       _UI_SetColor               40005a00 f   ui_atoms.obj
 0001:00004a10       _UI_Shutdown               40005a10 f   ui_atoms.obj
 0001:00004a20       _UI_StartDemoLoop          40005a20 f   ui_atoms.obj
 0001:00004a30       _UI_UpdateScreen           40005a30 f   ui_atoms.obj
 0001:00004a40       _UI_GetBotInfoByName       40005a40 f   ui_gameinfo.obj
 0001:00004a90       _UI_GetBotInfoByNumber     40005a90 f   ui_gameinfo.obj
 0001:00004ad0       _UI_GetBotNameByNumber     40005ad0 f   ui_gameinfo.obj
 0001:00004b00       _UI_GetNumBots             40005b00 f   ui_gameinfo.obj
 0001:00004b10       _UI_LoadArenas             40005b10 f   ui_gameinfo.obj
 0001:00004f50       _UI_LoadBots               40005f50 f   ui_gameinfo.obj
 0001:000051a0       _UI_ParseInfos             400061a0 f   ui_gameinfo.obj
 0001:00005500       _AssetCache                40006500 f   ui_main.obj
 0001:00005650       _Asset_Parse               40006650 f   ui_main.obj
 0001:00005d10       _Font_Report               40006d10 f   ui_main.obj
 0001:00005ed0       _GetMenuBuffer             40006ed0 f   ui_main.obj
 0001:00005f80       _Load_Menu                 40006f80 f   ui_main.obj
 0001:00006400       _Text_Height               40007400 f   ui_main.obj
 0001:000064c0       _Text_Paint                400074c0 f   ui_main.obj
 0001:00006730       _Text_PaintCenter          40007730 f   ui_main.obj
 0001:000067a0       _Text_PaintCenter_AutoWrapped 400077a0 f   ui_main.obj
 0001:00006920       _Text_PaintChar            40007920 f   ui_main.obj
 0001:000069d0       _Text_PaintWithCursor      400079d0 f   ui_main.obj
 0001:00006f60       _Text_Width                40007f60 f   ui_main.obj
 0001:00008700       _UI_DrawCenteredPic        40009700 f   ui_main.obj
 0001:000089d0       _UI_DrawConnectScreen      400099d0 f   ui_main.obj
 0001:0000bb30       _UI_Load                   4000cb30 f   ui_main.obj
 0001:0000bd00       _UI_LoadMenus              4000cd00 f   ui_main.obj
 0001:0000bfc0       _UI_LoadNonIngame          4000cfc0 f   ui_main.obj
 0001:0000d290       _UI_ParseMenu              4000e290 f   ui_main.obj
 0001:0000d7a0       _UI_RegisterCvars          4000e7a0 f   ui_main.obj
 0001:0000d830       _UI_Report                 4000e830 f   ui_main.obj
 0001:0000f070       _UI_ServersSort            40010070 f   ui_main.obj
 0001:0000f190       _UI_ShowPostGame           40010190 f   ui_main.obj
 0001:000104a0       _UI_UpdateCvars            400114a0 f   ui_main.obj
 0001:00010500       _UI_hasSkinForBase         40011500 f   ui_main.obj
 0001:000105a0       __UI_DrawRect              400115a0 f   ui_main.obj
 0001:00010630       __UI_DrawSides             40011630 f   ui_main.obj
 0001:00010720       __UI_DrawTopBottom         40011720 f   ui_main.obj
 0001:00010810       __UI_Init                  40011810 f   ui_main.obj
 0001:00010c70       __UI_IsFullscreen          40011c70 f   ui_main.obj
 0001:00010c80       __UI_KeyEvent              40011c80 f   ui_main.obj
 0001:00010d00       __UI_MouseEvent            40011d00 f   ui_main.obj
 0001:00010d70       __UI_Refresh               40011d70 f   ui_main.obj
 0001:00010e70       __UI_SetActiveMenu         40011e70 f   ui_main.obj
 0001:00011030       __UI_Shutdown              40012030 f   ui_main.obj
 0001:000110d0       _vmMain                    400120d0 f   ui_main.obj
 0001:000111b0       _UI_DrawPlayer             400121b0 f   ui_players.obj
 0001:00011bd0       _UI_MachinegunSpinAngle    40012bd0 f   ui_players.obj
 0001:00012480       _UI_PlayerInfo_SetInfo     40013480 f   ui_players.obj
 0001:00012700       _UI_PlayerInfo_SetModel    40013700 f   ui_players.obj
 0001:00012d20       _UI_RegisterClientModelname 40013d20 f   ui_players.obj
 0001:000136e0       _ItemParse_hideCvar        400146e0 f   ui_shared.obj
 0001:00013720       _MenuParse_font            40014720 f   ui_shared.obj
 0001:00013780       _MenuParse_name            40014780 f   ui_shared.obj
 0001:000137c0       _MenuParse_fullscreen      400147c0 f   ui_shared.obj
 0001:000137e0       _MenuParse_rect            400147e0 f   ui_shared.obj
 0001:00013800       _MenuParse_style           40014800 f   ui_shared.obj
 0001:00013820       _MenuParse_visible         40014820 f   ui_shared.obj
 0001:00013860       _MenuParse_onOpen          40014860 f   ui_shared.obj
 0001:00013880       _MenuParse_onClose         40014880 f   ui_shared.obj
 0001:000138a0       _MenuParse_onESC           400148a0 f   ui_shared.obj
 0001:000138c0       _MenuParse_border          400148c0 f   ui_shared.obj
 0001:000138e0       _MenuParse_borderSize      400148e0 f   ui_shared.obj
 0001:00013900       _MenuParse_backcolor       40014900 f   ui_shared.obj
 0001:00013950       _MenuParse_forecolor       40014950 f   ui_shared.obj
 0001:000139a0       _MenuParse_bordercolor     400149a0 f   ui_shared.obj
 0001:000139f0       _MenuParse_focuscolor      400149f0 f   ui_shared.obj
 0001:00013a40       _MenuParse_disablecolor    40014a40 f   ui_shared.obj
 0001:00013a90       _MenuParse_outlinecolor    40014a90 f   ui_shared.obj
 0001:00013ab0       _MenuParse_background      40014ab0 f   ui_shared.obj
 0001:00013af0       _MenuParse_cinematic       40014af0 f   ui_shared.obj
 0001:00013b10       _MenuParse_ownerdrawFlag   40014b10 f   ui_shared.obj
 0001:00013b40       _MenuParse_ownerdraw       40014b40 f   ui_shared.obj
 0001:00013b60       _MenuParse_popup           40014b60 f   ui_shared.obj
 0001:00013b80       _MenuParse_outOfBounds     40014b80 f   ui_shared.obj
 0001:00013ba0       _MenuParse_soundLoop       40014ba0 f   ui_shared.obj
 0001:00013bc0       _MenuParse_fadeClamp       40014bc0 f   ui_shared.obj
 0001:00013be0       _MenuParse_fadeAmount      40014be0 f   ui_shared.obj
 0001:00013c00       _MenuParse_fadeCycle       40014c00 f   ui_shared.obj
 0001:00013c20       _MenuParse_itemDef         40014c20 f   ui_shared.obj
 0001:00013cb0       _ItemParse_name            40014cb0 f   ui_shared.obj
 0001:00013cd0       _ItemParse_focusSound      40014cd0 f   ui_shared.obj
 0001:00013d20       _ItemParse_text            40014d20 f   ui_shared.obj
 0001:00013d40       _ItemParse_group           40014d40 f   ui_shared.obj
 0001:00013d60       _ItemParse_asset_model     40014d60 f   ui_shared.obj
 0001:00013dc0       _ItemParse_asset_shader    40014dc0 f   ui_shared.obj
 0001:00013e00       _ItemParse_model_origin    40014e00 f   ui_shared.obj
 0001:00013e60       _ItemParse_model_fovx      40014e60 f   ui_shared.obj
 0001:00013e90       _ItemParse_model_fovy      40014e90 f   ui_shared.obj
 0001:00013ec0       _ItemParse_model_rotation  40014ec0 f   ui_shared.obj
 0001:00013ef0       _ItemParse_model_angle     40014ef0 f   ui_shared.obj
 0001:00013f20       _ItemParse_rect            40014f20 f   ui_shared.obj
 0001:00013f40       _Script_SetColor           40014f40 f   ui_shared.obj
 0001:00013ff0       _ItemParse_style           40014ff0 f   ui_shared.obj
 0001:00014010       _ItemParse_decoration      40015010 f   ui_shared.obj
 0001:00014030       _ItemParse_notselectable   40015030 f   ui_shared.obj
 0001:00014070       _Script_SetAsset           40015070 f   ui_shared.obj
 0001:00014090       _ItemParse_wrapped         40015090 f   ui_shared.obj
 0001:000140b0       _ItemParse_autowrapped     400150b0 f   ui_shared.obj
 0001:000140d0       _Script_SetBackground      400150d0 f   ui_shared.obj
 0001:00014110       _ItemParse_horizontalscroll 40015110 f   ui_shared.obj
 0001:00014130       _ItemParse_type            40015130 f   ui_shared.obj
 0001:00014170       _ItemParse_elementwidth    40015170 f   ui_shared.obj
 0001:000141a0       _Script_SetTeamColor       400151a0 f   ui_shared.obj
 0001:000141f0       _ItemParse_elementheight   400151f0 f   ui_shared.obj
 0001:00014220       _ItemParse_feeder          40015220 f   ui_shared.obj
 0001:00014240       _Script_SetItemColor       40015240 f   ui_shared.obj
 0001:00014350       _ItemParse_elementtype     40015350 f   ui_shared.obj
 0001:00014390       _ItemParse_columns         40015390 f   ui_shared.obj
 0001:00014450       _ItemParse_border          40015450 f   ui_shared.obj
 0001:00014470       _ItemParse_bordersize      40015470 f   ui_shared.obj
 0001:00014490       _ItemParse_visible         40015490 f   ui_shared.obj
 0001:000144d0       _ItemParse_ownerdraw       400154d0 f   ui_shared.obj
 0001:00014500       _ItemParse_align           40015500 f   ui_shared.obj
 0001:00014520       _ItemParse_textalign       40015520 f   ui_shared.obj
 0001:00014540       _ItemParse_textalignx      40015540 f   ui_shared.obj
 0001:00014560       _ItemParse_textaligny      40015560 f   ui_shared.obj
 0001:00014580       _ItemParse_textscale       40015580 f   ui_shared.obj
 0001:000145a0       _Script_Show               400155a0 f   ui_shared.obj
 0001:000145e0       _ItemParse_textstyle       400155e0 f   ui_shared.obj
 0001:00014600       _Script_Hide               40015600 f   ui_shared.obj
 0001:00014640       _ItemParse_backcolor       40015640 f   ui_shared.obj
 0001:00014690       _Script_FadeIn             40015690 f   ui_shared.obj
 0001:000146d0       _ItemParse_forecolor       400156d0 f   ui_shared.obj
 0001:00014730       _Script_FadeOut            40015730 f   ui_shared.obj
 0001:00014770       _Script_Open               40015770 f   ui_shared.obj
 0001:000147a0       _ItemParse_bordercolor     400157a0 f   ui_shared.obj
 0001:000147f0       _Script_ConditionalOpen    400157f0 f   ui_shared.obj
 0001:00014880       _ItemParse_outlinecolor    40015880 f   ui_shared.obj
 0001:000148a0       _ItemParse_background      400158a0 f   ui_shared.obj
 0001:000148e0       _Script_Close              400158e0 f   ui_shared.obj
 0001:00014910       _ItemParse_cinematic       40015910 f   ui_shared.obj
 0001:00014930       _ItemParse_doubleClick     40015930 f   ui_shared.obj
 0001:00014970       _ItemParse_onFocus         40015970 f   ui_shared.obj
 0001:00014990       _ItemParse_leaveFocus      40015990 f   ui_shared.obj
 0001:000149b0       _Script_Transition         400159b0 f   ui_shared.obj
 0001:00014a50       _ItemParse_mouseEnter      40015a50 f   ui_shared.obj
 0001:00014a70       _ItemParse_mouseExit       40015a70 f   ui_shared.obj
 0001:00014a90       _ItemParse_mouseEnterText  40015a90 f   ui_shared.obj
 0001:00014ab0       _ItemParse_mouseExitText   40015ab0 f   ui_shared.obj
 0001:00014ad0       _ItemParse_action          40015ad0 f   ui_shared.obj
 0001:00014af0       _Script_Orbit              40015af0 f   ui_shared.obj
 0001:00014bc0       _ItemParse_special         40015bc0 f   ui_shared.obj
 0001:00014be0       _ItemParse_cvarTest        40015be0 f   ui_shared.obj
 0001:00014c00       _Script_SetFocus           40015c00 f   ui_shared.obj
 0001:00014c80       _ItemParse_cvar            40015c80 f   ui_shared.obj
 0001:00014cd0       _Script_SetPlayerModel     40015cd0 f   ui_shared.obj
 0001:00014d00       _ItemParse_maxChars        40015d00 f   ui_shared.obj
 0001:00014d50       _Script_SetPlayerHead      40015d50 f   ui_shared.obj
 0001:00014d80       _ItemParse_maxPaintChars   40015d80 f   ui_shared.obj
 0001:00014dd0       _Script_SetCvar            40015dd0 f   ui_shared.obj
 0001:00014e20       _ItemParse_cvarFloat       40015e20 f   ui_shared.obj
 0001:00014ea0       _Script_Exec               40015ea0 f   ui_shared.obj
 0001:00014ee0       _ItemParse_cvarStrList     40015ee0 f   ui_shared.obj
 0001:00015020       _Script_Play               40016020 f   ui_shared.obj
 0001:00015060       _Script_playLooped         40016060 f   ui_shared.obj
 0001:000150a0       _ItemParse_cvarFloatList   400160a0 f   ui_shared.obj
 0001:000151d0       _ItemParse_addColorRange   400161d0 f   ui_shared.obj
 0001:00015270       _ItemParse_ownerdrawFlag   40016270 f   ui_shared.obj
 0001:000152a0       _ItemParse_enableCvar      400162a0 f   ui_shared.obj
 0001:000152e0       _ItemParse_disableCvar     400162e0 f   ui_shared.obj
 0001:00015320       _ItemParse_showCvar        40016320 f   ui_shared.obj
 0001:00015360       _AdjustFrom640             40016360 f   ui_shared.obj
 0001:000153c0       _BindingFromName           400163c0 f   ui_shared.obj
 0001:000154b0       _BindingIDFromName         400164b0 f   ui_shared.obj
 0001:000154f0       _Color_Parse               400164f0 f   ui_shared.obj
 0001:00015540       _Controls_GetConfig        40016540 f   ui_shared.obj
 0001:00015620       _Controls_SetConfig        40016620 f   ui_shared.obj
 0001:00015680       _Controls_SetDefaults      40016680 f   ui_shared.obj
 0001:000156a0       _Display_CacheAll          400166a0 f   ui_shared.obj
 0001:000156d0       _Display_CaptureItem       400166d0 f   ui_shared.obj
 0001:00015780       _Display_CursorType        40016780 f   ui_shared.obj
 0001:00015840       _Display_GetContext        40016840 f   ui_shared.obj
 0001:00015850       _Display_HandleKey         40016850 f   ui_shared.obj
 0001:00015880       _Display_KeyBindPending    40016880 f   ui_shared.obj
 0001:00015890       _Display_MouseMove         40016890 f   ui_shared.obj
 0001:00015990       _Display_VisibleMenuCount  40016990 f   ui_shared.obj
 0001:00015af0       _Fade                      40016af0 f   ui_shared.obj
 0001:00015b70       _Float_Parse               40016b70 f   ui_shared.obj
 0001:00015bb0       _GradientBar_Paint         40016bb0 f   ui_shared.obj
 0001:00015c00       _Init_Display              40016c00 f   ui_shared.obj
 0001:00015c10       _Int_Parse                 40016c10 f   ui_shared.obj
 0001:00015c50       _IsVisible                 40016c50 f   ui_shared.obj
 0001:00015c70       _Item_Action               40016c70 f   ui_shared.obj
 0001:00015c90       _Item_Bind_HandleKey       40016c90 f   ui_shared.obj
 0001:00015ee0       _Item_Bind_Paint           40016ee0 f   ui_shared.obj
 0001:00016110       _Item_EnableShowViaCvar    40017110 f   ui_shared.obj
 0001:00016280       _Item_HandleKey            40017280 f   ui_shared.obj
 0001:000163a0       _Item_Image_Paint          400173a0 f   ui_shared.obj
 0001:00016410       _Item_Init                 40017410 f   ui_shared.obj
 0001:00016440       _Item_InitControls         40017440 f   ui_shared.obj
 0001:00016480       _Item_ListBox_HandleKey    40017480 f   ui_shared.obj
 0001:000167f0       _Item_ListBox_MaxScroll    400177f0 f   ui_shared.obj
 0001:00016860       _Item_ListBox_MouseEnter   40017860 f   ui_shared.obj
 0001:00016a00       _Item_ListBox_OverLB       40017a00 f   ui_shared.obj
 0001:00016d70       _Item_ListBox_Paint        40017d70 f   ui_shared.obj
 0001:00017720       _Item_ListBox_ThumbDrawPosition 40018720 f   ui_shared.obj
 0001:00017810       _Item_ListBox_ThumbPosition 40018810 f   ui_shared.obj
 0001:000178f0       _Item_Model_Paint          400188f0 f   ui_shared.obj
 0001:00017be0       _Item_MouseEnter           40018be0 f   ui_shared.obj
 0001:00017d10       _Item_MouseLeave           40018d10 f   ui_shared.obj
 0001:00017d50       _Item_Multi_CountSettings  40018d50 f   ui_shared.obj
 0001:00017d70       _Item_Multi_FindCvarByValue 40018d70 f   ui_shared.obj
 0001:00017e80       _Item_Multi_HandleKey      40018e80 f   ui_shared.obj
 0001:00017fd0       _Item_Multi_Paint          40018fd0 f   ui_shared.obj
 0001:00018190       _Item_Multi_Setting        40019190 f   ui_shared.obj
 0001:000182a0       _Item_OwnerDraw_HandleKey  400192a0 f   ui_shared.obj
 0001:000182e0       _Item_OwnerDraw_Paint      400192e0 f   ui_shared.obj
 0001:00018700       _Item_Paint                40019700 f   ui_shared.obj
 0001:00018b50       _Item_Parse                40019b50 f   ui_shared.obj
 0001:00018c70       _Item_RunScript            40019c70 f   ui_shared.obj
 0001:00018d90       _Item_SetFocus             40019d90 f   ui_shared.obj
 0001:00018f10       _Item_SetMouseOver         40019f10 f   ui_shared.obj
 0001:00018f30       _Item_SetScreenCoords      40019f30 f   ui_shared.obj
 0001:00018fa0       _Item_SetTextExtents       40019fa0 f   ui_shared.obj
 0001:000191b0       _Item_SetupKeywordHash     4001a1b0 f   ui_shared.obj
 0001:00019200       _Item_Slider_HandleKey     4001a200 f   ui_shared.obj
 0001:00019380       _Item_Slider_OverSlider    4001a380 f   ui_shared.obj
 0001:000193f0       _Item_Slider_Paint         4001a3f0 f   ui_shared.obj
 0001:00019600       _Item_Slider_ThumbPosition 4001a600 f   ui_shared.obj
 0001:000196c0       _Item_StartCapture         4001a6c0 f   ui_shared.obj
 0001:000198a0       _Item_StopCapture          4001a8a0 f   ui_shared.obj
 0001:000198b0       _Item_TextColor            4001a8b0 f   ui_shared.obj
 0001:00019ac0       _Item_TextField_HandleKey  4001aac0 f   ui_shared.obj
 0001:00019f00       _Item_TextField_Paint      4001af00 f   ui_shared.obj
 0001:0001a1b0       _Item_Text_AutoWrapped_Paint 4001b1b0 f   ui_shared.obj
 0001:0001a450       _Item_Text_Paint           4001b450 f   ui_shared.obj
 0001:0001a570       _Item_Text_Wrapped_Paint   4001b570 f   ui_shared.obj
 0001:0001a760       _Item_UpdatePosition       4001b760 f   ui_shared.obj
 0001:0001a7b0       _Item_ValidateTypeData     4001b7b0 f   ui_shared.obj
 0001:0001a890       _Item_YesNo_HandleKey      4001b890 f   ui_shared.obj
 0001:0001a960       _Item_YesNo_Paint          4001b960 f   ui_shared.obj
 0001:0001ab80       _KeywordHash_Add           4001bb80 f   ui_shared.obj
 0001:0001abb0       _KeywordHash_Find          4001bbb0 f   ui_shared.obj
 0001:0001ac00       _KeywordHash_Key           4001bc00 f   ui_shared.obj
 0001:0001ac50       _LerpColor                 4001bc50 f   ui_shared.obj
 0001:0001ada0       _Menu_ClearFocus           4001bda0 f   ui_shared.obj
 0001:0001ae80       _Menu_Count                4001be80 f   ui_shared.obj
 0001:0001ae90       _Menu_FadeItemByName       4001be90 f   ui_shared.obj
 0001:0001aef0       _Menu_FindItemByName       4001bef0 f   ui_shared.obj
 0001:0001af50       _Menu_GetFocused           4001bf50 f   ui_shared.obj
 0001:0001af90       _Menu_GetFocusedItem       4001bf90 f   ui_shared.obj
 0001:0001afd0       _Menu_GetMatchingItemByNumber 4001bfd0 f   ui_shared.obj
 0001:0001b050       _Menu_HandleKey            4001c050 f   ui_shared.obj
 0001:0001b570       _Menu_HandleMouseMove      4001c570 f   ui_shared.obj
 0001:0001b740       _Menu_HitTest              4001c740 f   ui_shared.obj
 0001:0001b7b0       _Menu_Init                 4001c7b0 f   ui_shared.obj
 0001:0001b810       _Menu_ItemsMatchingGroup   4001c810 f   ui_shared.obj
 0001:0001b880       _Menu_New                  4001c880 f   ui_shared.obj
 0001:0001b8d0       _Menu_OrbitItemByName      4001c8d0 f   ui_shared.obj
 0001:0001ba50       _Menu_Paint                4001ca50 f   ui_shared.obj
 0001:0001bba0       _Menu_PaintAll             4001cba0 f   ui_shared.obj
 0001:0001bc80       _Menu_Parse                4001cc80 f   ui_shared.obj
 0001:0001bdc0       _Menu_PostParse            4001cdc0 f   ui_shared.obj
 0001:0001be00       _Menu_Reset                4001ce00 f   ui_shared.obj
 0001:0001be60       _Menu_ScrollFeeder         4001ce60 f   ui_shared.obj
 0001:0001bed0       _Menu_SetFeederSelection   4001ced0 f   ui_shared.obj
 0001:0001bf90       _Menu_SetNextCursorItem    4001cf90 f   ui_shared.obj
 0001:0001c090       _Menu_SetPrevCursorItem    4001d090 f   ui_shared.obj
 0001:0001c190       _Menu_SetupKeywordHash     4001d190 f   ui_shared.obj
 0001:0001c1e0       _Menu_ShowItemByName       4001d1e0 f   ui_shared.obj
 0001:0001c250       _Menu_TransitionItemByName 4001d250 f   ui_shared.obj
 0001:0001c300       _Menu_UpdatePosition       4001d300 f   ui_shared.obj
 0001:0001c390       _Menus_Activate            4001d390 f   ui_shared.obj
 0001:0001c400       _Menus_ActivateByName      4001d400 f   ui_shared.obj
 0001:0001c490       _Menus_AnyFullScreenVisible 4001d490 f   ui_shared.obj
 0001:0001c4c0       _Menus_CloseAll            4001d4c0 f   ui_shared.obj
 0001:0001c500       _Menus_CloseByName         4001d500 f   ui_shared.obj
 0001:0001c530       _Menus_FindByName          4001d530 f   ui_shared.obj
 0001:0001c580       _Menus_HandleOOBClick      4001d580 f   ui_shared.obj
 0001:0001c680       _Menus_OpenByName          4001d680 f   ui_shared.obj
 0001:0001c690       _Menus_ShowByName          4001d690 f   ui_shared.obj
 0001:0001c6b0       _PC_Color_Parse            4001d6b0 f   ui_shared.obj
 0001:0001c700       _PC_Float_Parse            4001d700 f   ui_shared.obj
 0001:0001c7c0       _PC_Int_Parse              4001d7c0 f   ui_shared.obj
 0001:0001c870       _PC_Rect_Parse             4001d870 f   ui_shared.obj
 0001:0001c8d0       _PC_Script_Parse           4001d8d0 f   ui_shared.obj
 0001:0001ca20       _PC_SourceError            4001da20 f   ui_shared.obj
 0001:0001cab0       _PC_SourceWarning          4001dab0 f   ui_shared.obj
 0001:0001cb40       _PC_String_Parse           4001db40 f   ui_shared.obj
 0001:0001cbb0       _Rect_ContainsPoint        4001dbb0 f   ui_shared.obj
 0001:0001cc00       _Rect_Parse                4001dc00 f   ui_shared.obj
 0001:0001cc60       _Rect_ToWindowCoords       4001dc60 f   ui_shared.obj
 0001:0001cfe0       _String_Alloc              4001dfe0 f   ui_shared.obj
 0001:0001d0f0       _String_Init               4001e0f0 f   ui_shared.obj
 0001:0001d140       _String_Parse              4001e140 f   ui_shared.obj
 0001:0001d180       _String_Report             4001e180 f   ui_shared.obj
 0001:0001d210       _ToWindowCoords            4001e210 f   ui_shared.obj
 0001:0001d260       _UI_Alloc                  4001e260 f   ui_shared.obj
 0001:0001d2c0       _UI_InitMemory             4001e2c0 f   ui_shared.obj
 0001:0001d2e0       _UI_OutOfMemory            4001e2e0 f   ui_shared.obj
 0001:0001d380       _Window_Init               4001e380 f   ui_shared.obj
 0001:0001d3d0       _Window_Paint              4001e3d0 f   ui_shared.obj
 0001:0001d8c0       _PASSFLOAT                 4001e8c0 f   ui_syscalls.obj
 0001:0001d8e0       _dllEntry                  4001e8e0 f   ui_syscalls.obj
 0001:0001d8f0       _trap_Argc                 4001e8f0 f   ui_syscalls.obj
 0001:0001d900       _trap_Argv                 4001e900 f   ui_syscalls.obj
 0001:0001d920       _trap_CIN_DrawCinematic    4001e920 f   ui_syscalls.obj
 0001:0001d940       _trap_CIN_PlayCinematic    4001e940 f   ui_syscalls.obj
 0001:0001d970       _trap_CIN_RunCinematic     4001e970 f   ui_syscalls.obj
 0001:0001d990       _trap_CIN_SetExtents       4001e990 f   ui_syscalls.obj
 0001:0001d9b0       _trap_CIN_StopCinematic    4001e9b0 f   ui_syscalls.obj
 0001:0001d9d0       _trap_CM_LerpTag           4001e9d0 f   ui_syscalls.obj
 0001:0001da10       _trap_Cmd_ExecuteText      4001ea10 f   ui_syscalls.obj
 0001:0001da30       _trap_Cvar_Create          4001ea30 f   ui_syscalls.obj
 0001:0001da50       _trap_Cvar_InfoStringBuffer 4001ea50 f   ui_syscalls.obj
 0001:0001da70       _trap_Cvar_Register        4001ea70 f   ui_syscalls.obj
 0001:0001da90       _trap_Cvar_Reset           4001ea90 f   ui_syscalls.obj
 0001:0001dab0       _trap_Cvar_Set             4001eab0 f   ui_syscalls.obj
 0001:0001dad0       _trap_Cvar_SetValue        4001ead0 f   ui_syscalls.obj
 0001:0001db00       _trap_Cvar_Update          4001eb00 f   ui_syscalls.obj
 0001:0001db20       _trap_Cvar_VariableStringBuffer 4001eb20 f   ui_syscalls.obj
 0001:0001db40       _trap_Cvar_VariableValue   4001eb40 f   ui_syscalls.obj
 0001:0001db60       _trap_Error                4001eb60 f   ui_syscalls.obj
 0001:0001db80       _trap_FS_FCloseFile        4001eb80 f   ui_syscalls.obj
 0001:0001dba0       _trap_FS_FOpenFile         4001eba0 f   ui_syscalls.obj
 0001:0001dbc0       _trap_FS_GetFileList       4001ebc0 f   ui_syscalls.obj
 0001:0001dbe0       _trap_FS_Read              4001ebe0 f   ui_syscalls.obj
 0001:0001dc00       _trap_FS_Seek              4001ec00 f   ui_syscalls.obj
 0001:0001dc20       _trap_FS_Write             4001ec20 f   ui_syscalls.obj
 0001:0001dc40       _trap_GetCDKey             4001ec40 f   ui_syscalls.obj
 0001:0001dc60       _trap_GetClientState       4001ec60 f   ui_syscalls.obj
 0001:0001dc80       _trap_GetClipboardData     4001ec80 f   ui_syscalls.obj
 0001:0001dca0       _trap_GetConfigString      4001eca0 f   ui_syscalls.obj
 0001:0001dcc0       _trap_GetGlconfig          4001ecc0 f   ui_syscalls.obj
 0001:0001dce0       _trap_Key_ClearStates      4001ece0 f   ui_syscalls.obj
 0001:0001dcf0       _trap_Key_GetBindingBuf    4001ecf0 f   ui_syscalls.obj
 0001:0001dd10       _trap_Key_GetCatcher       4001ed10 f   ui_syscalls.obj
 0001:0001dd20       _trap_Key_GetOverstrikeMode 4001ed20 f   ui_syscalls.obj
 0001:0001dd30       _trap_Key_IsDown           4001ed30 f   ui_syscalls.obj
 0001:0001dd50       _trap_Key_KeynumToStringBuf 4001ed50 f   ui_syscalls.obj
 0001:0001dd70       _trap_Key_SetBinding       4001ed70 f   ui_syscalls.obj
 0001:0001dd90       _trap_Key_SetCatcher       4001ed90 f   ui_syscalls.obj
 0001:0001ddb0       _trap_Key_SetOverstrikeMode 4001edb0 f   ui_syscalls.obj
 0001:0001ddd0       _trap_LAN_AddServer        4001edd0 f   ui_syscalls.obj
 0001:0001ddf0       _trap_LAN_ClearPing        4001edf0 f   ui_syscalls.obj
 0001:0001de10       _trap_LAN_CompareServers   4001ee10 f   ui_syscalls.obj
 0001:0001de30       _trap_LAN_GetPing          4001ee30 f   ui_syscalls.obj
 0001:0001de50       _trap_LAN_GetPingInfo      4001ee50 f   ui_syscalls.obj
 0001:0001de70       _trap_LAN_GetPingQueueCount 4001ee70 f   ui_syscalls.obj
 0001:0001de80       _trap_LAN_GetServerAddressString 4001ee80 f   ui_syscalls.obj
 0001:0001dea0       _trap_LAN_GetServerCount   4001eea0 f   ui_syscalls.obj
 0001:0001dec0       _trap_LAN_GetServerInfo    4001eec0 f   ui_syscalls.obj
 0001:0001dee0       _trap_LAN_GetServerPing    4001eee0 f   ui_syscalls.obj
 0001:0001df00       _trap_LAN_LoadCachedServers 4001ef00 f   ui_syscalls.obj
 0001:0001df10       _trap_LAN_MarkServerVisible 4001ef10 f   ui_syscalls.obj
 0001:0001df30       _trap_LAN_RemoveServer     4001ef30 f   ui_syscalls.obj
 0001:0001df50       _trap_LAN_ResetPings       4001ef50 f   ui_syscalls.obj
 0001:0001df70       _trap_LAN_SaveCachedServers 4001ef70 f   ui_syscalls.obj
 0001:0001df80       _trap_LAN_ServerIsVisible  4001ef80 f   ui_syscalls.obj
 0001:0001dfa0       _trap_LAN_ServerStatus     4001efa0 f   ui_syscalls.obj
 0001:0001dfc0       _trap_LAN_UpdateVisiblePings 4001efc0 f   ui_syscalls.obj
 0001:0001dfe0       _trap_MemoryRemaining      4001efe0 f   ui_syscalls.obj
 0001:0001dff0       _trap_Milliseconds         4001eff0 f   ui_syscalls.obj
 0001:0001e000       _trap_PC_AddGlobalDefine   4001f000 f   ui_syscalls.obj
 0001:0001e020       _trap_PC_FreeSource        4001f020 f   ui_syscalls.obj
 0001:0001e040       _trap_PC_LoadSource        4001f040 f   ui_syscalls.obj
 0001:0001e060       _trap_PC_ReadToken         4001f060 f   ui_syscalls.obj
 0001:0001e080       _trap_PC_SourceFileAndLine 4001f080 f   ui_syscalls.obj
 0001:0001e0a0       _trap_Print                4001f0a0 f   ui_syscalls.obj
 0001:0001e0c0       _trap_R_AddLightToScene    4001f0c0 f   ui_syscalls.obj
 0001:0001e130       _trap_R_AddPolyToScene     4001f130 f   ui_syscalls.obj
 0001:0001e150       _trap_R_AddRefEntityToScene 4001f150 f   ui_syscalls.obj
 0001:0001e170       _trap_R_ClearScene         4001f170 f   ui_syscalls.obj
 0001:0001e180       _trap_R_DrawStretchPic     4001f180 f   ui_syscalls.obj
 0001:0001e240       _trap_R_ModelBounds        4001f240 f   ui_syscalls.obj
 0001:0001e260       _trap_R_RegisterFont       4001f260 f   ui_syscalls.obj
 0001:0001e280       _trap_R_RegisterModel      4001f280 f   ui_syscalls.obj
 0001:0001e2a0       _trap_R_RegisterShaderNoMip 4001f2a0 f   ui_syscalls.obj
 0001:0001e2c0       _trap_R_RegisterSkin       4001f2c0 f   ui_syscalls.obj
 0001:0001e2e0       _trap_R_RemapShader        4001f2e0 f   ui_syscalls.obj
 0001:0001e300       _trap_R_RenderScene        4001f300 f   ui_syscalls.obj
 0001:0001e320       _trap_R_SetColor           4001f320 f   ui_syscalls.obj
 0001:0001e340       _trap_RealTime             4001f340 f   ui_syscalls.obj
 0001:0001e360       _trap_S_RegisterSound      4001f360 f   ui_syscalls.obj
 0001:0001e380       _trap_S_StartBackgroundTrack 4001f380 f   ui_syscalls.obj
 0001:0001e3a0       _trap_S_StartLocalSound    4001f3a0 f   ui_syscalls.obj
 0001:0001e3c0       _trap_S_StopBackgroundTrack 4001f3c0 f   ui_syscalls.obj
 0001:0001e3d0       _trap_SetCDKey             4001f3d0 f   ui_syscalls.obj
 0001:0001e3f0       _trap_SetPbClStatus        4001f3f0 f   ui_syscalls.obj
 0001:0001e410       _trap_UpdateScreen         4001f410 f   ui_syscalls.obj
 0001:0001e420       _trap_VerifyCDKey          4001f420 f   ui_syscalls.obj
 0001:0001e436       @__security_check_cookie@4 4001f436 f   LIBCMT:_secchk_.obj
 0001:0001e447       ___raise_securityfailure   4001f447 f   LIBCMT:gs_report.obj
 0001:0001e46f       ___report_gsfailure        4001f46f f   LIBCMT:gs_report.obj
 0001:0001e56a       ___report_rangecheckfailure 4001f56a f   LIBCMT:gs_report.obj
 0001:0001e576       ___report_securityfailure  4001f576 f   LIBCMT:gs_report.obj
 0001:0001e646       ___report_securityfailureEx 4001f646 f   LIBCMT:gs_report.obj
 0001:0001e760       __chkstk                   4001f760 f   LIBCMT:chkstk.obj
 0001:0001e760       __alloca_probe             4001f760 f   LIBCMT:chkstk.obj
 0001:0001e790       __ftol2_sse                4001f790 f   LIBCMT:_ftol2_.obj
 0001:0001e799       __ftol2_pentium4           4001f799 f   LIBCMT:_ftol2_.obj
 0001:0001e7ac       __ftol2_sse_excpt          4001f7ac f   LIBCMT:_ftol2_.obj
 0001:0001e7d0       __ftol2                    4001f7d0 f   LIBCMT:_ftol2_.obj
 0001:0001eb3f       __CRT_INIT@12              4001fb3f f   LIBCMT:dll_dllmain.obj
 0001:0001eb48       __DllMainCRTStartup@12     4001fb48 f   LIBCMT:dll_dllmain.obj
 0001:0001eb6b       ___isa_available_init      4001fb6b f   LIBCMT:_cpu_disp_.obj
 0001:0001ed59       ___security_init_cookie    4001fd59 f   LIBCMT:gs_support.obj
 0001:0001edac       _DllMain@12                4001fdac f   LIBCMT:dll_dllmain_stub.obj
 0001:0001edb2       ?__scrt_initialize_type_info@@YAXXZ 4001fdb2 f   LIBCMT:tncleanup.obj
 0001:0001edbe       ?__scrt_uninitialize_type_info@@YAXXZ 4001fdbe f   LIBCMT:tncleanup.obj
 0001:0001edca       ___local_stdio_scanf_options 4001fdca f i LIBCMT:default_local_stdio_options.obj
 0001:0001edd0       ___scrt_initialize_default_local_stdio_options 4001fdd0 f   LIBCMT:default_local_stdio_options.obj
 0001:0001eded       ??$__crt_fast_decode_pointer@PAP6AXXZ@@YAPAP6AXXZQAP6AXXZ@Z 4001fded f i LIBCMT:utility.obj
 0001:0001ee01       ??$__crt_fast_encode_pointer@PAP6AXXZ@@YAPAP6AXXZQAP6AXXZ@Z 4001fe01 f i LIBCMT:utility.obj
 0001:0001ee1e       ?__crt_rotate_pointer_value@@YAIIH@Z 4001fe1e f i LIBCMT:utility.obj
 0001:0001ee2b       ?configure_argv@__scrt_narrow_argv_policy@@SAHXZ 4001fe2b f i LIBCMT:utility.obj
 0001:0001ee7c       ?initialize_environment@__scrt_narrow_environment_policy@@SAHXZ 4001fe7c f i LIBCMT:utility.obj
 0001:0001eeb4       _NtCurrentTeb              4001feb4 f i LIBCMT:utility.obj
 0001:0001eebb       ___scrt_acquire_startup_lock 4001febb f   LIBCMT:utility.obj
 0001:0001eef0       ___scrt_dllmain_after_initialize_c 4001fef0 f   LIBCMT:utility.obj
 0001:0001ef1b       ___scrt_dllmain_before_initialize_c 4001ff1b f   LIBCMT:utility.obj
 0001:0001ef29       ___scrt_dllmain_crt_thread_attach 4001ff29 f   LIBCMT:utility.obj
 0001:0001ef48       ___scrt_dllmain_crt_thread_detach 4001ff48 f   LIBCMT:utility.obj
 0001:0001ef55       ___scrt_dllmain_exception_filter 4001ff55 f   LIBCMT:utility.obj
 0001:0001ef88       ___scrt_dllmain_uninitialize_c 4001ff88 f   LIBCMT:utility.obj
 0001:0001efab       ___scrt_dllmain_uninitialize_critical 4001ffab f   LIBCMT:utility.obj
 0001:0001efb8       ___scrt_initialize_crt     4001ffb8 f   LIBCMT:utility.obj
 0001:0001eff1       ___scrt_initialize_onexit_tables 4001fff1 f   LIBCMT:utility.obj
 0001:0001f09b       ___scrt_is_nonwritable_in_current_image 4002009b f   LIBCMT:utility.obj
 0001:0001f125       ___scrt_release_startup_lock 40020125 f   LIBCMT:utility.obj
 0001:0001f142       ___scrt_uninitialize_crt   40020142 f   LIBCMT:utility.obj
 0001:0001f16a       __onexit                   4002016a f   LIBCMT:utility.obj
 0001:0001f1a5       _at_quick_exit             400201a5 f   LIBCMT:utility.obj
 0001:0001f1d6       _atexit                    400201d6 f   LIBCMT:utility.obj
 0001:0001f1eb       ___scrt_get_dyn_tls_init_callback 400201eb f   LIBCMT:dyn_tls_init.obj
 0001:0001f1f1       ___scrt_fastfail           400201f1 f   LIBCMT:utility_desktop.obj
 0001:0001f30d       ___scrt_get_show_window_mode 4002030d f   LIBCMT:utility_desktop.obj
 0001:0001f340       ___scrt_initialize_winrt   40020340 f   LIBCMT:utility_desktop.obj
 0001:0001f343       ___scrt_is_managed_app     40020343 f   LIBCMT:utility_desktop.obj
 0001:0001f387       ___scrt_set_unhandled_exception_filter 40020387 f   LIBCMT:utility_desktop.obj
 0001:0001f393       ___scrt_unhandled_exception_filter@4 40020393 f   LIBCMT:utility_desktop.obj
 0001:0001f3d4       __crt_debugger_hook        400203d4 f   LIBCMT:utility_desktop.obj
 0001:0001f3dc       __RTC_Initialize           400203dc f   LIBCMT:_initsect_.obj
 0001:0001f407       __RTC_Terminate            40020407 f   LIBCMT:_initsect_.obj
 0001:0001f432       @_guard_check_icall@4      40020432 f i LIBCMT:checkcfg.obj
 0001:0001f440       __SEH_prolog4              40020440 f   LIBCMT:_sehprolg4_.obj
 0001:0001f486       __SEH_epilog4              40020486 f   LIBCMT:_sehprolg4_.obj
 0001:0001f49b       __get_startup_argv_mode    4002049b f   LIBCMT:argv_mode.obj
 0001:0001f49f       ___scrt_is_ucrt_dll_in_use 4002049f f   LIBCMT:ucrt_detection.obj
 0001:0001f4ab       @_guard_check_icall_nop@4  400204ab f i LIBCMT:guard_support.obj
 0001:0001f4ac       _ReadNoFence               400204ac f i LIBCMT:guard_support.obj
 0001:0001f4b6       _ReadPointerNoFence        400204b6 f i LIBCMT:guard_support.obj
 0001:0001f4c0       __guard_icall_checks_enforced 400204c0 f i LIBCMT:guard_support.obj
 0001:0001f4e0       _strchr                    400204e0 f   libvcruntime:strchr.obj
 0001:0001f54e       ___from_strstr_to_strchr   4002054e     libvcruntime:strchr.obj
 0001:0001f610       _memset                    40020610 f   libvcruntime:memset.obj
 0001:0001f770       _strstr                    40020770 f   libvcruntime:strstr.obj
 0001:0001f9e0       _memmove                   400209e0 f   libvcruntime:memmove.obj
 0001:0001ffa0       __except_handler4          40020fa0 f   libvcruntime:_chandler4_.obj
 0001:00020114       ??$?RD@__crt_internal_free_policy@@QBEXQBD@Z 40021114 f i libvcruntime:std_type_info.obj
 0001:00020124       ??$?RX@__crt_internal_free_policy@@QBEXQBX@Z 40021124 f i libvcruntime:std_type_info.obj
 0001:00020134       ??$__crt_interlocked_compare_exchange_pointer@$$CBDPAD$$T@@YAPBDPDSBDQAD$$T@Z 40021134 f i libvcruntime:std_type_info.obj
 0001:00020146       ??$__crt_interlocked_read_pointer@$$CBD@@YAPBDPDSBD@Z 40021146 f i libvcruntime:std_type_info.obj
 0001:00020150       ??0?$__crt_unique_heap_ptr@DU__crt_internal_free_policy@@@@QAE@QAD@Z 40021150 f i libvcruntime:std_type_info.obj
 0001:0002015e       ??0?$__crt_unique_heap_ptr@XU__crt_internal_free_policy@@@@QAE@QAX@Z 4002115e f i libvcruntime:std_type_info.obj
 0001:0002016c       ??1?$__crt_unique_heap_ptr@DU__crt_internal_free_policy@@@@QAE@XZ 4002116c f i libvcruntime:std_type_info.obj
 0001:0002017c       ??1?$__crt_unique_heap_ptr@XU__crt_internal_free_policy@@@@QAE@XZ 4002117c f i libvcruntime:std_type_info.obj
 0001:00020198       ??B?$__crt_unique_heap_ptr@DU__crt_internal_free_policy@@@@QBE_NXZ 40021198 f i libvcruntime:std_type_info.obj
 0001:0002019f       ??B?$__crt_unique_heap_ptr@XU__crt_internal_free_policy@@@@QBE_NXZ 4002119f f i libvcruntime:std_type_info.obj
 0001:000201c6       ?__crt_interlocked_read_32@@YAHPDH@Z 400211c6 f i libvcruntime:std_type_info.obj
 0001:000201d0       ?detach@?$__crt_unique_heap_ptr@XU__crt_internal_free_policy@@@@QAEPAXXZ 400211d0 f i libvcruntime:std_type_info.obj
 0001:000201d6       ?get@?$__crt_unique_heap_ptr@DU__crt_internal_free_policy@@@@QBEPADXZ 400211d6 f i libvcruntime:std_type_info.obj
 0001:000201d9       ?get@?$__crt_unique_heap_ptr@XU__crt_internal_free_policy@@@@QBEPAXXZ 400211d9 f i libvcruntime:std_type_info.obj
 0001:000201dc       ?is_valid@?$__crt_unique_heap_ptr@DU__crt_internal_free_policy@@@@QBE_NXZ 400211dc f i libvcruntime:std_type_info.obj
 0001:000201e3       ?is_valid@?$__crt_unique_heap_ptr@XU__crt_internal_free_policy@@@@QBE_NXZ 400211e3 f i libvcruntime:std_type_info.obj
 0001:000201ea       ?release@?$__crt_unique_heap_ptr@DU__crt_internal_free_policy@@@@QAEXXZ 400211ea f i libvcruntime:std_type_info.obj
 0001:000201fa       ?release@?$__crt_unique_heap_ptr@XU__crt_internal_free_policy@@@@QAEXXZ 400211fa f i libvcruntime:std_type_info.obj
 0001:0002020a       ___std_type_info_compare   4002120a f   libvcruntime:std_type_info.obj
 0001:00020246       ___std_type_info_destroy_list 40021246 f   libvcruntime:std_type_info.obj
 0001:00020269       ___std_type_info_hash      40021269 f   libvcruntime:std_type_info.obj
 0001:0002028f       ___std_type_info_name      4002128f f   libvcruntime:std_type_info.obj
 0001:00020354       ___vcrt_initialize         40021354 f   libvcruntime:initialization.obj
 0001:0002037d       ___vcrt_thread_attach      4002137d f   libvcruntime:initialization.obj
 0001:00020388       ___vcrt_thread_detach      40021388 f   libvcruntime:initialization.obj
 0001:00020393       ___vcrt_uninitialize       40021393 f   libvcruntime:initialization.obj
 0001:000203b2       ___vcrt_uninitialize_critical 400213b2 f   libvcruntime:initialization.obj
 0001:000203c0       __local_unwind4            400213c0 f   libvcruntime:_exsup4_.obj
 0001:00020498       __seh_longjmp_unwind4@4    40021498 f   libvcruntime:_exsup4_.obj
 0001:000204c0       @_EH4_CallFilterFunc@8     400214c0 f   libvcruntime:_exsup4_.obj
 0001:000204d8       @_EH4_TransferToHandler@8  400214d8 f   libvcruntime:_exsup4_.obj
 0001:000204f4       @_EH4_GlobalUnwind2@8      400214f4 f   libvcruntime:_exsup4_.obj
 0001:00020510       @_EH4_LocalUnwind@16       40021510 f   libvcruntime:_exsup4_.obj
 0001:00020527       ___except_validate_context_record 40021527 f   libvcruntime:jbcxrval.obj
 0001:00020557       ___except_validate_jump_buffer 40021557 f   libvcruntime:jbcxrval.obj
 0001:00020584       ??$__vcrt_va_start_verify_argument_type@QBD@@YAXXZ 40021584 f i libvcruntime:undname.obj
 0001:00020585       ??0Block@_HeapManager@@QAE@XZ 40021585 f i libvcruntime:undname.obj
 0001:0002058b       ??0DName@@QAE@AAPBDD@Z     4002158b f   libvcruntime:undname.obj
 0001:0002063d       ??0DName@@QAE@ABV0@@Z      4002163d f i libvcruntime:undname.obj
 0001:00020653       ??0DName@@QAE@D@Z          40021653 f   libvcruntime:undname.obj
 0001:00020678       ??0DName@@QAE@PAV0@@Z      40021678 f   libvcruntime:undname.obj
 0001:000206c1       ??0DName@@QAE@PBD@Z        400216c1 f   libvcruntime:undname.obj
 0001:000206f4       ??0DName@@QAE@W4DNameStatus@@@Z 400216f4 f   libvcruntime:undname.obj
 0001:00020734       ??0DName@@QAE@XZ           40021734 f i libvcruntime:undname.obj
 0001:0002073e       ??0DName@@QAE@_J@Z         4002173e f   libvcruntime:undname.obj
 0001:000207cc       ??0DName@@QAE@_K@Z         400217cc f   libvcruntime:undname.obj
 0001:00020834       ??0DNameNode@@IAE@XZ       40021834 f   libvcruntime:undname.obj
 0001:0002083d       ??0DNameStatusNode@@AAE@W4DNameStatus@@@Z 4002183d f   libvcruntime:undname.obj
 0001:00020860       ??0Replicator@@QAE@XZ      40021860 f i libvcruntime:undname.obj
 0001:00020866       ??0UnDecorator@@QAE@PADPBDHP6APADJ@ZK@Z 40021866 f i libvcruntime:undname.obj
 0001:000208cf       ??0charNode@@QAE@D@Z       400218cf f   libvcruntime:undname.obj
 0001:000208e4       ??0pDNameNode@@QAE@PAVDName@@@Z 400218e4 f   libvcruntime:undname.obj
 0001:0002090c       ??0pairNode@@QAE@PAVDNameNode@@0@Z 4002190c f   libvcruntime:undname.obj
 0001:0002092b       ??0pcharNode@@QAE@PBDH@Z   4002192b f   libvcruntime:undname.obj
 0001:00020984       ??2@YAPAXIAAV_HeapManager@@H@Z 40021984 f i libvcruntime:undname.obj
 0001:00020999       ??4DName@@QAEAAV0@ABV0@@Z  40021999 f   libvcruntime:undname.obj
 0001:000209af       ??4DName@@QAEAAV0@D@Z      400219af f i libvcruntime:undname.obj
 0001:000209d4       ??4DName@@QAEAAV0@PAV0@@Z  400219d4 f   libvcruntime:undname.obj
 0001:00020a16       ??4DName@@QAEAAV0@PBD@Z    40021a16 f   libvcruntime:undname.obj
 0001:00020a41       ??4DName@@QAEAAV0@W4DNameStatus@@@Z 40021a41 f   libvcruntime:undname.obj
 0001:00020a73       ??AReplicator@@QBE?AVDName@@H@Z 40021a73 f   libvcruntime:undname.obj
 0001:00020ab9       ??BUnDecorator@@QAEPADXZ   40021ab9 f i libvcruntime:undname.obj
 0001:00020c20       ??H@YA?AVDName@@DABV0@@Z   40021c20 f i libvcruntime:undname.obj
 0001:00020c44       ??H@YA?AVDName@@PBDABV0@@Z 40021c44 f i libvcruntime:undname.obj
 0001:00020c68       ??H@YA?AVDName@@W4DNameStatus@@ABV0@@Z 40021c68 f i libvcruntime:undname.obj
 0001:00020c8c       ??HDName@@QBE?AV0@ABV0@@Z  40021c8c f   libvcruntime:undname.obj
 0001:00020cae       ??HDName@@QBE?AV0@D@Z      40021cae f   libvcruntime:undname.obj
 0001:00020cd0       ??HDName@@QBE?AV0@PAV0@@Z  40021cd0 f   libvcruntime:undname.obj
 0001:00020cf2       ??HDName@@QBE?AV0@PBD@Z    40021cf2 f   libvcruntime:undname.obj
 0001:00020d14       ??HDName@@QBE?AV0@W4DNameStatus@@@Z 40021d14 f   libvcruntime:undname.obj
 0001:00020d36       ??YDName@@QAEAAV0@ABV0@@Z  40021d36 f   libvcruntime:undname.obj
 0001:00020d77       ??YDName@@QAEAAV0@D@Z      40021d77 f   libvcruntime:undname.obj
 0001:00020dc7       ??YDName@@QAEAAV0@PAV0@@Z  40021dc7 f   libvcruntime:undname.obj
 0001:00020e2c       ??YDName@@QAEAAV0@PBD@Z    40021e2c f   libvcruntime:undname.obj
 0001:00020e8d       ??YDName@@QAEAAV0@W4DNameStatus@@@Z 40021e8d f   libvcruntime:undname.obj
 0001:00020ecd       ??YReplicator@@QAEAAV0@ABVDName@@@Z 40021ecd f   libvcruntime:undname.obj
 0001:00020f17       ??_5DName@@QAEAAV0@ABV0@@Z 40021f17 f   libvcruntime:undname.obj
 0001:00020f33       ?Constructor@_HeapManager@@QAEXP6APAXI@ZP6AXPAX@Z@Z 40021f33 f i libvcruntime:undname.obj
 0001:00020f50       ?Destructor@_HeapManager@@QAEXXZ 40021f50 f i libvcruntime:undname.obj
 0001:00020f87       ?UScore@UnDecorator@@SAPBDW4Tokens@@@Z 40021f87 f   libvcruntime:undname.obj
 0001:00020fa4       ?append@DName@@AAEXPAVDNameNode@@@Z 40021fa4 f   libvcruntime:undname.obj
 0001:00020fea       ?composeDeclaration@UnDecorator@@CA?AVDName@@ABV2@@Z 40021fea f i libvcruntime:undname.obj
 0001:00021cb6       ?doAccessSpecifiers@UnDecorator@@SAHXZ 40022cb6 f i libvcruntime:undname.obj
 0001:00021cc4       ?doAllocationLanguage@UnDecorator@@SAHXZ 40022cc4 f i libvcruntime:undname.obj
 0001:00021cd2       ?doAllocationModel@UnDecorator@@SAHXZ 40022cd2 f i libvcruntime:undname.obj
 0001:00021ce0       ?doEcsu@UnDecorator@@SAHXZ 40022ce0 f i libvcruntime:undname.obj
 0001:00021cee       ?doEllipsis@UnDecorator@@SAHXZ 40022cee f i libvcruntime:undname.obj
 0001:00021cfc       ?doFunctionReturns@UnDecorator@@SAHXZ 40022cfc f i libvcruntime:undname.obj
 0001:00021d0a       ?doMSKeywords@UnDecorator@@SAHXZ 40022d0a f i libvcruntime:undname.obj
 0001:00021d17       ?doMemberTypes@UnDecorator@@SAHXZ 40022d17 f i libvcruntime:undname.obj
 0001:00021d25       ?doNameOnly@UnDecorator@@SAHXZ 40022d25 f i libvcruntime:undname.obj
 0001:00021d30       ?doNoIdentCharCheck@UnDecorator@@SAHXZ 40022d30 f i libvcruntime:undname.obj
 0001:00021d3b       ?doPchar@DName@@AAEXPBDH@Z 40022d3b f   libvcruntime:undname.obj
 0001:00021dc1       ?doPtr64@UnDecorator@@SAHXZ 40022dc1 f i libvcruntime:undname.obj
 0001:00021dcf       ?doRestrictionSpec@UnDecorator@@SAHXZ 40022dcf f i libvcruntime:undname.obj
 0001:00021ddd       ?doThisTypes@UnDecorator@@SAHXZ 40022ddd f i libvcruntime:undname.obj
 0001:00021def       ?doThrowTypes@UnDecorator@@SAHXZ 40022def f i libvcruntime:undname.obj
 0001:00021dfd       ?doTypeOnly@UnDecorator@@SAHXZ 40022dfd f i libvcruntime:undname.obj
 0001:00021e08       ?doUnderScore@UnDecorator@@SAHXZ 40022e08 f i libvcruntime:undname.obj
 0001:00021e13       ?getArgumentList@UnDecorator@@CA?AVDName@@XZ 40022e13 f   libvcruntime:undname.obj
 0001:00021f15       ?getArgumentTypes@UnDecorator@@CA?AVDName@@XZ 40022f15 f   libvcruntime:undname.obj
 0001:00021ffc       ?getArrayType@UnDecorator@@CA?AVDName@@ABV2@@Z 40022ffc f i libvcruntime:undname.obj
 0001:000221f1       ?getBasedType@UnDecorator@@CA?AVDName@@XZ 400231f1 f   libvcruntime:undname.obj
 0001:0002228b       ?getBasicDataType@UnDecorator@@CA?AVDName@@ABV2@@Z 4002328b f   libvcruntime:undname.obj
 0001:00022682       ?getCallIndex@UnDecorator@@CA?AVDName@@XZ 40023682 f i libvcruntime:undname.obj
 0001:00022696       ?getCallingConvention@UnDecorator@@CA?AVDName@@XZ 40023696 f   libvcruntime:undname.obj
 0001:00022757       ?getDataIndirectType@UnDecorator@@CA?AVDName@@ABV2@PBD0H@Z 40023757 f   libvcruntime:undname.obj
 0001:00022d6a       ?getDataIndirectType@UnDecorator@@CA?AVDName@@XZ 40023d6a f i libvcruntime:undname.obj
 0001:00022d9e       ?getDataType@UnDecorator@@CA?AVDName@@PAV2@@Z 40023d9e f   libvcruntime:undname.obj
 0001:00022e6c       ?getDecoratedName@UnDecorator@@CA?AVDName@@XZ 40023e6c f   libvcruntime:undname.obj
 0001:000230c0       ?getDimension@UnDecorator@@CA?AVDName@@_N@Z 400240c0 f   libvcruntime:undname.obj
 0001:00023203       ?getDispatchTarget@UnDecorator@@CA?AVDName@@XZ 40024203 f   libvcruntime:undname.obj
 0001:00023258       ?getDisplacement@UnDecorator@@CA?AVDName@@XZ 40024258 f i libvcruntime:undname.obj
 0001:0002326c       ?getECSUDataType@UnDecorator@@CA?AVDName@@XZ 4002426c f   libvcruntime:undname.obj
 0001:00023384       ?getECSUName@UnDecorator@@CA?AVDName@@XZ 40024384 f i libvcruntime:undname.obj
 0001:00023395       ?getEnumType@UnDecorator@@CA?AVDName@@XZ 40024395 f i libvcruntime:undname.obj
 0001:00023489       ?getExtendedDataIndirectType@UnDecorator@@CA?AVDName@@AAPBDAA_NH@Z 40024489 f   libvcruntime:undname.obj
 0001:00023648       ?getExternalDataType@UnDecorator@@CA?AVDName@@ABV2@@Z 40024648 f i libvcruntime:undname.obj
 0001:000236ba       ?getFunctionIndirectType@UnDecorator@@CA?AVDName@@ABV2@@Z 400246ba f   libvcruntime:undname.obj
 0001:00023ad5       ?getGuardNumber@UnDecorator@@CA?AVDName@@XZ 40024ad5 f i libvcruntime:undname.obj
 0001:00023ae9       ?getLastChar@DName@@QBEDXZ 40024ae9 f i libvcruntime:undname.obj
 0001:00023b08       ?getLastChar@DNameStatusNode@@UBEDXZ 40024b08 f i libvcruntime:undname.obj
 0001:00023b14       ?getLastChar@charNode@@UBEDXZ 40024b14 f i libvcruntime:undname.obj
 0001:00023b18       ?getLastChar@pDNameNode@@UBEDXZ 40024b18 f i libvcruntime:undname.obj
 0001:00023b26       ?getLastChar@pairNode@@UBEDXZ 40024b26 f i libvcruntime:undname.obj
 0001:00023b59       ?getLastChar@pcharNode@@UBEDXZ 40024b59 f i libvcruntime:undname.obj
 0001:00023b6b       ?getLexicalFrame@UnDecorator@@CA?AVDName@@XZ 40024b6b f i libvcruntime:undname.obj
 0001:00023ba8       ?getMemory@_HeapManager@@QAEPAXIH@Z 40024ba8 f   libvcruntime:undname.obj
 0001:00023c36       ?getNumberOfDimensions@UnDecorator@@CAHXZ 40024c36 f   libvcruntime:undname.obj
 0001:00023c97       ?getOperatorName@UnDecorator@@CA?AVDName@@_NPA_N@Z 40024c97 f i libvcruntime:undname.obj
 0001:000242d3       ?getPointerType@UnDecorator@@CA?AVDName@@ABV2@0@Z 400252d3 f i libvcruntime:undname.obj
 0001:000242f1       ?getPointerTypeArray@UnDecorator@@CA?AVDName@@ABV2@0@Z 400252f1 f i libvcruntime:undname.obj
 0001:0002430f       ?getPrimaryDataType@UnDecorator@@CA?AVDName@@ABV2@@Z 4002530f f   libvcruntime:undname.obj
 0001:00024500       ?getPtrRefDataType@UnDecorator@@CA?AVDName@@ABV2@H@Z 40025500 f   libvcruntime:undname.obj
 0001:00024633       ?getPtrRefType@UnDecorator@@CA?AVDName@@ABV2@0PBD@Z 40025633 f   libvcruntime:undname.obj
 0001:0002472f       ?getReferenceType@UnDecorator@@CA?AVDName@@ABV2@0PBD@Z 4002572f f i libvcruntime:undname.obj
 0001:0002474b       ?getRestrictionSpec@UnDecorator@@CA?AVDName@@XZ 4002574b f   libvcruntime:undname.obj
 0001:0002482c       ?getReturnType@UnDecorator@@CA?AVDName@@PAV2@@Z 4002582c f   libvcruntime:undname.obj
 0001:0002485b       ?getScope@UnDecorator@@CA?AVDName@@XZ 4002585b f   libvcruntime:undname.obj
 0001:00024c0d       ?getScopedName@UnDecorator@@CA?AVDName@@XZ 40025c0d f   libvcruntime:undname.obj
 0001:00024ce9       ?getSignedDimension@UnDecorator@@CA?AVDName@@XZ 40025ce9 f   libvcruntime:undname.obj
 0001:00024d3c       ?getStorageConvention@UnDecorator@@CA?AVDName@@XZ 40025d3c f i libvcruntime:undname.obj
 0001:00024d4d       ?getString@DName@@QBEPADPAD0@Z 40025d4d f i libvcruntime:undname.obj
 0001:00024d79       ?getString@DName@@QBEPADPADH@Z 40025d79 f i libvcruntime:undname.obj
 0001:00024dcf       ?getString@DNameStatusNode@@UBEPADPAD0@Z 40025dcf f i libvcruntime:undname.obj
 0001:00024df6       ?getString@charNode@@UBEPADPAD0@Z 40025df6 f i libvcruntime:undname.obj
 0001:00024e0b       ?getString@pDNameNode@@UBEPADPAD0@Z 40025e0b f i libvcruntime:undname.obj
 0001:00024e22       ?getString@pairNode@@UBEPADPAD0@Z 40025e22 f i libvcruntime:undname.obj
 0001:00024e66       ?getString@pcharNode@@UBEPADPAD0@Z 40025e66 f i libvcruntime:undname.obj
 0001:00024e81       ?getStringEncoding@UnDecorator@@CA?AVDName@@PBDH@Z 40025e81 f   libvcruntime:undname.obj
 0001:00024f30       ?getStringHelper@@YAPADPADPBD1H@Z 40025f30 f i libvcruntime:undname.obj
 0001:00024f67       ?getSymbolName@UnDecorator@@CA?AVDName@@XZ 40025f67 f i libvcruntime:undname.obj
 0001:00024faf       ?getTemplateArgumentList@UnDecorator@@CA?AVDName@@XZ 40025faf f   libvcruntime:undname.obj
 0001:00025252       ?getTemplateConstant@UnDecorator@@CA?AVDName@@XZ 40026252 f   libvcruntime:undname.obj
 0001:000255a2       ?getTemplateName@UnDecorator@@CA?AVDName@@_N@Z 400265a2 f   libvcruntime:undname.obj
 0001:000256f9       ?getThisType@UnDecorator@@CA?AVDName@@XZ 400266f9 f i libvcruntime:undname.obj
 0001:0002572e       ?getThrowTypes@UnDecorator@@CA?AVDName@@XZ 4002672e f   libvcruntime:undname.obj
 0001:000257b0       ?getTypeEncoding@UnDecorator@@CAHXZ 400267b0 f i libvcruntime:undname.obj
 0001:00025ab0       ?getVCallThunkType@UnDecorator@@CA?AVDName@@XZ 40026ab0 f i libvcruntime:undname.obj
 0001:00025af7       ?getVbTableType@UnDecorator@@CA?AVDName@@ABV2@@Z 40026af7 f i libvcruntime:undname.obj
 0001:00025b0c       ?getVdispMapType@UnDecorator@@CA?AVDName@@ABV2@@Z 40026b0c f i libvcruntime:undname.obj
 0001:00025b62       ?getVfTableType@UnDecorator@@CA?AVDName@@ABV2@@Z 40026b62 f i libvcruntime:undname.obj
 0001:00025cbe       ?getZName@UnDecorator@@CA?AVDName@@_N0@Z 40026cbe f   libvcruntime:undname.obj
 0001:00025ef6       ?haveTemplateParameters@UnDecorator@@SAHXZ 40026ef6 f i libvcruntime:undname.obj
 0001:00025f01       ?isArray@DName@@QBEHXZ     40026f01 f i libvcruntime:undname.obj
 0001:00025f0b       ?isComArray@DName@@QBEHXZ  40026f0b f i libvcruntime:undname.obj
 0001:00025f15       ?isEmpty@DName@@QBEHXZ     40026f15 f i libvcruntime:undname.obj
 0001:00025f1d       ?isFull@Replicator@@QBEHXZ 40026f1d f i libvcruntime:undname.obj
 0001:00025f26       ?isNoTE@DName@@QBEHXZ      40026f26 f i libvcruntime:undname.obj
 0001:00025f30       ?isPinPtr@DName@@QBEHXZ    40026f30 f i libvcruntime:undname.obj
 0001:00025f3a       ?isPtrRef@DName@@QBEHXZ    40026f3a f i libvcruntime:undname.obj
 0001:00025f44       ?isUDC@DName@@QBEHXZ       40026f44 f i libvcruntime:undname.obj
 0001:00025f55       ?isUDTThunk@DName@@QBEHXZ  40026f55 f i libvcruntime:undname.obj
 0001:00025f66       ?isVCallThunk@DName@@QBEHXZ 40026f66 f i libvcruntime:undname.obj
 0001:00025f70       ?isValid@DName@@QBEHXZ     40026f70 f i libvcruntime:undname.obj
 0001:00025f7a       ?length@DName@@QBEHXZ      40026f7a f i libvcruntime:undname.obj
 0001:00025f98       ?length@DNameStatusNode@@UBEHXZ 40026f98 f i libvcruntime:undname.obj
 0001:00025f9c       ?length@charNode@@UBEHXZ   40026f9c f i libvcruntime:undname.obj
 0001:00025fa0       ?length@pDNameNode@@UBEHXZ 40026fa0 f i libvcruntime:undname.obj
 0001:00025fae       ?length@pairNode@@UBEHXZ   40026fae f i libvcruntime:undname.obj
 0001:00025ff8       ?length@pcharNode@@UBEHXZ  40026ff8 f i libvcruntime:undname.obj
 0001:00025ffc       ?make@DNameStatusNode@@SAPAV1@W4DNameStatus@@@Z 40026ffc f i libvcruntime:undname.obj
 0001:00026084       ?setIsArray@DName@@QAEXXZ  40027084 f i libvcruntime:undname.obj
 0001:0002608c       ?setIsComArray@DName@@QAEXXZ 4002708c f i libvcruntime:undname.obj
 0001:00026094       ?setIsNoTE@DName@@QAEXXZ   40027094 f i libvcruntime:undname.obj
 0001:0002609c       ?setIsPinPtr@DName@@QAEXXZ 4002709c f i libvcruntime:undname.obj
 0001:000260a4       ?setIsUDC@DName@@QAEXXZ    400270a4 f i libvcruntime:undname.obj
 0001:000260b1       ?setIsVCallThunk@DName@@QAEXXZ 400270b1 f i libvcruntime:undname.obj
 0001:000260b9       ?setPtrRef@DName@@QAEAAV1@XZ 400270b9 f i libvcruntime:undname.obj
 0001:000260c3       ?status@DName@@QBE?AW4DNameStatus@@XZ 400270c3 f i libvcruntime:undname.obj
 0001:0002612f       ___unDName                 4002712f f   libvcruntime:undname.obj
 0001:000261c4       ___unDNameEx               400271c4 f   libvcruntime:undname.obj
 0001:00026259       __vsprintf_s_l             40027259 f i libvcruntime:undname.obj
 0001:00026286       _sprintf_s                 40027286 f i libvcruntime:undname.obj
 0001:000262a2       ??$?RU__vcrt_ptd@@@__crt_internal_free_policy@@QBEXQBU__vcrt_ptd@@@Z 400272a2 f i libvcruntime:per_thread_data.obj
 0001:000262b2       ??0?$__crt_unique_heap_ptr@U__vcrt_ptd@@U__crt_internal_free_policy@@@@QAE@QAU__vcrt_ptd@@@Z 400272b2 f i libvcruntime:per_thread_data.obj
 0001:000262cf       ??1?$__crt_unique_heap_ptr@U__vcrt_ptd@@U__crt_internal_free_policy@@@@QAE@XZ 400272cf f i libvcruntime:per_thread_data.obj
 0001:000262e8       ??B?$__crt_unique_heap_ptr@U__vcrt_ptd@@U__crt_internal_free_policy@@@@QBE_NXZ 400272e8 f i libvcruntime:per_thread_data.obj
 0001:000262ef       ?detach@?$__crt_unique_heap_ptr@U__vcrt_ptd@@U__crt_internal_free_policy@@@@QAEPAU__vcrt_ptd@@XZ 400272ef f i libvcruntime:per_thread_data.obj
 0001:000262f5       ?get@?$__crt_unique_heap_ptr@U__vcrt_ptd@@U__crt_internal_free_policy@@@@QBEPAU__vcrt_ptd@@XZ 400272f5 f i libvcruntime:per_thread_data.obj
 0001:000262f8       ?is_valid@?$__crt_unique_heap_ptr@U__vcrt_ptd@@U__crt_internal_free_policy@@@@QBE_NXZ 400272f8 f i libvcruntime:per_thread_data.obj
 0001:000262ff       ?release@?$__crt_unique_heap_ptr@U__vcrt_ptd@@U__crt_internal_free_policy@@@@QAEXXZ 400272ff f i libvcruntime:per_thread_data.obj
 0001:00026329       ___vcrt_freefls@4          40027329 f   libvcruntime:per_thread_data.obj
 0001:00026345       ___vcrt_freeptd            40027345 f   libvcruntime:per_thread_data.obj
 0001:0002637b       ___vcrt_getptd             4002737b f   libvcruntime:per_thread_data.obj
 0001:00026389       ___vcrt_getptd_noexit      40027389 f   libvcruntime:per_thread_data.obj
 0001:0002641b       ___vcrt_getptd_noinit      4002741b f   libvcruntime:per_thread_data.obj
 0001:00026452       ___vcrt_initialize_ptd     40027452 f   libvcruntime:per_thread_data.obj
 0001:00026485       ___vcrt_uninitialize_ptd   40027485 f   libvcruntime:per_thread_data.obj
 0001:000264a0       ___vcrt_initialize_locks   400274a0 f   libvcruntime:locks.obj
 0001:000264dc       ___vcrt_lock               400274dc f   libvcruntime:locks.obj
 0001:000264f1       ___vcrt_uninitialize_locks 400274f1 f   libvcruntime:locks.obj
 0001:00026520       ___vcrt_unlock             40027520 f   libvcruntime:locks.obj
 0001:00026535       ??$?BX@__crt_fast_encoded_nullptr_t@@QBEPAXXZ 40027535 f i libvcruntime:winapi_downlevel.obj
 0001:0002654d       ??$__crt_fast_decode_pointer@PAX@@YAPAXQAX@Z 4002754d f i libvcruntime:winapi_downlevel.obj
 0001:00026561       ??$__crt_fast_encode_pointer@PAX@@YAPAXQAX@Z 40027561 f i libvcruntime:winapi_downlevel.obj
 0001:0002657e       ??$__crt_interlocked_exchange_pointer@UHINSTANCE__@@PAU1@@@YAPAUHINSTANCE__@@PDSAU0@QAU0@@Z 4002757e f i libvcruntime:winapi_downlevel.obj
 0001:0002658b       ??$__crt_interlocked_exchange_pointer@UHINSTANCE__@@PAX@@YAPAUHINSTANCE__@@PDSAU0@QAX@Z 4002758b f i libvcruntime:winapi_downlevel.obj
 0001:00026598       ??$__crt_interlocked_exchange_pointer@XPAX@@YAPAXPDSAXQAX@Z 40027598 f i libvcruntime:winapi_downlevel.obj
 0001:000265a5       ??$__crt_interlocked_read_pointer@UHINSTANCE__@@@@YAPAUHINSTANCE__@@PDSAU0@@Z 400275a5 f i libvcruntime:winapi_downlevel.obj
 0001:000265af       ??$__crt_interlocked_read_pointer@X@@YAPAXPDSAX@Z 400275af f i libvcruntime:winapi_downlevel.obj
 0001:000265b9       ?__crt_fast_encode_pointer@@YA?AU__crt_fast_encoded_nullptr_t@@$$T@Z 400275b9 f i libvcruntime:winapi_downlevel.obj
 0001:00026862       ___vcrt_FlsAlloc           40027862 f   libvcruntime:winapi_downlevel.obj
 0001:0002689c       ___vcrt_FlsFree            4002789c f   libvcruntime:winapi_downlevel.obj
 0001:000268d6       ___vcrt_FlsGetValue        400278d6 f   libvcruntime:winapi_downlevel.obj
 0001:00026910       ___vcrt_FlsSetValue        40027910 f   libvcruntime:winapi_downlevel.obj
 0001:0002694d       ___vcrt_InitializeCriticalSectionEx 4002794d f   libvcruntime:winapi_downlevel.obj
 0001:00026993       ___vcrt_initialize_winapi_thunks 40027993 f   libvcruntime:winapi_downlevel.obj
 0001:000269cd       ___vcrt_uninitialize_winapi_thunks 400279cd f   libvcruntime:winapi_downlevel.obj
 0001:000269ff       ??$?B$$A6AXXZ@__crt_fast_encoded_nullptr_t@@QBEP6AXXZXZ 400279ff f i libvcruntime:purevirt_data.obj
 0001:00026a17       ??$__crt_fast_encode_pointer@P6AXXZ@@YAP6AXXZQ6AXXZ@Z 40027a17 f i libvcruntime:purevirt_data.obj
 0001:00026a34       ___vcrt_initialize_pure_virtual_call_handler 40027a34 f   libvcruntime:purevirt_data.obj
 0001:00026a60       __global_unwind2           40027a60 f   libvcruntime:_exsup_.obj
 0001:00026ac6       __local_unwind2            40027ac6 f   libvcruntime:_exsup_.obj
 0001:00026b4a       __abnormal_termination     40027b4a f   libvcruntime:_exsup_.obj
 0001:00026b70       __NLG_Notify1              40027b70 f   libvcruntime:_exsup_.obj
 0001:00026b7c       __NLG_Notify               40027b7c f   libvcruntime:_exsup_.obj
 0001:00026b93       __NLG_Dispatch             40027b93     libvcruntime:_exsup_.obj
 0001:00026b93       __NLG_Dispatch2            40027b93     libvcruntime:_exsup_.obj
 0001:00026b9b       __NLG_Call                 40027b9b f   libvcruntime:_exsup_.obj
 0001:00026b9d       __NLG_Return2              40027b9d     libvcruntime:_exsup_.obj
 0001:00026b9e       ??$__crt_fast_decode_pointer@P6AXXZ@@YAP6AXXZQ6AXXZ@Z 40027b9e f i libvcruntime:purevirt.obj
 0001:00026bb2       ??$__crt_interlocked_exchange_pointer@$$A6AXXZP6AXXZ@@YAP6AXXZPDS6AXXZQ6AXXZ@Z 40027bb2 f i libvcruntime:purevirt.obj
 0001:00026bbf       ??$__crt_interlocked_read_pointer@$$A6AXXZ@@YAP6AXXZPDS6AXXZ@Z 40027bbf f i libvcruntime:purevirt.obj
 0001:00026bc9       __get_purecall_handler     40027bc9 f   libvcruntime:purevirt.obj
 0001:00026bde       __purecall                 40027bde f   libvcruntime:purevirt.obj
 0001:00026bf9       __set_purecall_handler     40027bf9 f   libvcruntime:purevirt.obj
 0001:00026c20       __libm_sse2_cos_precise    40027c20 f   libucrt:cos_sse2_precise.obj
 0001:00026de0       __libm_sse2_sin_precise    40027de0 f   libucrt:sin_sse2_precise.obj
 0001:00026fb0       _atan2                     40027fb0 f   libucrt:87ctriga.obj
 0001:00026fbc       __CIatan2                  40027fbc f   libucrt:87ctriga.obj
 0001:00026fd0       __libm_sse2_sqrt_precise   40027fd0 f   libucrt:sqrt_sse2_precise.obj
 0001:000270d0       ??$assemble_floating_point_ind@M@__crt_strtox@@YAXAAM@Z 400280d0 f i libucrt:atof.obj
 0001:000270e0       ??$assemble_floating_point_ind@N@__crt_strtox@@YAXAAN@Z 400280e0 f i libucrt:atof.obj
 0001:0002710f       ??$assemble_floating_point_infinity@M@__crt_strtox@@YAX_NAAM@Z 4002810f f i libucrt:atof.obj
 0001:00027128       ??$assemble_floating_point_infinity@N@__crt_strtox@@YAX_NAAN@Z 40028128 f i libucrt:atof.obj
 0001:00027163       ??$assemble_floating_point_qnan@M@__crt_strtox@@YAX_NAAM@Z 40028163 f i libucrt:atof.obj
 0001:0002717c       ??$assemble_floating_point_qnan@N@__crt_strtox@@YAX_NAAN@Z 4002817c f i libucrt:atof.obj
 0001:000271b7       ??$assemble_floating_point_snan@M@__crt_strtox@@YAX_NAAM@Z 400281b7 f i libucrt:atof.obj
 0001:000271d0       ??$assemble_floating_point_snan@N@__crt_strtox@@YAX_NAAN@Z 400281d0 f i libucrt:atof.obj
 0001:00027210       ??$assemble_floating_point_value_t@M@__crt_strtox@@YA?AW4SLD_STATUS@@_NH_KAAM@Z 40028210 f i libucrt:atof.obj
 0001:00027240       ??$assemble_floating_point_value_t@N@__crt_strtox@@YA?AW4SLD_STATUS@@_NH_KAAN@Z 40028240 f i libucrt:atof.obj
 0001:00027299       ??$assemble_floating_point_zero@M@__crt_strtox@@YAX_NAAM@Z 40028299 f i libucrt:atof.obj
 0001:000272ac       ??$assemble_floating_point_zero@N@__crt_strtox@@YAX_NAAN@Z 400282ac f i libucrt:atof.obj
 0001:000274b1       ??$convert_decimal_string_to_floating_type@M@__crt_strtox@@YA?AW4SLD_STATUS@@ABUfloating_point_string@0@AAM@Z 400284b1 f i libucrt:atof.obj
 0001:000274d4       ??$convert_decimal_string_to_floating_type@N@__crt_strtox@@YA?AW4SLD_STATUS@@ABUfloating_point_string@0@AAN@Z 400284d4 f i libucrt:atof.obj
 0001:000274f7       ??$convert_hexadecimal_string_to_floating_type@M@__crt_strtox@@YA?AW4SLD_STATUS@@ABUfloating_point_string@0@AAM@Z 400284f7 f i libucrt:atof.obj
 0001:0002751a       ??$convert_hexadecimal_string_to_floating_type@N@__crt_strtox@@YA?AW4SLD_STATUS@@ABUfloating_point_string@0@AAN@Z 4002851a f i libucrt:atof.obj
 0001:0002753d       ??$make_c_string_character_source@D$$T@__crt_strtox@@YA?AV?$c_string_character_source@D@0@QBD$$T@Z 4002853d f i libucrt:atof.obj
 0001:00027558       ??$make_c_string_character_source@_W$$T@__crt_strtox@@YA?AV?$c_string_character_source@_W@0@QB_W$$T@Z 40028558 f i libucrt:atof.obj
 0001:00027573       ??$parse_floating_point@V?$c_string_character_source@D@__crt_strtox@@M@__crt_strtox@@YA?AW4SLD_STATUS@@QAU__crt_locale_pointers@@V?$c_string_character_source@D@0@QAM@Z 40028573 f i libucrt:atof.obj
 0001:000275e9       ??$parse_floating_point@V?$c_string_character_source@D@__crt_strtox@@N@__crt_strtox@@YA?AW4SLD_STATUS@@QAU__crt_locale_pointers@@V?$c_string_character_source@D@0@QAN@Z 400285e9 f i libucrt:atof.obj
 0001:0002765f       ??$parse_floating_point@V?$c_string_character_source@_W@__crt_strtox@@N@__crt_strtox@@YA?AW4SLD_STATUS@@QAU__crt_locale_pointers@@V?$c_string_character_source@_W@0@QAN@Z 4002865f f i libucrt:atof.obj
 0001:000276d5       ??$parse_floating_point_from_source@V?$c_string_character_source@D@__crt_strtox@@@__crt_strtox@@YA?AW4floating_point_parse_result@0@QAU__crt_locale_pointers@@AAV?$c_string_character_source@D@0@AAUfloating_point_string@0@@Z 400286d5 f i libucrt:atof.obj
 0001:00027aad       ??$parse_floating_point_from_source@V?$c_string_character_source@_W@__crt_strtox@@@__crt_strtox@@YA?AW4floating_point_parse_result@0@QAU__crt_locale_pointers@@AAV?$c_string_character_source@_W@0@AAUfloating_point_string@0@@Z 40028aad f i libucrt:atof.obj
 0001:000288d5       ??$parse_floating_point_possible_infinity@DV?$c_string_character_source@D@__crt_strtox@@PBD@__crt_strtox@@YA?AW4floating_point_parse_result@0@AADAAV?$c_string_character_source@D@0@PBD@Z 400298d5 f i libucrt:atof.obj
 0001:0002896f       ??$parse_floating_point_possible_infinity@_WV?$c_string_character_source@_W@__crt_strtox@@PB_W@__crt_strtox@@YA?AW4floating_point_parse_result@0@AA_WAAV?$c_string_character_source@_W@0@PB_W@Z 4002996f f i libucrt:atof.obj
 0001:00028a26       ??$parse_floating_point_possible_nan@DV?$c_string_character_source@D@__crt_strtox@@PBD@__crt_strtox@@YA?AW4floating_point_parse_result@0@AADAAV?$c_string_character_source@D@0@PBD@Z 40029a26 f i libucrt:atof.obj
 0001:00028b41       ??$parse_floating_point_possible_nan@_WV?$c_string_character_source@_W@__crt_strtox@@PB_W@__crt_strtox@@YA?AW4floating_point_parse_result@0@AA_WAAV?$c_string_character_source@_W@0@PB_W@Z 40029b41 f i libucrt:atof.obj
 0001:00028c65       ??$parse_floating_point_possible_nan_is_ind@DV?$c_string_character_source@D@__crt_strtox@@@__crt_strtox@@YA_NAADAAV?$c_string_character_source@D@0@@Z 40029c65 f i libucrt:atof.obj
 0001:00028ca1       ??$parse_floating_point_possible_nan_is_ind@_WV?$c_string_character_source@_W@__crt_strtox@@@__crt_strtox@@YA_NAA_WAAV?$c_string_character_source@_W@0@@Z 40029ca1 f i libucrt:atof.obj
 0001:00028ce6       ??$parse_floating_point_possible_nan_is_snan@DV?$c_string_character_source@D@__crt_strtox@@@__crt_strtox@@YA_NAADAAV?$c_string_character_source@D@0@@Z 40029ce6 f i libucrt:atof.obj
 0001:00028d22       ??$parse_floating_point_possible_nan_is_snan@_WV?$c_string_character_source@_W@__crt_strtox@@@__crt_strtox@@YA_NAA_WAAV?$c_string_character_source@_W@0@@Z 40029d22 f i libucrt:atof.obj
 0001:00028d67       ??$parse_floating_point_write_result@M@__crt_strtox@@YA?AW4SLD_STATUS@@W4floating_point_parse_result@0@ABUfloating_point_string@0@QAM@Z 40029d67 f i libucrt:atof.obj
 0001:00028e77       ??$parse_floating_point_write_result@N@__crt_strtox@@YA?AW4SLD_STATUS@@W4floating_point_parse_result@0@ABUfloating_point_string@0@QAN@Z 40029e77 f i libucrt:atof.obj
 0001:00028f7b       ??$parse_next_characters_from_source@DV?$c_string_character_source@D@__crt_strtox@@@__crt_strtox@@YA_NQBD0IAADAAV?$c_string_character_source@D@0@@Z 40029f7b f i libucrt:atof.obj
 0001:00028fc4       ??$parse_next_characters_from_source@_WV?$c_string_character_source@_W@__crt_strtox@@@__crt_strtox@@YA_NQB_W0IAA_WAAV?$c_string_character_source@_W@0@@Z 40029fc4 f i libucrt:atof.obj
 0001:000290be       ??0?$c_string_character_source@D@__crt_strtox@@QAE@QBDQAPBD@Z 4002a0be f i libucrt:atof.obj
 0001:000290da       ??0?$c_string_character_source@_W@__crt_strtox@@QAE@QB_WQAPB_W@Z 4002a0da f i libucrt:atof.obj
 0001:000290f6       ??0_LocaleUpdate@@QAE@QAU__crt_locale_pointers@@@Z 4002a0f6 f i libucrt:atof.obj
 0001:00029180       ??0big_integer@__crt_strtox@@QAE@ABU01@@Z 4002a180 f i libucrt:atof.obj
 0001:000291c0       ??0big_integer@__crt_strtox@@QAE@XZ 4002a1c0 f i libucrt:atof.obj
 0001:000291c9       ??0floating_point_value@__crt_strtox@@QAE@QAM@Z 4002a1c9 f i libucrt:atof.obj
 0001:000291dd       ??0floating_point_value@__crt_strtox@@QAE@QAN@Z 4002a1dd f i libucrt:atof.obj
 0001:000291f1       ??1?$c_string_character_source@D@__crt_strtox@@QAE@XZ 4002a1f1 f i libucrt:atof.obj
 0001:000291fd       ??1?$c_string_character_source@_W@__crt_strtox@@QAE@XZ 4002a1fd f i libucrt:atof.obj
 0001:00029209       ??1_LocaleUpdate@@QAE@XZ   4002a209 f i libucrt:atof.obj
 0001:00029220       ??4big_integer@__crt_strtox@@QAEAAU01@ABU01@@Z 4002a220 f i libucrt:atof.obj
 0001:00029260       ??M__crt_strtox@@YA_NABUbig_integer@0@0@Z 4002a260 f i libucrt:atof.obj
 0001:000293aa       ?GetLocaleT@_LocaleUpdate@@QAEPAU__crt_locale_pointers@@XZ 4002a3aa f i libucrt:atof.obj
 0001:000293ae       ?accumulate_decimal_digits_into_big_integer@__crt_strtox@@YAXQBE0AAUbig_integer@1@@Z 4002a3ae f i libucrt:atof.obj
[...]
 0002:0000e888       __sehtable$??$?RV<lambda_82aef432098b982f9ede325b418aa67a>@@AAV<lambda_862e9a3f04921db6ca1ce3faa2bf3edf>@@V<lambda_ffabc152e504b53d7492b9889b10c020>@@@?$__crt_seh_guarded_call@X@@QAEX$$QAV<lambda_82aef432098b982f9ede325b418aa67a>@@AAV<lambda_862e9a3f04921db6ca1ce3faa2bf3edf>@@$$QAV<lambda_ffabc152e504b53d7492b9889b10c020>@@@Z 40070888     libucrt:wsetlocale.obj
 0002:0000e8a8       __sehtable$??$?RV<lambda_6673f7c4c09a5d469d0c27ae364621ce>@@AAV<lambda_ebab98244f73a74f49db879bf13fa982>@@V<lambda_be20789b7a146653eab82509ec35b419>@@@?$__crt_seh_guarded_call@X@@QAEX$$QAV<lambda_6673f7c4c09a5d469d0c27ae364621ce>@@AAV<lambda_ebab98244f73a74f49db879bf13fa982>@@$$QAV<lambda_be20789b7a146653eab82509ec35b419>@@@Z 400708a8     libucrt:wsetlocale.obj
 0002:0000e8c8       __sehtable$??$?RV<lambda_303d0ad9bde654cb3f803a73716ce7a4>@@AAV<lambda_92fe181106aff629c9a2e25713a64969>@@V<lambda_184325e10b6cff6f771390cbceab281b>@@@?$__crt_seh_guarded_call@X@@QAEX$$QAV<lambda_303d0ad9bde654cb3f803a73716ce7a4>@@AAV<lambda_92fe181106aff629c9a2e25713a64969>@@$$QAV<lambda_184325e10b6cff6f771390cbceab281b>@@@Z 400708c8     libucrt:wsetlocale.obj
 0002:0000e8e8       __sehtable$??$?RV<lambda_38c1253c7a74f5d2d430989951395d98>@@AAV<lambda_b163b37eafe0a13f2c371fafeb0365c9>@@AAV<lambda_8dff2cf36a5417162780cd64fa2883ef>@@@?$__crt_seh_guarded_call@X@@QAEX$$QAV<lambda_38c1253c7a74f5d2d430989951395d98>@@AAV<lambda_b163b37eafe0a13f2c371fafeb0365c9>@@AAV<lambda_8dff2cf36a5417162780cd64fa2883ef>@@@Z 400708e8     libucrt:wsetlocale.obj
 0002:0000e908       __sehtable$_fputwc         40070908     libucrt:fputwc.obj
 0002:0000e928       __sehtable$_fputc          40070928     libucrt:fputc.obj
 0002:0000e948       __sehtable$___acrt_initialize_lowio 40070948     libucrt:ioinit.obj
 0002:0000e968       __sehtable$?update_thread_multibyte_data_internal@@YAPAU__crt_multibyte_data@@QAU__acrt_ptd@@QAU1@@Z 40070968     libucrt:mbctype.obj
 0002:0000e988       __sehtable$??$?RV<lambda_ceb1ee4838e85a9d631eb091e2fbe199>@@AAV<lambda_ae742caa10f662c28703da3d2ea5e57e>@@V<lambda_cd08b5d6af4937fe54fc07d0c9bf6b37>@@@?$__crt_seh_guarded_call@X@@QAEX$$QAV<lambda_ceb1ee4838e85a9d631eb091e2fbe199>@@AAV<lambda_ae742caa10f662c28703da3d2ea5e57e>@@$$QAV<lambda_cd08b5d6af4937fe54fc07d0c9bf6b37>@@@Z 40070988     libucrt:mbctype.obj
 0002:0000e9a8       __sehtable$??$?RV<lambda_93797fb4802c957ba6a7f08e1250235b>@@AAV<lambda_1f3ce6bd48e0aa2e72a71c02eee379d3>@@V<lambda_56cae30c9364c9b6c15aeaac05d0418e>@@@?$__crt_seh_guarded_call@H@@QAEH$$QAV<lambda_93797fb4802c957ba6a7f08e1250235b>@@AAV<lambda_1f3ce6bd48e0aa2e72a71c02eee379d3>@@$$QAV<lambda_56cae30c9364c9b6c15aeaac05d0418e>@@@Z 400709a8     libucrt:winapi_thunks.obj
 0002:0000e9c8       __sehtable$__query_new_handler 400709c8     libucrt:new_handler.obj
 0002:0000e9e8       __sehtable$__set_new_handler 400709e8     libucrt:new_handler.obj
 0002:0000ea08       __sehtable$_signal         40070a08     libucrt:signal.obj
 0002:0000ea28       __sehtable$_raise          40070a28     libucrt:signal.obj
 0002:0000ea48       __sehtable$?ctrlevent_capture@@YGHK@Z 40070a48     libucrt:signal.obj
 0002:0000ea68       __sehtable$??$?RV<lambda_cbab9ec6f41b0180b23cc171c22676b0>@@AAV<lambda_44731a7d0e6d81c3e6aa82d741081786>@@V<lambda_4b292cb8dd18144e164572427af410ab>@@@?$__crt_seh_guarded_call@P6AXH@Z@@QAEP6AXH@Z$$QAV<lambda_cbab9ec6f41b0180b23cc171c22676b0>@@AAV<lambda_44731a7d0e6d81c3e6aa82d741081786>@@$$QAV<lambda_4b292cb8dd18144e164572427af410ab>@@@Z 40070a68     libucrt:signal.obj
 0002:0000ea88       __sehtable$___acrt_update_thread_locale_data 40070a88     libucrt:locale_refcounting.obj
 0002:0000eaa8       __sehtable$__fcloseall     40070aa8     libucrt:closeall.obj
 0002:0000eac8       __sehtable$??$?RV<lambda_2866be3712abc81a800a822484c830d8>@@AAV<lambda_39ca0ed439415581b5b15c265174cece>@@V<lambda_2b24c74d71094a6cd0cb82e44167d71b>@@@?$__crt_seh_guarded_call@X@@QAEX$$QAV<lambda_2866be3712abc81a800a822484c830d8>@@AAV<lambda_39ca0ed439415581b5b15c265174cece>@@$$QAV<lambda_2b24c74d71094a6cd0cb82e44167d71b>@@@Z 40070ac8     libucrt:fflush.obj
 0002:0000eae8       __sehtable$??$?RV<lambda_2cc53f568c5a2bb6f192f930a45d44ea>@@AAV<lambda_ab61a845afdef5b7c387490eaf3616ee>@@V<lambda_c2ffc0b7726aa6be21d5f0026187e748>@@@?$__crt_seh_guarded_call@X@@QAEX$$QAV<lambda_2cc53f568c5a2bb6f192f930a45d44ea>@@AAV<lambda_ab61a845afdef5b7c387490eaf3616ee>@@$$QAV<lambda_c2ffc0b7726aa6be21d5f0026187e748>@@@Z 40070ae8     libucrt:fflush.obj
 0002:0000eb08       __sehtable$??$?RV<lambda_6d20deecaf4856105ebacbad442d1079>@@AAV<lambda_9a32fed5bf61b6b509b2d3f6003082a1>@@V<lambda_63ea2239ed67c638ddbae41947fdf875>@@@?$__crt_seh_guarded_call@H@@QAEH$$QAV<lambda_6d20deecaf4856105ebacbad442d1079>@@AAV<lambda_9a32fed5bf61b6b509b2d3f6003082a1>@@$$QAV<lambda_63ea2239ed67c638ddbae41947fdf875>@@@Z 40070b08     libucrt:fflush.obj
 0002:0000eb28       __sehtable$__open_osfhandle 40070b28     libucrt:osfinfo.obj
 0002:0000eb48       __sehtable$__alloc_osfhnd  40070b48     libucrt:osfinfo.obj
 0002:0000eb68       __sehtable$___acrt_lowio_ensure_fh_exists 40070b68     libucrt:osfinfo.obj
 0002:0000eb88       __sehtable$___set_fpsr_sse2 40070b88     libucrt:fpctrl.obj
 0002:0000eba8       __sehtable$__write         40070ba8     libucrt:write.obj
 0002:0000ebc8       __sehtable$??$common_lseek@J@@YAJHJH@Z 40070bc8     libucrt:lseek.obj
 0002:0000ebe8       __sehtable$??$common_lseek@_J@@YA_JH_JH@Z 40070be8     libucrt:lseek.obj
 0002:0000ec08       __sehtable$_fclose         40070c08     libucrt:fclose.obj
 0002:0000ec28       __sehtable$??$?RV<lambda_9e9de3de5fa147e2223d7db92bc10aa6>@@AAV<lambda_38ce7e780aa69e748d6df282ebc68efe>@@V<lambda_8ca6da459f0f6780f1cff60fdc3d00e5>@@@?$__crt_seh_guarded_call@H@@QAEH$$QAV<lambda_9e9de3de5fa147e2223d7db92bc10aa6>@@AAV<lambda_38ce7e780aa69e748d6df282ebc68efe>@@$$QAV<lambda_8ca6da459f0f6780f1cff60fdc3d00e5>@@@Z 40070c28     libucrt:commit.obj
 0002:0000ec48       __sehtable$??$?RV<lambda_f828341fbe69b7c0d4c527b01f22877f>@@AAV<lambda_9e0b6ab72a5b3ae37ad997d08b519f50>@@V<lambda_f01deac0a8d65d6e0411edf7e0af5775>@@@?$__crt_seh_guarded_call@G@@QAEG$$QAV<lambda_f828341fbe69b7c0d4c527b01f22877f>@@AAV<lambda_9e0b6ab72a5b3ae37ad997d08b519f50>@@$$QAV<lambda_f01deac0a8d65d6e0411edf7e0af5775>@@@Z 40070c48     libucrt:putwch.obj
 0002:0000ec68       __sehtable$??$?RV<lambda_218ce3db14220d0be481dae8ef3383b6>@@AAV<lambda_628dfdc04ba53c8bfc02c9951375f3f5>@@V<lambda_57dc472bd5c9d5f3b2cbca59b8a843ae>@@@?$__crt_seh_guarded_call@H@@QAEH$$QAV<lambda_218ce3db14220d0be481dae8ef3383b6>@@AAV<lambda_628dfdc04ba53c8bfc02c9951375f3f5>@@$$QAV<lambda_57dc472bd5c9d5f3b2cbca59b8a843ae>@@@Z 40070c68     libucrt:close.obj
 0002:0000ec88       __sehtable$?__acrt_stdio_allocate_stream@@YA?AV__crt_stdio_stream@@XZ 40070c88     libucrt:stream.obj
 0002:0000eca8       __sehtable$__IsNonwritableInCurrentImage 40070ca8     LIBCMT:pesect.obj
 0002:0000ecd0       .edata                     40070cd0     uix86.exp
 0002:0000ecf8       rgpv                       40070cf8     uix86.exp
 0002:0000ed00       rgszName                   40070d00     uix86.exp
 0002:0000ed08       rgwOrd                     40070d08     uix86.exp
 0002:0000ed0c       szName                     40070d0c     uix86.exp
 0002:0000ed16       $N00001                    40070d16     uix86.exp
 0002:0000ed1f       $N00002                    40070d1f     uix86.exp
 0002:0000f4b2       .idata$6                   400714b2     kernel32:KERNEL32.dll
 0003:000011a8       ?dlText@?1??UI_DisplayDownloadInfo@@9@9 400731a8     ui_main.obj
 0003:000011b8       ?etaText@?1??UI_DisplayDownloadInfo@@9@9 400731b8     ui_main.obj
 0003:000011d0       ?xferText@?1??UI_DisplayDownloadInfo@@9@9 400731d0     ui_main.obj
 0003:000011e0       _cvarTable                 400731e0     ui_main.obj
 0003:00001910       _MonthAbbrev               40073910     ui_main.obj
 0003:00001940       _skillLevels               40073940     ui_main.obj
 0003:00001954       _netSources                40073954     ui_main.obj
 0003:00001964       _teamArenaGameTypes        40073964     ui_main.obj
 0003:00001988       _netnames                  40073988     ui_main.obj
 0003:00001998       _gamecodetoui              40073998     ui_main.obj
 0003:000019b4       _uitogamecode              400739b4     ui_main.obj
 0003:000019d0       _handicapValues            400739d0     ui_main.obj
 0003:00001a24       _updateModel               40073a24     ui_main.obj
 0003:00001a28       _updateOpponentModel       40073a28     ui_main.obj
 0003:00001a2c       ?lastColumn@?1??UI_FeederItemText@@9@9 40073a2c     ui_main.obj
 0003:00001a30       _cvarTableSize             40073a30     ui_main.obj
 0003:00001e90       _g_bindings                40073e90     ui_shared.obj
 0003:000024d8       ?staticNULL@?1??String_Alloc@@9@9 400744d8     ui_shared.obj
 0003:000024dc       _syscall                   400744dc     ui_syscalls.obj
 0003:00002500       ?__vcrt_flsindex@@3KA      40074500     libvcruntime:per_thread_data.obj
 0003:00002520       ?global_msvcrt_heap_handle_cache@?1??__acrt_get_msvcrt_heap_handle@@9@4PAXA 40074520     libucrt:free_base.obj
 0003:00002530       ?errno_no_memory@@3HA      40074530     libucrt:errno.obj
 0003:00002534       ?doserrno_no_memory@@3KA   40074534     libucrt:errno.obj
 0003:00002540       ?__acrt_flsindex@@3KA      40074540     libucrt:per_thread_data.obj
 0003:00002544       __ctype_loc_style          40074544     libucrt:wsetlocale.obj
 0003:00002910       __mbctypes                 40074910     libucrt:mbctype.obj
 0003:00002a18       __mbcasemaps               40074a18     libucrt:mbctype.obj
 0003:00002b18       ?__rgctypeflag@@3PADA      40074b18     libucrt:mbctype.obj
 0003:00002b20       ?__rgcode_page_info@@3PAUcode_page_info@@A 40074b20     libucrt:mbctype.obj
 0003:00002c80       ?__DAZ_ENABLED@?1??__set_fpsr_sse2@@9@9 40074c80     libucrt:fpctrl.obj
 0003:00002c90       ?__dcrt_lowio_console_output_handle@@3PAXA 40074c90     libucrt:initcon.obj
 0003:00002d6c       ?bops_initialized@?1??BoxOnPlaneSide@@9@9 40074d6c     q_math.obj
 0003:00002d70       ?Ljmptab@?1??BoxOnPlaneSide@@9@9 40074d70     q_math.obj
 0003:00002d90       ?sr@?1??AngleVectors@@9@9  40074d90     q_math.obj
 0003:00002d94       ?sp@?1??AngleVectors@@9@9  40074d94     q_math.obj
 0003:00002d98       ?sy@?1??AngleVectors@@9@9  40074d98     q_math.obj
 0003:00002d9c       ?cr@?1??AngleVectors@@9@9  40074d9c     q_math.obj
 0003:00002da0       ?cp@?1??AngleVectors@@9@9  40074da0     q_math.obj
 0003:00002da4       ?cy@?1??AngleVectors@@9@9  40074da4     q_math.obj
 0003:00002da8       _com_token                 40074da8     q_shared.obj
 0003:000031a8       _com_parsename             400751a8     q_shared.obj
 0003:000035a8       _com_lines                 400755a8     q_shared.obj
 0003:000035ac       ?index@?1??va@@9@9         400755ac     q_shared.obj
 0003:000035b0       ?string@?1??COM_ParseError@@9@9 400755b0     q_shared.obj
 0003:000045b0       ?string@?1??COM_ParseWarning@@9@9 400765b0     q_shared.obj
 0003:000055b0       ?string@?1??va@@9@9        400775b0     q_shared.obj
 0003:00014fb0       ?value@?1??Info_ValueForKey@@9@9 40086fb0     q_shared.obj
 0003:00018fb0       ?valueindex@?1??Info_ValueForKey@@9@9 4008afb0     q_shared.obj
 0003:00018fc0       ?buffer@?1??UI_Argv@@9@9   4008afc0     ui_atoms.obj
 0003:000193c0       ?buffer@?1??UI_Cvar_VariableString@@9@9 4008b3c0     ui_atoms.obj
 0003:000197c0       _ui_botInfos               4008b7c0     ui_gameinfo.obj
 0003:0001a7c0       _ui_numArenas              4008c7c0     ui_gameinfo.obj
 0003:0001a7c8       _ui_arenaInfos             4008c7c8     ui_gameinfo.obj
 0003:0001b7d0       ?index@?1??_UI_Refresh@@9@9 4008d7d0     ui_main.obj
 0003:0001b7d4       ?previousTimes@?1??_UI_Refresh@@9@9 4008d7d4     ui_main.obj
 0003:0001b7e4       _q3Model                   4008d7e4     ui_main.obj
 0003:0001b7e8       ?buf@?1??GetMenuBuffer@@9@9 4008d7e8     ui_main.obj
 0003:000237e8       ?info@?1??UI_DrawPlayerModel@@9@9 400957e8     ui_main.obj
 0003:00023ce4       ?init@?1??UI_HeadCountByTeam@@9@9 40095ce4     ui_main.obj
 0003:00023ce8       ?info2@?1??UI_DrawOpponent@@9@9 40095ce8     ui_main.obj
 0003:000241e4       ?numinvisible@?1??UI_BuildServerDisplayList@@9@9 400961e4     ui_main.obj
 0003:000241e8       ?numFound@?1??UI_BuildFindPlayerList@@9@9 400961e8     ui_main.obj
 0003:000241ec       ?numTimeOuts@?1??UI_BuildFindPlayerList@@9@9 400961ec     ui_main.obj
 0003:000241f0       ?info@?1??UI_FeederItemText@@9@9 400961f0     ui_main.obj
 0003:000245f0       ?hostname@?1??UI_FeederItemText@@9@9 400965f0     ui_main.obj
 0003:000249f0       ?clientBuff@?1??UI_FeederItemText@@9@9 400969f0     ui_main.obj
 0003:00024a10       ?lastTime@?1??UI_FeederItemText@@9@9 40096a10     ui_main.obj
 0003:00024a14       _lastConnState             40096a14     ui_main.obj
 0003:00024a18       ?info@?1??UI_FeederSelection@@9@9 40096a18     ui_main.obj
 0003:00024e18       _lastLoadingText           40096e18     ui_main.obj
 0003:00025218       _dp_realtime               40097218     ui_players.obj
 0003:0002521c       _jumpHeight                4009721c     ui_players.obj
 0003:0002522c       _scrollInfo                4009722c     ui_shared.obj
 0003:0002524c       _captureFunc               4009724c     ui_shared.obj
 0003:00025250       _captureData               40097250     ui_shared.obj
 0003:00025254       _itemCapture               40097254     ui_shared.obj
 0003:00025258       _g_waitingForKey           40097258     ui_shared.obj
 0003:0002525c       _g_editingField            4009725c     ui_shared.obj
 0003:00025260       _g_bindItem                40097260     ui_shared.obj
 0003:00025264       _g_editItem                40097264     ui_shared.obj
 0003:00025268       _debugMode                 40097268     ui_shared.obj
 0003:0002526c       _lastListBoxClickTime      4009726c     ui_shared.obj
 0003:00025270       _memoryPool                40097270     ui_shared.obj
 0003:00125270       _allocPoint                40197270     ui_shared.obj
 0003:00125274       _outOfMemory               40197274     ui_shared.obj
 0003:00125278       _strPoolIndex              40197278     ui_shared.obj
 0003:0012527c       _strHandleCount            4019727c     ui_shared.obj
 0003:00125280       _strPool                   40197280     ui_shared.obj
 0003:00185280       _strHandle                 401f7280     ui_shared.obj
 0003:00187280       ?string@?1??PC_SourceWarning@@9@9 401f9280     ui_shared.obj
 0003:00188280       ?string@?1??PC_SourceError@@9@9 401fa280     ui_shared.obj
 0003:00189280       ?rect@?1??Item_CorrectedTextRect@@9@9 401fb280     ui_shared.obj
 0003:00189290       ?inHandleKey@?9??Menu_HandleKey@@9@9 401fb290     ui_shared.obj
 0003:00189298       _GS_ExceptionRecord        401fb298     LIBCMT:gs_report.obj
 0003:001892e8       _GS_ContextRecord          401fb2e8     LIBCMT:gs_report.obj
 0003:001895b4       ?__proc_attached@@3HA      401fb5b4     LIBCMT:dll_dllmain.obj
 0003:001895e0       ?module_local_atexit_table@@3U_onexit_table_t@@A 401fb5e0     LIBCMT:utility.obj
 0003:001895ec       ?module_local_at_quick_exit_table@@3U_onexit_table_t@@A 401fb5ec     LIBCMT:utility.obj
 0003:001895f8       ?module_local_atexit_table_initialized@@3_NA 401fb5f8     LIBCMT:utility.obj
 0003:001895f9       ?is_initialized_as_dll@@3_NA 401fb5f9     LIBCMT:utility.obj
 0003:00189628       ?heap@@3V_HeapManager@@A   401fb628     libvcruntime:undname.obj
 0003:00189670       ?__vcrt_startup_thread_ptd@@3U__vcrt_ptd@@A 401fb670     libvcruntime:per_thread_data.obj
 0003:00189698       ___vcrt_lock_table         401fb698     libvcruntime:locks.obj
 0003:001896b0       ___vcrt_locks_initialized  401fb6b0     libvcruntime:locks.obj
 0003:001896b4       ?module_handles@@3PAPAUHINSTANCE__@@A 401fb6b4     libvcruntime:winapi_downlevel.obj
 0003:001896c0       ?encoded_function_pointers@@3PAPAXA 401fb6c0     libvcruntime:winapi_downlevel.obj
 0003:001896d8       ?c_termination_complete@@3JA 401fb6d8     libucrt:exit.obj
 0003:001896dc       ?thread_local_exit_callback_func@@3P6GXPAXK0@ZA 401fb6dc     libucrt:exit.obj
 0003:001896e8       ?program_name@?1???$common_configure_argv@D@@YAHW4_crt_argv_mode@@@Z@4PADA 401fb6e8     libucrt:argv_parsing.obj
 0003:001897f0       ?program_name@?1???$common_configure_argv@_W@@YAHW4_crt_argv_mode@@@Z@4PA_WA 401fb7f0     libucrt:argv_parsing.obj
 0003:00189a24       __pmatherr_set             401fba24     libucrt:libm_error.obj
 0003:00189a28       ?__acrt_invalid_parameter_handler@@3V?$dual_state_global@P6AXPB_W00II@Z@__crt_state_management@@A 401fba28     libucrt:invalid_parameter.obj
 0003:00189a40       ?enable_percent_n@@3IA     401fba40     libucrt:printf_count_output.obj
 0003:00189c58       ?__acrt_lock_table@@3PAU_RTL_CRITICAL_SECTION@@A 401fbc58     libucrt:locks.obj
 0003:00189da8       ?__acrt_locks_initialized@@3IA 401fbda8     libucrt:locks.obj
 0003:00189dac       ?state_cache@?1???$get_cached_win_policy@Ubegin_thread_init_policy_properties@?1??__acrt_get_begin_thread_init_policy@@YA?AW4begin_thread_init_policy@@XZ@@@YA?AW4begin_thread_init_policy@@W4AppPolicyThreadInitializationType@@@Z@4JA 401fbdac     libucrt:win_policies.obj
 0003:00189db0       ?state_cache@?1???$get_cached_win_policy@Udeveloper_information_policy_properties@?1??__acrt_get_developer_information_policy@@YA?AW4developer_information_policy@@XZ@@@YA?AW4developer_information_policy@@W4AppPolicyShowDeveloperDiagnostic@@@Z@4JA 401fbdb0     libucrt:win_policies.obj
 0003:00189db4       ?state_cache@?1???$get_cached_win_policy@Uwindowing_model_policy_properties@?1??__acrt_get_windowing_model_policy@@YA?AW4windowing_model_policy@@XZ@@@YA?AW4windowing_model_policy@@W4AppPolicyWindowingModel@@@Z@4JA 401fbdb4     libucrt:win_policies.obj
 0003:00189dc4       ?fSystemSet@@3HA           401fbdc4     libucrt:mbctype.obj
 0003:00189dc8       ?initialized@?1??__acrt_initialize_multibyte@@9@4_NA 401fbdc8     libucrt:mbctype.obj
 0003:00189de8       ?module_handles@@3PAPAUHINSTANCE__@@A 401fbde8     libucrt:winapi_thunks.obj
 0003:00189e38       ?encoded_function_pointers@@3PAPAXA 401fbe38     libucrt:winapi_thunks.obj
 0003:00189ec0       ?static_enum_proc@?1??enum_system_locales_ex_nolock@@YAHQ6GHPA_WKJ@Z@Z@4P6GH0KJ@ZA 401fbec0     libucrt:winapi_thunks.obj
 0003:00189ec8       ?__acrt_new_handler@@3V?$dual_state_global@P6AHI@Z@__crt_state_management@@A 401fbec8     libucrt:new_handler.obj
 0003:00189ecc       ?console_ctrl_handler_installed@@3_NA 401fbecc     libucrt:signal.obj
 0003:00189ed0       ?ctrlc_action@@3V?$dual_state_global@P6AXH@Z@__crt_state_management@@A 401fbed0     libucrt:signal.obj
 0003:00189ed4       ?ctrlbreak_action@@3V?$dual_state_global@P6AXH@Z@__crt_state_management@@A 401fbed4     libucrt:signal.obj
 0003:00189ed8       ?abort_action@@3V?$dual_state_global@P6AXH@Z@__crt_state_management@@A 401fbed8     libucrt:signal.obj
 0003:00189edc       ?term_action@@3V?$dual_state_global@P6AXH@Z@__crt_state_management@@A 401fbedc     libucrt:signal.obj
 0003:00189ee0       ?user_matherr@@3V?$dual_state_global@P6AHPAU_exception@@@Z@__crt_state_management@@A 401fbee0     libucrt:matherr.obj
 0003:00189ee4       ?__acrt_global_new_mode@@3V?$dual_state_global@J@__crt_state_management@@A 401fbee4     libucrt:new_mode.obj
 0003:00189ef4       ?__acrt_app_type@@3W4_crt_app_type@@A 401fbef4     libucrt:report_runtime_error.obj
 0003:00189ef8       ?outmsg@?9??__acrt_report_runtime_error@@9@4PA_WA 401fbef8     libucrt:report_runtime_error.obj
 0003:0018a520       ___acrt_error_mode         401fc520     libucrt:set_error_mode.obj
 0004:00000060       $R000000                   40231060     * linker generated manifest res *
