 qagamex86

 Timestamp is 5b1ee43e (Mon Jun 11 16:06:06 2018)

 Preferred load address is 20000000

 Start         Length     Name                   Class
 0001:00000000 00087042H .text$mn                CODE
 0002:00000000 00000154H .idata$5                DATA
 0002:00000154 00000004H .00cfg                  DATA
 0002:00000158 00000004H .CRT$XCA                DATA
 0002:0000015c 00000004H .CRT$XCZ                DATA
 0002:00000160 00000004H .CRT$XIA                DATA
 0002:00000164 0000000cH .CRT$XIC                DATA
 0002:00000170 00000004H .CRT$XIZ                DATA
 0002:00000174 00000004H .CRT$XPA                DATA
 0002:00000178 00000008H .CRT$XPX                DATA
 0002:00000180 00000004H .CRT$XPXA               DATA
 0002:00000184 00000004H .CRT$XPZ                DATA
 0002:00000188 00000004H .CRT$XTA                DATA
 0002:0000018c 00000004H .CRT$XTZ                DATA
 0002:00000190 00000000H .gfids$y                DATA
 0002:00000190 0000e5d0H .rdata                  DATA
 0002:0000e760 00000210H .rdata$r                DATA
 0002:0000e970 0000000cH .rdata$sxdata           DATA
 0002:0000e97c 00000320H .rdata$zzzdbg           DATA
 0002:0000ec9c 00000004H .rtc$IAA                DATA
 0002:0000eca0 00000004H .rtc$IZZ                DATA
 0002:0000eca4 00000004H .rtc$TAA                DATA
 0002:0000eca8 00000008H .rtc$TZZ                DATA
 0002:0000ecb0 00000810H .xdata$x                DATA
 0002:0000f4c0 0000005cH .edata                  DATA
 0002:0000f51c 00000014H .idata$2                DATA
 0002:0000f530 00000014H .idata$3                DATA
 0002:0000f544 00000154H .idata$4                DATA
 0002:0000f698 00000640H .idata$6                DATA
 0003:00000000 00002700H .data                   DATA
 0003:00002700 000000c0H .data$r                 DATA
 0003:000027c0 00156454H .bss                    DATA
 0004:00000000 00000060H .rsrc$01                DATA
 0004:00000060 00000180H .rsrc$02                DATA

  Address         Publics by Value              Rva+Base       Lib:Object

 0000:00000000       ___guard_iat_table         00000000     <absolute>
 0000:00000000       ___dynamic_value_reloc_table 00000000     <absolute>
 0000:00000000       ___guard_longjmp_table     00000000     <absolute>
 0000:00000000       ___hybrid_auxiliary_iat    00000000     <absolute>
 0000:00000000       ___guard_longjmp_count     00000000     <absolute>
 0000:00000000       ___hybrid_code_map         00000000     <absolute>
 0000:00000000       ___guard_fids_table        00000000     <absolute>
 0000:00000000       ___enclave_config          00000000     <absolute>
 0000:00000000       ___guard_iat_count         00000000     <absolute>
 0000:00000000       __except_list              00000000     <absolute>
 0000:00000000       ___hybrid_code_map_count   00000000     <absolute>
 0000:00000000       ___guard_fids_count        00000000     <absolute>
 0000:00000003       ___safe_se_handler_count   00000003     <absolute>
 0000:00000100       ___guard_flags             00000100     <absolute>
 0000:00000000       ___ImageBase               20000000     <linker-defined>
 0001:00000000       _BotChatTest               20001000 f   ai_chat.obj
 0001:00000970       _BotChatTime               20001970 f   ai_chat.obj
 0001:000009a0       _BotChat_Death             200019a0 f   ai_chat.obj
 0001:00000d50       _BotChat_EndLevel          20001d50 f   ai_chat.obj
 0001:00000f50       _BotChat_EnemySuicide      20001f50 f   ai_chat.obj
 0001:00001090       _BotChat_EnterGame         20002090 f   ai_chat.obj
 0001:000011d0       _BotChat_ExitGame          200021d0 f   ai_chat.obj
 0001:00001300       _BotChat_HitNoDeath        20002300 f   ai_chat.obj
 0001:000014d0       _BotChat_HitNoKill         200024d0 f   ai_chat.obj
 0001:00001670       _BotChat_HitTalking        20002670 f   ai_chat.obj
 0001:00001810       _BotChat_Kill              20002810 f   ai_chat.obj
 0001:00001a40       _BotChat_Random            20002a40 f   ai_chat.obj
 0001:00001ce0       _BotChat_StartLevel        20002ce0 f   ai_chat.obj
 0001:00001e10       _BotFirstClientInRankings  20002e10 f   ai_chat.obj
 0001:00001f20       _BotIsFirstInRankings      20002f20 f   ai_chat.obj
 0001:00002030       _BotIsLastInRankings       20003030 f   ai_chat.obj
 0001:00002140       _BotLastClientInRankings   20003140 f   ai_chat.obj
 0001:00002250       _BotMapTitle               20003250 f   ai_chat.obj
 0001:000022c0       _BotNumActivePlayers       200032c0 f   ai_chat.obj
 0001:00002390       _BotRandomOpponentName     20003390 f   ai_chat.obj
 0001:00002520       _BotRandomWeaponName       20003520 f   ai_chat.obj
 0001:000025b0       _BotValidChatPosition      200035b0 f   ai_chat.obj
 0001:00002760       _BotVisibleEnemies         20003760 f   ai_chat.obj
 0001:00002860       _BotWeaponNameForMeansOfDeath 20003860 f   ai_chat.obj
 0001:00002920       _BotAddressedToBot         20003920 f   ai_cmd.obj
 0001:00002ba0       _BotGPSToPosition          20003ba0 f   ai_cmd.obj
 0001:00002c60       _BotGetItemTeamGoal        20003c60 f   ai_cmd.obj
 0001:00002cc0       _BotGetMessageTeamGoal     20003cc0 f   ai_cmd.obj
 0001:00002d20       _BotGetPatrolWaypoints     20003d20 f   ai_cmd.obj
 0001:00002f20       _BotGetTime                20003f20 f   ai_cmd.obj
 0001:00003090       _BotMatchMessage           20004090 f   ai_cmd.obj
 0001:00003390       _BotMatch_AttackEnemyBase  20004390 f   ai_cmd.obj
 0001:00003490       _BotMatch_CTF              20004490 f   ai_cmd.obj
 0001:000035e0       _BotMatch_Camp             200045e0 f   ai_cmd.obj
 0001:00003910       _BotMatch_CheckPoint       20004910 f   ai_cmd.obj
 0001:00003b60       _BotMatch_DefendKeyArea    20004b60 f   ai_cmd.obj
 0001:00003cb0       _BotMatch_Dismiss          20004cb0 f   ai_cmd.obj
 0001:00003d60       _BotMatch_EnterGame        20004d60 f   ai_cmd.obj
 0001:00003db0       _BotMatch_FormationSpace   20004db0 f   ai_cmd.obj
 0001:00003e70       _BotMatch_GetFlag          20004e70 f   ai_cmd.obj
 0001:00003f90       _BotMatch_GetItem          20004f90 f   ai_cmd.obj
 0001:000040b0       _BotMatch_HelpAccompany    200050b0 f   ai_cmd.obj
 0001:00004490       _BotMatch_JoinSubteam      20005490 f   ai_cmd.obj
 0001:00004550       _BotMatch_Kill             20005550 f   ai_cmd.obj
 0001:00004680       _BotMatch_LeadTheWay       20005680 f   ai_cmd.obj
 0001:000048f0       _BotMatch_LeaveSubteam     200058f0 f   ai_cmd.obj
 0001:00004990       _BotMatch_NewLeader        20005990 f   ai_cmd.obj
 0001:000049f0       _BotMatch_Patrol           200059f0 f   ai_cmd.obj
 0001:00004b20       _BotMatch_ReturnFlag       20005b20 f   ai_cmd.obj
 0001:00004c10       _BotMatch_RushBase         20005c10 f   ai_cmd.obj
 0001:00004d20       _BotMatch_StartTeamLeaderShip 20005d20 f   ai_cmd.obj
 0001:00004dd0       _BotMatch_StopTeamLeaderShip 20005dd0 f   ai_cmd.obj
 0001:00004ea0       _BotMatch_Suicide          20005ea0 f   ai_cmd.obj
 0001:00004f30       _BotMatch_TaskPreference   20005f30 f   ai_cmd.obj
 0001:00005040       _BotMatch_WhatAreYouDoing  20006040 f   ai_cmd.obj
 0001:00005230       _BotMatch_WhatIsMyCommand  20006230 f   ai_cmd.obj
 0001:00005290       _BotMatch_WhereAreYou      20006290 f   ai_cmd.obj
 0001:00005500       _BotMatch_WhichTeam        20006500 f   ai_cmd.obj
 0001:00005580       _BotMatch_WhoIsTeamLeader  20006580 f   ai_cmd.obj
 0001:000055f0       _BotNearestVisibleItem     200065f0 f   ai_cmd.obj
 0001:00005760       _FindClientByName          20006760 f   ai_cmd.obj
 0001:00005840       _FindEnemyByName           20006840 f   ai_cmd.obj
 0001:00005940       _NumPlayersOnSameTeam      20006940 f   ai_cmd.obj
 0001:000059f0       ___local_stdio_scanf_options 200069f0 f i ai_cmd.obj
 0001:00005a00       _sscanf                    20006a00 f i ai_cmd.obj
 0001:00005a30       _AIEnter_Battle_Chase      20006a30 f   ai_dmnet.obj
 0001:00005a70       _AIEnter_Battle_Fight      20006a70 f   ai_dmnet.obj
 0001:00005ab0       _AIEnter_Battle_NBG        20006ab0 f   ai_dmnet.obj
 0001:00005ae0       _AIEnter_Battle_Retreat    20006ae0 f   ai_dmnet.obj
 0001:00005b10       _AIEnter_Battle_SuicidalFight 20006b10 f   ai_dmnet.obj
 0001:00005b50       _AIEnter_Intermission      20006b50 f   ai_dmnet.obj
 0001:00005ba0       _AIEnter_Observer          20006ba0 f   ai_dmnet.obj
 0001:00005bd0       _AIEnter_Respawn           20006bd0 f   ai_dmnet.obj
 0001:00005ca0       _AIEnter_Seek_ActivateEntity 20006ca0 f   ai_dmnet.obj
 0001:00005cd0       _AIEnter_Seek_LTG          20006cd0 f   ai_dmnet.obj
 0001:00005d70       _AIEnter_Seek_NBG          20006d70 f   ai_dmnet.obj
 0001:00005e10       _AIEnter_Stand             20006e10 f   ai_dmnet.obj
 0001:00005e60       _AINode_Battle_Chase       20006e60 f   ai_dmnet.obj
 0001:00006330       _AINode_Battle_Fight       20007330 f   ai_dmnet.obj
 0001:00006800       _AINode_Battle_NBG         20007800 f   ai_dmnet.obj
 0001:00006c80       _AINode_Battle_Retreat     20007c80 f   ai_dmnet.obj
 0001:00007220       _AINode_Intermission       20008220 f   ai_dmnet.obj
 0001:00007290       _AINode_Observer           20008290 f   ai_dmnet.obj
 0001:000072c0       _AINode_Respawn            200082c0 f   ai_dmnet.obj
 0001:000073a0       _AINode_Seek_ActivateEntity 200083a0 f   ai_dmnet.obj
 0001:000079e0       _AINode_Seek_LTG           200089e0 f   ai_dmnet.obj
 0001:00008000       _AINode_Seek_NBG           20009000 f   ai_dmnet.obj
 0001:00008430       _AINode_Stand              20009430 f   ai_dmnet.obj
 0001:00008550       _BotClearPath              20009550 f   ai_dmnet.obj
 0001:00008960       _BotDumpNodeSwitches       20009960 f   ai_dmnet.obj
 0001:00008a00       _BotGetAirGoal             20009a00 f   ai_dmnet.obj
 0001:00008b90       _BotGetItemLongTermGoal    20009b90 f   ai_dmnet.obj
 0001:00008c80       _BotGetLongTermGoal        20009c80 f   ai_dmnet.obj
 0001:0000a660       _BotGoForAir               2000b660 f   ai_dmnet.obj
 0001:0000a780       _BotLongTermGoal           2000b780 f   ai_dmnet.obj
 0001:0000ac40       _BotNearbyGoal             2000bc40 f   ai_dmnet.obj
 0001:0000ace0       _BotReachedGoal            2000bce0 f   ai_dmnet.obj
 0001:0000ae40       _BotRecordNodeSwitch       2000be40 f   ai_dmnet.obj
 0001:0000aed0       _BotResetNodeSwitches      2000bed0 f   ai_dmnet.obj
 0001:0000aee0       _BotSelectActivateWeapon   2000bee0 f   ai_dmnet.obj
 0001:0000afa0       _BotAIBlocked              2000bfa0 f   ai_dmq3.obj
 0001:0000b290       _BotAIPredictObstacles     2000c290 f   ai_dmq3.obj
 0001:0000b3f0       _BotAggression             2000c3f0 f   ai_dmq3.obj
 0001:0000b500       _BotAimAtEnemy             2000c500 f   ai_dmq3.obj
 0001:0000c8c0       _BotAlternateRoute         2000d8c0 f   ai_dmq3.obj
 0001:0000c960       _BotAttackMove             2000d960 f   ai_dmq3.obj
 0001:0000cf90       _BotBattleUseItems         2000df90 f   ai_dmq3.obj
 0001:0000cff0       _BotCTFCarryingFlag        2000dff0 f   ai_dmq3.obj
 0001:0000d030       _BotCTFRetreatGoals        2000e030 f   ai_dmq3.obj
 0001:0000d0a0       _BotCTFSeekGoals           2000e0a0 f   ai_dmq3.obj
 0001:0000d8e0       _BotCanAndWantsToRocketJump 2000e8e0 f   ai_dmq3.obj
 0001:0000d970       _BotCheckAir               2000e970 f   ai_dmq3.obj
 0001:0000d9b0       _BotCheckAttack            2000e9b0 f   ai_dmq3.obj
 0001:0000de80       _BotCheckConsoleMessages   2000ee80 f   ai_dmq3.obj
 0001:0000e220       _BotCheckEvents            2000f220 f   ai_dmq3.obj
 0001:0000e5e0       _BotCheckForGrenades       2000f5e0 f   ai_dmq3.obj
 0001:0000e620       _BotCheckItemPickup        2000f620 f   ai_dmq3.obj
 0001:0000e630       _BotCheckSnapshot          2000f630 f   ai_dmq3.obj
 0001:0000e710       _BotChooseWeapon           2000f710 f   ai_dmq3.obj
 0001:0000e780       _BotClearActivateGoalStack 2000f780 f   ai_dmq3.obj
 0001:0000e7b0       _BotCreateWayPoint         2000f7b0 f   ai_dmq3.obj
 0001:0000e850       _BotDeathmatchAI           2000f850 f   ai_dmq3.obj
 0001:0000eb20       _BotDontAvoid              2000fb20 f   ai_dmq3.obj
 0001:0000eb90       _BotEnableActivateGoalAreas 2000fb90 f   ai_dmq3.obj
 0001:0000ebf0       _BotEnemyFlag              2000fbf0 f   ai_dmq3.obj
 0001:0000ec20       _BotEnemyFlagCarrierVisible 2000fc20 f   ai_dmq3.obj
 0001:0000ed00       _BotEntityVisible          2000fd00 f   ai_dmq3.obj
 0001:0000f140       _BotFeelingBad             20010140 f   ai_dmq3.obj
 0001:0000f190       _BotFindEnemy              20010190 f   ai_dmq3.obj
 0001:0000f6a0       _BotFindWayPoint           200106a0 f   ai_dmq3.obj
 0001:0000f6e0       _BotFreeWaypoints          200106e0 f   ai_dmq3.obj
 0001:0000f710       _BotFuncButtonActivateGoal 20010710 f   ai_dmq3.obj
 0001:00010170       _BotFuncDoorActivateGoal   20011170 f   ai_dmq3.obj
 0001:000102d0       _BotGetActivateGoal        200112d0 f   ai_dmq3.obj
 0001:00010ac0       _BotGetAlternateRouteGoal  20011ac0 f   ai_dmq3.obj
 0001:00010bd0       _BotGoCamp                 20011bd0 f   ai_dmq3.obj
 0001:00010cf0       _BotGoForActivateGoal      20011cf0 f   ai_dmq3.obj
 0001:00010dc0       _BotGoForPowerups          20011dc0 f   ai_dmq3.obj
 0001:00010e10       _BotGoalForBSPEntity       20011e10 f   ai_dmq3.obj
 0001:00010f90       _BotHasPersistantPowerupAndWeapon 20011f90 f   ai_dmq3.obj
 0001:00011060       _BotInLavaOrSlime          20012060 f   ai_dmq3.obj
 0001:000110c0       _BotInitWaypoints          200120c0 f   ai_dmq3.obj
 0001:000110e0       _BotIntermission           200120e0 f   ai_dmq3.obj
 0001:00011110       _BotIsDead                 20012110 f   ai_dmq3.obj
 0001:00011130       _BotIsGoingToActivateEntity 20012130 f   ai_dmq3.obj
 0001:000111b0       _BotIsObserver             200121b0 f   ai_dmq3.obj
 0001:00011230       _BotMapScripts             20012230 f   ai_dmq3.obj
 0001:000115a0       _BotModelMinsMaxs          200125a0 f   ai_dmq3.obj
 0001:000116c0       _BotOppositeTeam           200126c0 f   ai_dmq3.obj
 0001:000116f0       _BotPointAreaNum           200126f0 f   ai_dmq3.obj
 0001:00011770       _BotPopFromActivateGoalStack 20012770 f   ai_dmq3.obj
 0001:000117d0       _BotPrintActivateGoalInfo  200127d0 f   ai_dmq3.obj
 0001:000118a0       _BotPushOntoActivateGoalStack 200128a0 f   ai_dmq3.obj
 0001:000119f0       _BotRandomMove             200129f0 f   ai_dmq3.obj
 0001:00011aa0       _BotRefuseOrder            20012aa0 f   ai_dmq3.obj
 0001:00011b10       _BotRememberLastOrderedTask 20012b10 f   ai_dmq3.obj
 0001:00011b80       _BotRoamGoal               20012b80 f   ai_dmq3.obj
 0001:00011ee0       _BotSameTeam               20012ee0 f   ai_dmq3.obj
 0001:00011fb0       _BotSetEntityNumForGoal    20012fb0 f   ai_dmq3.obj
 0001:00012050       _BotSetEntityNumForGoalWithModel 20013050 f   ai_dmq3.obj
 0001:000120f0       _BotSetLastOrderedTask     200130f0 f   ai_dmq3.obj
 0001:00012240       _BotSetMovedir             20013240 f   ai_dmq3.obj
 0001:00012320       _BotSetTeamStatus          20013320 f   ai_dmq3.obj
 0001:00012330       _BotSetTeleportTime        20013330 f   ai_dmq3.obj
 0001:00012360       _BotSetUserInfo            20013360 f   ai_dmq3.obj
 0001:000123d0       _BotSetupAlternativeRouteGoals 200133d0 f   ai_dmq3.obj
 0001:000123f0       _BotSetupDeathmatchAI      200133f0 f   ai_dmq3.obj
 0001:000125c0       _BotSetupForMovement       200135c0 f   ai_dmq3.obj
 0001:000126f0       _BotShutdownDeathmatchAI   200136f0 f   ai_dmq3.obj
 0001:00012700       _BotSynonymContext         20013700 f   ai_dmq3.obj
 0001:00012730       _BotTeam                   20013730 f   ai_dmq3.obj
 0001:000127e0       _BotTeamFlag               200137e0 f   ai_dmq3.obj
 0001:00012810       _BotTeamFlagCarrier        20013810 f   ai_dmq3.obj
 0001:000128b0       _BotTeamFlagCarrierVisible 200138b0 f   ai_dmq3.obj
 0001:00012990       _BotTeamGoals              20013990 f   ai_dmq3.obj
 0001:000129f0       _BotTriggerMultipleActivateGoal 200139f0 f   ai_dmq3.obj
 0001:00012c70       _BotUpdateBattleInventory  20013c70 f   ai_dmq3.obj
 0001:00012d10       _BotUpdateInventory        20013d10 f   ai_dmq3.obj
 0001:00012ee0       _BotVisibleTeamMatesAndEnemies 20013ee0 f   ai_dmq3.obj
 0001:00013030       _BotWantsToCamp            20014030 f   ai_dmq3.obj
 0001:00013250       _BotWantsToChase           20014250 f   ai_dmq3.obj
 0001:00013310       _BotWantsToHelp            20014310 f   ai_dmq3.obj
 0001:00013320       _BotWantsToRetreat         20014320 f   ai_dmq3.obj
 0001:000133e0       _ClientFromName            200143e0 f   ai_dmq3.obj
 0001:000134a0       _ClientName                200144a0 f   ai_dmq3.obj
 0001:00013540       _ClientOnSameTeamFromName  20014540 f   ai_dmq3.obj
 0001:00013610       _ClientSkin                20014610 f   ai_dmq3.obj
 0001:000136b0       _EasyClientName            200146b0 f   ai_dmq3.obj
 0001:000138d0       _EntityCarriesFlag         200148d0 f   ai_dmq3.obj
 0001:000138f0       _EntityHasQuad             200148f0 f   ai_dmq3.obj
 0001:00013910       _EntityIsChatting          20014910 f   ai_dmq3.obj
 0001:00013930       _EntityIsDead              20014930 f   ai_dmq3.obj
 0001:00013990       _EntityIsInvisible         20014990 f   ai_dmq3.obj
 0001:000139c0       _EntityIsShooting          200149c0 f   ai_dmq3.obj
 0001:000139e0       _InFieldOfVision           200149e0 f   ai_dmq3.obj
 0001:00013ad0       _TeamPlayIsOn              20014ad0 f   ai_dmq3.obj
 0001:00013ae0       _stristr                   20014ae0 f   ai_dmq3.obj
 0001:00013b70       _AngleDifference           20014b70 f   ai_main.obj
 0001:00013be0       _BotAI                     20014be0 f   ai_main.obj
 0001:00013f60       _BotAILoadMap              20014f60 f   ai_main.obj
 0001:00013ff0       _BotAIRegularUpdate        20014ff0 f   ai_main.obj
 0001:00014030       _BotAISetup                20015030 f   ai_main.obj
 0001:00014190       _BotAISetupClient          20015190 f   ai_main.obj
 0001:00014520       _BotAIShutdown             20015520 f   ai_main.obj
 0001:00014570       _BotAIShutdownClient       20015570 f   ai_main.obj
 0001:00014640       _BotAIStartFrame           20015640 f   ai_main.obj
 0001:00014b00       _BotAI_BotInitialChat      20015b00 f   ai_main.obj
 0001:00014b80       _BotAI_GetClientState      20015b80 f   ai_main.obj
 0001:00014bc0       _BotAI_GetEntityState      20015bc0 f   ai_main.obj
 0001:00014c20       _BotAI_GetSnapshotEntity   20015c20 f   ai_main.obj
 0001:00014c70       _BotAI_Print               20015c70 f   ai_main.obj
 0001:00014da0       _BotAI_Trace               20015da0 f   ai_main.obj
 0001:00014e40       _BotChangeViewAngle        20015e40 f   ai_main.obj
 0001:00014f10       _BotChangeViewAngles       20015f10 f   ai_main.obj
 0001:00015170       _BotEntityInfo             20016170 f   ai_main.obj
 0001:00015180       _BotInitLibrary            20016180 f   ai_main.obj
 0001:00015630       _BotInputToUserCommand     20016630 f   ai_main.obj
 0001:000158e0       _BotInterbreedBots         200168e0 f   ai_main.obj
 0001:00015a10       _BotInterbreedEndMatch     20016a10 f   ai_main.obj
 0001:00015a80       _BotInterbreeding          20016a80 f   ai_main.obj
 0001:00015b80       _BotReadSessionData        20016b80 f   ai_main.obj
 0001:00015c50       _BotReportStatus           20016c50 f   ai_main.obj
 0001:00015f70       _BotResetState             20016f70 f   ai_main.obj
 0001:000160e0       _BotScheduleBotThink       200170e0 f   ai_main.obj
 0001:00016120       _BotSetInfoConfigString    20017120 f   ai_main.obj
 0001:00016390       _BotTeamLeader             20017390 f   ai_main.obj
 0001:000163d0       _BotTeamplayReport         200173d0 f   ai_main.obj
 0001:00016590       _BotTestAAS                20017590 f   ai_main.obj
 0001:00016690       _BotUpdateInfoConfigStrings 20017690 f   ai_main.obj
 0001:00016750       _BotUpdateInput            20017750 f   ai_main.obj
 0001:00016890       _BotWriteInterbreeded      20017890 f   ai_main.obj
 0001:00016900       _BotWriteSessionData       20017900 f   ai_main.obj
 0001:00016a00       _NumBots                   20017a00 f   ai_main.obj
 0001:00016a10       _RemoveColorEscapeSequences 20017a10 f   ai_main.obj
 0001:00016a60       ___local_stdio_printf_options 20017a60 f i ai_main.obj
 0001:00016a70       _BotCTFOrders              20017a70 f   ai_team.obj
 0001:00016af0       _BotCTFOrders_BothFlagsAtBase 20017af0 f   ai_team.obj
 0001:00016ec0       _BotCTFOrders_BothFlagsNotAtBase 20017ec0 f   ai_team.obj
 0001:00017210       _BotCTFOrders_EnemyFlagNotAtBase 20018210 f   ai_team.obj
 0001:00017520       _BotCTFOrders_FlagNotAtBase 20018520 f   ai_team.obj
 0001:000178e0       _BotClientTravelTimeToGoal 200188e0 f   ai_team.obj
 0001:00017960       _BotCreateGroup            20018960 f   ai_team.obj
 0001:00017a00       _BotGetTeamMateTaskPreference 20018a00 f   ai_team.obj
 0001:00017a70       _BotNumTeamMates           20018a70 f   ai_team.obj
 0001:00017b60       _BotSayTeamOrder           20018b60 f   ai_team.obj
 0001:00017b70       _BotSayTeamOrderAlways     20018b70 f   ai_team.obj
 0001:00017c20       _BotSayVoiceTeamOrder      20018c20 f   ai_team.obj
 0001:00017c30       _BotSetTeamMateTaskPreference 20018c30 f   ai_team.obj
 0001:00017c90       _BotSortTeamMatesByBaseTravelTime 20018c90 f   ai_team.obj
 0001:00017ea0       _BotSortTeamMatesByTaskPreference 20018ea0 f   ai_team.obj
 0001:00017fb0       _BotTeamAI                 20018fb0 f   ai_team.obj
 0001:000183b0       _BotTeamOrders             200193b0 f   ai_team.obj
 0001:00018580       _BotValidTeamLeader        20019580 f   ai_team.obj
 0001:000185c0       _BotVoiceChat              200195c0 f   ai_team.obj
 0001:000185d0       _BotVoiceChatOnly          200195d0 f   ai_team.obj
 0001:000185e0       _FindHumanTeamLeader       200195e0 f   ai_team.obj
 0001:00018660       _BotVoiceChat_Defend       20019660 f   ai_vcmd.obj
 0001:00018790       _BotVoiceChat_GetFlag      20019790 f   ai_vcmd.obj
 0001:00018860       _BotVoiceChat_Offense      20019860 f   ai_vcmd.obj
 0001:00018910       _BotVoiceChat_DefendFlag   20019910 f   ai_vcmd.obj
 0001:00018920       _BotVoiceChat_Patrol       20019920 f   ai_vcmd.obj
 0001:00018990       _BotVoiceChat_Camp         20019990 f   ai_vcmd.obj
 0001:00018b50       _BotVoiceChat_FollowMe     20019b50 f   ai_vcmd.obj
 0001:00018d20       _BotVoiceChat_FollowFlagCarrier 20019d20 f   ai_vcmd.obj
 0001:00018d40       _BotVoiceChat_ReturnFlag   20019d40 f   ai_vcmd.obj
 0001:00018de0       _BotVoiceChat_StartLeader  20019de0 f   ai_vcmd.obj
 0001:00018e00       _BotVoiceChat_StopLeader   20019e00 f   ai_vcmd.obj
 0001:00018e60       _BotVoiceChat_WhoIsLeader  20019e60 f   ai_vcmd.obj
 0001:00018ef0       _BotVoiceChat_WantOnDefense 20019ef0 f   ai_vcmd.obj
 0001:00018f80       _BotVoiceChat_WantOnOffense 20019f80 f   ai_vcmd.obj
 0001:00019010       _BotVoiceChat_Dummy        2001a010 f   ai_vcmd.obj
 0001:00019020       _BotVoiceChatCommand       2001a020 f   ai_vcmd.obj
 0001:000191b0       _BG_AddPredictableEventToPlayerstate 2001a1b0 f   bg_misc.obj
 0001:000191e0       _BG_CanItemBeGrabbed       2001a1e0 f   bg_misc.obj
 0001:00019390       _BG_EvaluateTrajectory     2001a390 f   bg_misc.obj
 0001:00019520       _BG_EvaluateTrajectoryDelta 2001a520 f   bg_misc.obj
 0001:00019660       _BG_FindItem               2001a660 f   bg_misc.obj
 0001:000196a0       _BG_FindItemForHoldable    2001a6a0 f   bg_misc.obj
 0001:000196f0       _BG_FindItemForPowerup     2001a6f0 f   bg_misc.obj
 0001:00019740       _BG_FindItemForWeapon      2001a740 f   bg_misc.obj
 0001:00019780       _BG_PlayerStateToEntityState 2001a780 f   bg_misc.obj
 0001:00019a00       _BG_PlayerStateToEntityStateExtraPolate 2001aa00 f   bg_misc.obj
 0001:00019c90       _BG_PlayerTouchesItem      2001ac90 f   bg_misc.obj
 0001:00019d20       _BG_TouchFlip              2001ad20 f   bg_misc.obj
 0001:00019d30       _BG_TouchJumpPad           2001ad30 f   bg_misc.obj
 0001:00019e90       _PM_AddEvent               2001ae90 f   bg_pmove.obj
 0001:00019eb0       _PM_AddTouchEnt            2001aeb0 f   bg_pmove.obj
 0001:0001a580       _PM_ClipVelocity           2001b580 f   bg_pmove.obj
 0001:0001be40       _PM_UpdateViewAngles       2001ce40 f   bg_pmove.obj
 0001:0001c820       _Pmove                     2001d820 f   bg_pmove.obj
 0001:0001c8c0       _PmoveSingle               2001d8c0 f   bg_pmove.obj
 0001:0001cc80       _PM_SlideMove              2001dc80 f   bg_slidemove.obj
 0001:0001d490       _PM_StepSlideMove          2001e490 f   bg_slidemove.obj
 0001:0001d7e0       _ClientEndFrame            2001e7e0 f   g_active.obj
 0001:0001d930       _ClientEvents              2001e930 f   g_active.obj
 0001:0001ddd0       _ClientImpacts             2001edd0 f   g_active.obj
 0001:0001dea0       _ClientInactivityTimer     2001eea0 f   g_active.obj
 0001:0001dfb0       _ClientIntermissionThink   2001efb0 f   g_active.obj
 0001:0001e000       _ClientThink               2001f000 f   g_active.obj
 0001:0001e060       _ClientThink_real          2001f060 f   g_active.obj
 0001:0001e7b0       _ClientTimerActions        2001f7b0 f   g_active.obj
 0001:0001e8c0       _G_RunClient               2001f8c0 f   g_active.obj
 0001:0001e900       _G_SetClientSound          2001f900 f   g_active.obj
 0001:0001e940       _G_TouchTriggers           2001f940 f   g_active.obj
 0001:0001eba0       _P_DamageFeedback          2001fba0 f   g_active.obj
 0001:0001ecf0       _P_WorldEffects            2001fcf0 f   g_active.obj
 0001:0001ee90       _SendPendingPredictableEvents 2001fe90 f   g_active.obj
 0001:0001ef30       _SpectatorClientEndFrame   2001ff30 f   g_active.obj
 0001:0001f020       _SpectatorThink            20020020 f   g_active.obj
 0001:0001f930       _SpawnModelsOnVictoryPads  20020930 f   g_arenas.obj
 0001:0001fc00       _Svcmd_AbortPodium_f       20020c00 f   g_arenas.obj
 0001:0001fc30       _UpdateTournamentInfo      20020c30 f   g_arenas.obj
 0001:00020250       _G_AddRandomBot            20021250 f   g_bot.obj
 0001:000204d0       _G_BotConnect              200214d0 f   g_bot.obj
 0001:000205c0       _G_CheckBotSpawn           200215c0 f   g_bot.obj
 0001:00020650       _G_CheckMinimumPlayers     20021650 f   g_bot.obj
 0001:000207c0       _G_CountBotPlayers         200217c0 f   g_bot.obj
 0001:00020860       _G_CountHumanPlayers       20021860 f   g_bot.obj
 0001:000208c0       _G_GetArenaInfoByMap       200218c0 f   g_bot.obj
 0001:00020910       _G_GetBotInfoByName        20021910 f   g_bot.obj
 0001:00020960       _G_GetBotInfoByNumber      20021960 f   g_bot.obj
 0001:000209a0       _G_InitBots                200219a0 f   g_bot.obj
 0001:00021000       _G_ParseInfos              20022000 f   g_bot.obj
 0001:00021220       _G_RemoveQueuedBotBegin    20022220 f   g_bot.obj
 0001:00021250       _G_RemoveRandomBot         20022250 f   g_bot.obj
 0001:000214f0       _Svcmd_AddBot_f            200224f0 f   g_bot.obj
 0001:00021670       _Svcmd_BotList_f           20022670 f   g_bot.obj
 0001:00021830       _trap_Cvar_VariableValue   20022830 f   g_bot.obj
 0001:00021890       _BodySink                  20022890 f   g_client.obj
 0001:000218e0       _ClientBegin               200228e0 f   g_client.obj
 0001:00021aa0       _ClientConnect             20022aa0 f   g_client.obj
 0001:00021ce0       _ClientDisconnect          20022ce0 f   g_client.obj
 0001:00021ea0       _ClientSpawn               20022ea0 f   g_client.obj
 0001:000224d0       _ClientUserinfoChanged     200234d0 f   g_client.obj
 0001:000229d0       _CopyToBodyQue             200239d0 f   g_client.obj
 0001:00022c50       _InitBodyQue               20023c50 f   g_client.obj
 0001:00022c90       _PickTeam                  20023c90 f   g_client.obj
 0001:00022ce0       _SP_info_player_deathmatch 20023ce0 f   g_client.obj
 0001:00022d40       _SP_info_player_intermission 20023d40 f   g_client.obj
 0001:00022d50       _SP_info_player_start      20023d50 f   g_client.obj
 0001:00022d70       _SelectInitialSpawnPoint   20023d70 f   g_client.obj
 0001:00022e10       _SelectNearestDeathmatchSpawnPoint 20023e10 f   g_client.obj
 0001:00022ed0       _SelectRandomDeathmatchSpawnPoint 20023ed0 f   g_client.obj
 0001:00022f80       _SelectRandomFurthestSpawnPoint 20023f80 f   g_client.obj
 0001:00023250       _SelectSpawnPoint          20024250 f   g_client.obj
 0001:00023260       _SelectSpectatorSpawnPoint 20024260 f   g_client.obj
 0001:000232c0       _SetClientViewAngle        200242c0 f   g_client.obj
 0001:00023380       _SpotWouldTelefrag         20024380 f   g_client.obj
 0001:00023460       _TeamCount                 20024460 f   g_client.obj
 0001:000234b0       _TeamLeader                200244b0 f   g_client.obj
 0001:00023500       _respawn                   20024500 f   g_client.obj
 0001:00023550       _BroadcastTeamChange       20024550 f   g_cmds.obj
 0001:000235c0       _CheatsOk                  200245c0 f   g_cmds.obj
 0001:00023650       _ClientCommand             20024650 f   g_cmds.obj
 0001:00023d10       _ClientNumberFromString    20024d10 f   g_cmds.obj
 0001:00023ea0       _Cmd_CallTeamVote_f        20024ea0 f   g_cmds.obj
 0001:000243b0       _Cmd_CallVote_f            200253b0 f   g_cmds.obj
 0001:000248f0       _Cmd_Flip_f                200258f0 f   g_cmds.obj
 0001:00024930       _Cmd_FollowCycle_f         20025930 f   g_cmds.obj
 0001:00024a10       _Cmd_Follow_f              20025a10 f   g_cmds.obj
 0001:00024b10       _Cmd_GameCommand_f         20025b10 f   g_cmds.obj
 0001:00024bc0       _Cmd_Give_f                20025bc0 f   g_cmds.obj
 0001:00024e40       _Cmd_God_f                 20025e40 f   g_cmds.obj
 0001:00024ea0       _Cmd_Kill_f                20025ea0 f   g_cmds.obj
 0001:00024ef0       _Cmd_LevelShot_f           20025ef0 f   g_cmds.obj
 0001:00024f50       _Cmd_Noclip_f              20025f50 f   g_cmds.obj
 0001:00024fd0       _Cmd_Notarget_f            20025fd0 f   g_cmds.obj
 0001:00025070       _Cmd_Score_f               20026070 f   g_cmds.obj
 0001:00025080       _Cmd_SetViewpos_f          20026080 f   g_cmds.obj
 0001:00025190       _Cmd_Stats_f               20026190 f   g_cmds.obj
 0001:000251a0       _Cmd_TeamTask_f            200261a0 f   g_cmds.obj
 0001:00025260       _Cmd_TeamVote_f            20026260 f   g_cmds.obj
 0001:000253a0       _Cmd_Team_f                200263a0 f   g_cmds.obj
 0001:000255a0       _Cmd_Uber_f                200265a0 f   g_cmds.obj
 0001:00025a50       _Cmd_Vote_f                20026a50 f   g_cmds.obj
 0001:00025b90       _Cmd_Where_f               20026b90 f   g_cmds.obj
 0001:00025bd0       _ConcatArgs                20026bd0 f   g_cmds.obj
 0001:00025ca0       _DeathmatchScoreboardMessage 20026ca0 f   g_cmds.obj
 0001:00025e80       _G_Say                     20026e80 f   g_cmds.obj
 0001:000261e0       _G_Voice                   200271e0 f   g_cmds.obj
 0001:00026330       _SanitizeString            20027330 f   g_cmds.obj
 0001:00026380       _SetTeam                   20027380 f   g_cmds.obj
 0001:000266e0       _StopFollowing             200276e0 f   g_cmds.obj
 0001:00026750       _AddScore                  20027750 f   g_combat.obj
 0001:000267b0       _CanDamage                 200277b0 f   g_combat.obj
 0001:00026a50       _CheckAlmostCapture        20027a50 f   g_combat.obj
 0001:00026b60       _CheckAlmostScored         20027b60 f   g_combat.obj
 0001:00026c20       _CheckArmor                20027c20 f   g_combat.obj
 0001:00026cb0       _G_Damage                  20027cb0 f   g_combat.obj
 0001:00027110       _G_RadiusDamage            20028110 f   g_combat.obj
 0001:00027490       _GibEntity                 20028490 f   g_combat.obj
 0001:00027540       _LookAtKiller              20028540 f   g_combat.obj
 0001:000275f0       _RaySphereIntersections    200285f0 f   g_combat.obj
 0001:000277d0       _ScorePlum                 200287d0 f   g_combat.obj
 0001:00027810       _TossClientItems           20028810 f   g_combat.obj
 0001:00027950       _body_die                  20028950 f   g_combat.obj
 0001:00027990       _player_die                20028990 f   g_combat.obj
 0001:00027f00       _Add_Ammo                  20028f00 f   g_items.obj
 0001:00028020       _ClearRegisteredItems      20029020 f   g_items.obj
 0001:00028050       _Drop_Item                 20029050 f   g_items.obj
 0001:00028140       _FinishSpawningItem        20029140 f   g_items.obj
 0001:000283f0       _G_BounceItem              200293f0 f   g_items.obj
 0001:000285d0       _G_CheckTeamItems          200295d0 f   g_items.obj
 0001:00028670       _G_ItemDisabled            20029670 f   g_items.obj
 0001:000286c0       _G_RunItem                 200296c0 f   g_items.obj
 0001:00028860       _G_SpawnItem               20029860 f   g_items.obj
 0001:00028910       _Knock_Item                20029910 f   g_items.obj
 0001:00028a80       _LaunchItem                20029a80 f   g_items.obj
 0001:00028bc0       _MoveBouncedItem           20029bc0 f   g_items.obj
 0001:00028bd0       _Pickup_Ammo               20029bd0 f   g_items.obj
 0001:00028c10       _Pickup_Armor              20029c10 f   g_items.obj
 0001:00028c60       _Pickup_Health             20029c60 f   g_items.obj
 0001:00028ce0       _Pickup_Holdable           20029ce0 f   g_items.obj
 0001:00028d60       _Pickup_Pouch              20029d60 f   g_items.obj
 0001:00028dd0       _Pickup_Powerup            20029dd0 f   g_items.obj
 0001:00028fd0       _Pickup_Weapon             20029fd0 f   g_items.obj
 0001:00029320       _RegisterItem              2002a320 f   g_items.obj
 0001:00029360       _RespawnItem               2002a360 f   g_items.obj
 0001:000294d0       _SaveRegisteredItems       2002a4d0 f   g_items.obj
 0001:00029560       _Touch_Item                2002a560 f   g_items.obj
 0001:00029870       _Use_Item                  2002a870 f   g_items.obj
 0001:00029880       _amax                      2002a880 f   g_items.obj
 0001:00029890       _AddTournamentPlayer       2002a890 f   g_main.obj
 0001:00029950       _AdjustTournamentScores    2002a950 f   g_main.obj
 0001:000299b0       _BeginIntermission         2002a9b0 f   g_main.obj
 0001:00029a40       _CalculateRanks            2002aa40 f   g_main.obj
 0001:00029d50       _CheckCvars                2002ad50 f   g_main.obj
 0001:00029db0       _CheckExitRules            2002adb0 f   g_main.obj
 0001:00029f70       _CheckIntermissionExit     2002af70 f   g_main.obj
 0001:0002a090       _CheckTeamLeader           2002b090 f   g_main.obj
 0001:0002a150       _CheckTeamVote             2002b150 f   g_main.obj
 0001:0002a240       _CheckTournament           2002b240 f   g_main.obj
 0001:0002a460       _CheckVote                 2002b460 f   g_main.obj
 0001:0002a510       _Com_Error                 2002b510 f   g_main.obj
 0001:0002a570       _Com_Printf                2002b570 f   g_main.obj
 0001:0002a5d0       _ExitLevel                 2002b5d0 f   g_main.obj
 0001:0002a6e0       _FindIntermissionPoint     2002b6e0 f   g_main.obj
 0001:0002a7f0       _G_Error                   2002b7f0 f   g_main.obj
 0001:0002a850       _G_FindTeams               2002b850 f   g_main.obj
 0001:0002a9c0       _G_InitGame                2002b9c0 f   g_main.obj
 0001:0002ad20       _G_LogPrintf               2002bd20 f   g_main.obj
 0001:0002ae20       _G_Printf                  2002be20 f   g_main.obj
 0001:0002ae80       _G_RegisterCvars           2002be80 f   g_main.obj
 0001:0002af00       _G_RemapTeamShaders        2002bf00 f   g_main.obj
 0001:0002af10       _G_RunFrame                2002bf10 f   g_main.obj
 0001:0002b120       _G_RunThink                2002c120 f   g_main.obj
 0001:0002b180       _G_ShutdownGame            2002c180 f   g_main.obj
 0001:0002b1e0       _G_UpdateCvars             2002c1e0 f   g_main.obj
 0001:0002b240       _LogExit                   2002c240 f   g_main.obj
 0001:0002b310       _MoveClientToIntermission  2002c310 f   g_main.obj
 0001:0002b440       _PrintTeam                 2002c440 f   g_main.obj
 0001:0002b4a0       _RemoveTournamentLoser     2002c4a0 f   g_main.obj
 0001:0002b4e0       _RemoveTournamentWinner    2002c4e0 f   g_main.obj
 0001:0002b520       _ScoreIsTied               2002c520 f   g_main.obj
 0001:0002b580       _SendScoreboardMessageToAllClients 2002c580 f   g_main.obj
 0001:0002b5e0       _SetLeader                 2002c5e0 f   g_main.obj
 0001:0002b6e0       _SortRanks                 2002c6e0 f   g_main.obj
 0001:0002b790       _vmMain                    2002c790 f   g_main.obj
 0001:0002b880       _G_Alloc                   2002c880 f   g_mem.obj
 0001:0002b8f0       _G_InitMemory              2002c8f0 f   g_mem.obj
 0001:0002b900       _Svcmd_GameMem_f           2002c900 f   g_mem.obj
 0001:0002b920       _InitShooter               2002c920 f   g_misc.obj
 0001:0002ba20       _SP_info_camp              2002ca20 f   g_misc.obj
 0001:0002ba40       _SP_info_notnull           2002ca40 f   g_misc.obj
 0001:0002ba60       _SP_info_null              2002ca60 f   g_misc.obj
 0001:0002ba70       _SP_light                  2002ca70 f   g_misc.obj
 0001:0002ba80       _SP_misc_model             2002ca80 f   g_misc.obj
 0001:0002ba90       _SP_misc_portal_camera     2002ca90 f   g_misc.obj
 0001:0002bb20       _SP_misc_portal_surface    2002cb20 f   g_misc.obj
 0001:0002bbc0       _SP_misc_teleporter_dest   2002cbc0 f   g_misc.obj
 0001:0002bbd0       _SP_shooter_grenade        2002cbd0 f   g_misc.obj
 0001:0002bbf0       _SP_shooter_plasma         2002cbf0 f   g_misc.obj
 0001:0002bc10       _SP_shooter_rocket         2002cc10 f   g_misc.obj
 0001:0002bc30       _TeleportPlayer            2002cc30 f   g_misc.obj
 0001:0002bdc0       _Use_Shooter               2002cdc0 f   g_misc.obj
 0001:0002c010       _locateCamera              2002d010 f   g_misc.obj
 0001:0002c140       _G_BounceMissile           2002d140 f   g_missile.obj
 0001:0002c710       _G_ExplodeMissile          2002d710 f   g_missile.obj
 0001:0002c830       _G_MissileImpact           2002d830 f   g_missile.obj
 0001:0002cd00       _G_RunMissile              2002dd00 f   g_missile.obj
 0001:0002d3f0       _fire_bfg                  2002e3f0 f   g_missile.obj
 0001:0002d550       _fire_grapple              2002e550 f   g_missile.obj
 0001:0002d6a0       _fire_grenade              2002e6a0 f   g_missile.obj
 0001:0002d820       _fire_pendulum             2002e820 f   g_missile.obj
 0001:0002d990       _fire_plasma               2002e990 f   g_missile.obj
 0001:0002db50       _fire_rocket               2002eb50 f   g_missile.obj
 0001:0002dcb0       _Blocked_Door              2002ecb0 f   g_mover.obj
 0001:0002dd30       _G_CheckProxMinePosition   2002ed30 f   g_mover.obj
 0001:0002de40       _G_CreateRotationMatrix    2002ee40 f   g_mover.obj
 0001:0002de90       _G_MoverPush               2002ee90 f   g_mover.obj
 0001:0002e3d0       _G_MoverTeam               2002f3d0 f   g_mover.obj
 0001:0002e580       _G_RotatePoint             2002f580 f   g_mover.obj
 0001:0002e610       _G_RunMover                2002f610 f   g_mover.obj
 0001:0002e650       _G_TestEntityPosition      2002f650 f   g_mover.obj
 0001:0002e6e0       _G_TransposeMatrix         2002f6e0 f   g_mover.obj
 0001:0002e720       _G_TryPushingEntity        2002f720 f   g_mover.obj
 0001:0002eb00       _G_TryPushingProxMine      2002fb00 f   g_mover.obj
 0001:0002ecc0       _InitMover                 2002fcc0 f   g_mover.obj
 0001:0002ef40       _MatchTeam                 2002ff40 f   g_mover.obj
 0001:0002ef70       _Reached_BinaryMover       2002ff70 f   g_mover.obj
 0001:0002f060       _Reached_Train             20030060 f   g_mover.obj
 0001:0002f1f0       _ReturnToPos1              200301f0 f   g_mover.obj
 0001:0002f230       _SP_func_bobbing           20030230 f   g_mover.obj
 0001:0002f340       _SP_func_button            20030340 f   g_mover.obj
 0001:0002f500       _SP_func_door              20030500 f   g_mover.obj
 0001:0002f770       _SP_func_pendulum          20030770 f   g_mover.obj
 0001:0002f8b0       _SP_func_plat              200308b0 f   g_mover.obj
 0001:0002fa20       _SP_func_rotating          20030a20 f   g_mover.obj
 0001:0002fb00       _SP_func_static            20030b00 f   g_mover.obj
 0001:0002fb60       _SP_func_train             20030b60 f   g_mover.obj
 0001:0002fc30       _SP_path_corner            20030c30 f   g_mover.obj
 0001:0002fc60       _SetMoverState             20030c60 f   g_mover.obj
 0001:0002fdd0       _SpawnPlatTrigger          20030dd0 f   g_mover.obj
 0001:0002ff60       _Think_BeginMoving         20030f60 f   g_mover.obj
 0001:0002ff80       _Think_MatchTeam           20030f80 f   g_mover.obj
 0001:0002ffa0       _Think_SetupTrainTargets   20030fa0 f   g_mover.obj
 0001:000300b0       _Think_SpawnNewDoorTrigger 200310b0 f   g_mover.obj
 0001:000302a0       _Touch_Button              200312a0 f   g_mover.obj
 0001:000302d0       _Touch_DoorTrigger         200312d0 f   g_mover.obj
 0001:00030480       _Touch_Plat                20031480 f   g_mover.obj
 0001:000304c0       _Touch_PlatCenterTrigger   200314c0 f   g_mover.obj
 0001:00030500       _Use_BinaryMover           20031500 f   g_mover.obj
 0001:00030640       _G_InitSessionData         20031640 f   g_session.obj
 0001:00030700       _G_InitWorldSession        20031700 f   g_session.obj
 0001:00030770       _G_ReadSessionData         20031770 f   g_session.obj
 0001:00030840       _G_WriteClientSessionData  20031840 f   g_session.obj
 0001:000308b0       _G_WriteSessionData        200318b0 f   g_session.obj
 0001:00030910       _SP_item_botroam           20031910 f   g_spawn.obj
 0001:00030920       _G_AddSpawnVarToken        20031920 f   g_spawn.obj
 0001:00030990       _G_CallSpawn               20031990 f   g_spawn.obj
 0001:00030a80       _G_NewString               20031a80 f   g_spawn.obj
 0001:00030af0       _G_ParseField              20031af0 f   g_spawn.obj
 0001:00030c80       _G_ParseSpawnVars          20031c80 f   g_spawn.obj
 0001:00030dd0       _G_SpawnEntitiesFromString 20031dd0 f   g_spawn.obj
 0001:00030e30       _G_SpawnFloat              20031e30 f   g_spawn.obj
 0001:00030e60       _G_SpawnGEntityFromSpawnVars 20031e60 f   g_spawn.obj
 0001:00030fc0       _G_SpawnInt                20031fc0 f   g_spawn.obj
 0001:00030ff0       _G_SpawnString             20031ff0 f   g_spawn.obj
 0001:00031060       _G_SpawnVector             20032060 f   g_spawn.obj
 0001:000310a0       _SP_worldspawn             200320a0 f   g_spawn.obj
 0001:000312a0       _ClientForString           200322a0 f   g_svcmds.obj
 0001:00031370       _ConsoleCommand            20032370 f   g_svcmds.obj
 0001:000315c0       _G_FilterPacket            200325c0 f   g_svcmds.obj
 0001:00031670       _G_ProcessIPBans           20032670 f   g_svcmds.obj
 0001:00031800       _Svcmd_AddIP_f             20032800 f   g_svcmds.obj
 0001:00031870       _Svcmd_EntityList_f        20032870 f   g_svcmds.obj
 0001:00031a00       _Svcmd_ForceTeam_f         20032a00 f   g_svcmds.obj
 0001:00031aa0       _Svcmd_RemoveIP_f          20032aa0 f   g_svcmds.obj
 0001:00031cf0       _PASSFLOAT                 20032cf0 f   g_syscalls.obj
 0001:00031d10       _dllEntry                  20032d10 f   g_syscalls.obj
 0001:00031d20       _trap_AAS_AlternativeRouteGoals 20032d20 f   g_syscalls.obj
 0001:00031d50       _trap_AAS_AreaInfo         20032d50 f   g_syscalls.obj
 0001:00031d70       _trap_AAS_AreaReachability 20032d70 f   g_syscalls.obj
 0001:00031d90       _trap_AAS_AreaTravelTimeToGoalArea 20032d90 f   g_syscalls.obj
 0001:00031db0       _trap_AAS_BBoxAreas        20032db0 f   g_syscalls.obj
 0001:00031dd0       _trap_AAS_EnableRoutingArea 20032dd0 f   g_syscalls.obj
 0001:00031df0       _trap_AAS_EntityInfo       20032df0 f   g_syscalls.obj
 0001:00031e10       _trap_AAS_FloatForBSPEpairKey 20032e10 f   g_syscalls.obj
 0001:00031e30       _trap_AAS_Initialized      20032e30 f   g_syscalls.obj
 0001:00031e40       _trap_AAS_IntForBSPEpairKey 20032e40 f   g_syscalls.obj
 0001:00031e60       _trap_AAS_NextBSPEntity    20032e60 f   g_syscalls.obj
 0001:00031e80       _trap_AAS_PointAreaNum     20032e80 f   g_syscalls.obj
 0001:00031ea0       _trap_AAS_PointContents    20032ea0 f   g_syscalls.obj
 0001:00031ec0       _trap_AAS_PointReachabilityAreaIndex 20032ec0 f   g_syscalls.obj
 0001:00031ee0       _trap_AAS_PredictClientMovement 20032ee0 f   g_syscalls.obj
 0001:00031f30       _trap_AAS_PredictRoute     20032f30 f   g_syscalls.obj
 0001:00031f70       _trap_AAS_PresenceTypeBoundingBox 20032f70 f   g_syscalls.obj
 0001:00031f90       _trap_AAS_Swimming         20032f90 f   g_syscalls.obj
 0001:00031fb0       _trap_AAS_Time             20032fb0 f   g_syscalls.obj
 0001:00031fd0       _trap_AAS_TraceAreas       20032fd0 f   g_syscalls.obj
 0001:00032000       _trap_AAS_ValueForBSPEpairKey 20033000 f   g_syscalls.obj
 0001:00032020       _trap_AAS_VectorForBSPEpairKey 20033020 f   g_syscalls.obj
 0001:00032040       _trap_AdjustAreaPortalState 20033040 f   g_syscalls.obj
 0001:00032060       _trap_AreasConnected       20033060 f   g_syscalls.obj
 0001:00032080       _trap_Argc                 20033080 f   g_syscalls.obj
 0001:00032090       _trap_Argv                 20033090 f   g_syscalls.obj
 0001:000320b0       _trap_BotAddAvoidSpot      200330b0 f   g_syscalls.obj
 0001:000320e0       _trap_BotAllocChatState    200330e0 f   g_syscalls.obj
 0001:000320f0       _trap_BotAllocGoalState    200330f0 f   g_syscalls.obj
 0001:00032110       _trap_BotAllocMoveState    20033110 f   g_syscalls.obj
 0001:00032120       _trap_BotAllocWeaponState  20033120 f   g_syscalls.obj
 0001:00032130       _trap_BotAllocateClient    20033130 f   g_syscalls.obj
 0001:00032140       _trap_BotAvoidGoalTime     20033140 f   g_syscalls.obj
 0001:00032170       _trap_BotChatLength        20033170 f   g_syscalls.obj
 0001:00032190       _trap_BotChooseBestFightWeapon 20033190 f   g_syscalls.obj
 0001:000321b0       _trap_BotChooseLTGItem     200331b0 f   g_syscalls.obj
 0001:000321d0       _trap_BotChooseNBGItem     200331d0 f   g_syscalls.obj
 0001:00032210       _trap_BotDumpAvoidGoals    20033210 f   g_syscalls.obj
 0001:00032230       _trap_BotDumpGoalStack     20033230 f   g_syscalls.obj
 0001:00032250       _trap_BotEmptyGoalStack    20033250 f   g_syscalls.obj
 0001:00032270       _trap_BotEnterChat         20033270 f   g_syscalls.obj
 0001:00032290       _trap_BotFindMatch         20033290 f   g_syscalls.obj
 0001:000322b0       _trap_BotFreeCharacter     200332b0 f   g_syscalls.obj
 0001:000322d0       _trap_BotFreeChatState     200332d0 f   g_syscalls.obj
 0001:000322f0       _trap_BotFreeClient        200332f0 f   g_syscalls.obj
 0001:00032310       _trap_BotFreeGoalState     20033310 f   g_syscalls.obj
 0001:00032330       _trap_BotFreeItemWeights   20033330 f   g_syscalls.obj
 0001:00032350       _trap_BotFreeMoveState     20033350 f   g_syscalls.obj
 0001:00032370       _trap_BotFreeWeaponState   20033370 f   g_syscalls.obj
 0001:00032390       _trap_BotGetChatMessage    20033390 f   g_syscalls.obj
 0001:000323b0       _trap_BotGetLevelItemGoal  200333b0 f   g_syscalls.obj
 0001:000323d0       _trap_BotGetMapLocationGoal 200333d0 f   g_syscalls.obj
 0001:000323f0       _trap_BotGetNextCampSpotGoal 200333f0 f   g_syscalls.obj
 0001:00032410       _trap_BotGetSecondGoal     20033410 f   g_syscalls.obj
 0001:00032430       _trap_BotGetServerCommand  20033430 f   g_syscalls.obj
 0001:00032450       _trap_BotGetSnapshotEntity 20033450 f   g_syscalls.obj
 0001:00032470       _trap_BotGetTopGoal        20033470 f   g_syscalls.obj
 0001:00032490       _trap_BotGetWeaponInfo     20033490 f   g_syscalls.obj
 0001:000324b0       _trap_BotGoalName          200334b0 f   g_syscalls.obj
 0001:000324d0       _trap_BotInitLevelItems    200334d0 f   g_syscalls.obj
 0001:000324e0       _trap_BotInitMoveState     200334e0 f   g_syscalls.obj
 0001:00032500       _trap_BotInitialChat       20033500 f   g_syscalls.obj
 0001:00032540       _trap_BotInterbreedGoalFuzzyLogic 20033540 f   g_syscalls.obj
 0001:00032560       _trap_BotItemGoalInVisButNotVisible 20033560 f   g_syscalls.obj
 0001:00032580       _trap_BotLibDefine         20033580 f   g_syscalls.obj
 0001:000325a0       _trap_BotLibLoadMap        200335a0 f   g_syscalls.obj
 0001:000325c0       _trap_BotLibSetup          200335c0 f   g_syscalls.obj
 0001:000325d0       _trap_BotLibShutdown       200335d0 f   g_syscalls.obj
 0001:000325e0       _trap_BotLibStartFrame     200335e0 f   g_syscalls.obj
 0001:00032610       _trap_BotLibTest           20033610 f   g_syscalls.obj
 0001:00032630       _trap_BotLibUpdateEntity   20033630 f   g_syscalls.obj
 0001:00032650       _trap_BotLibVarGet         20033650 f   g_syscalls.obj
 0001:00032670       _trap_BotLibVarSet         20033670 f   g_syscalls.obj
 0001:00032690       _trap_BotLoadCharacter     20033690 f   g_syscalls.obj
 0001:000326c0       _trap_BotLoadChatFile      200336c0 f   g_syscalls.obj
 0001:000326e0       _trap_BotLoadItemWeights   200336e0 f   g_syscalls.obj
 0001:00032700       _trap_BotLoadWeaponWeights 20033700 f   g_syscalls.obj
 0001:00032720       _trap_BotMatchVariable     20033720 f   g_syscalls.obj
 0001:00032740       _trap_BotMoveInDirection   20033740 f   g_syscalls.obj
 0001:00032770       _trap_BotMoveToGoal        20033770 f   g_syscalls.obj
 0001:00032790       _trap_BotMovementViewTarget 20033790 f   g_syscalls.obj
 0001:000327d0       _trap_BotMutateGoalFuzzyLogic 200337d0 f   g_syscalls.obj
 0001:00032800       _trap_BotNextConsoleMessage 20033800 f   g_syscalls.obj
 0001:00032820       _trap_BotNumConsoleMessages 20033820 f   g_syscalls.obj
 0001:00032840       _trap_BotNumInitialChats   20033840 f   g_syscalls.obj
 0001:00032860       _trap_BotPopGoal           20033860 f   g_syscalls.obj
 0001:00032880       _trap_BotPredictVisiblePosition 20033880 f   g_syscalls.obj
 0001:000328b0       _trap_BotPushGoal          200338b0 f   g_syscalls.obj
 0001:000328d0       _trap_BotQueueConsoleMessage 200338d0 f   g_syscalls.obj
 0001:000328f0       _trap_BotReachabilityArea  200338f0 f   g_syscalls.obj
 0001:00032910       _trap_BotRemoveConsoleMessage 20033910 f   g_syscalls.obj
 0001:00032930       _trap_BotRemoveFromAvoidGoals 20033930 f   g_syscalls.obj
 0001:00032950       _trap_BotReplaceSynonyms   20033950 f   g_syscalls.obj
 0001:00032970       _trap_BotReplyChat         20033970 f   g_syscalls.obj
 0001:000329b0       _trap_BotResetAvoidGoals   200339b0 f   g_syscalls.obj
 0001:000329d0       _trap_BotResetAvoidReach   200339d0 f   g_syscalls.obj
 0001:000329f0       _trap_BotResetGoalState    200339f0 f   g_syscalls.obj
 0001:00032a10       _trap_BotResetLastAvoidReach 20033a10 f   g_syscalls.obj
 0001:00032a30       _trap_BotResetMoveState    20033a30 f   g_syscalls.obj
 0001:00032a50       _trap_BotResetWeaponState  20033a50 f   g_syscalls.obj
 0001:00032a70       _trap_BotSaveGoalFuzzyLogic 20033a70 f   g_syscalls.obj
 0001:00032a90       _trap_BotSetAvoidGoalTime  20033a90 f   g_syscalls.obj
 0001:00032ac0       _trap_BotSetChatGender     20033ac0 f   g_syscalls.obj
 0001:00032ae0       _trap_BotSetChatName       20033ae0 f   g_syscalls.obj
 0001:00032b00       _trap_BotTouchingGoal      20033b00 f   g_syscalls.obj
 0001:00032b20       _trap_BotUpdateEntityItems 20033b20 f   g_syscalls.obj
 0001:00032b30       _trap_BotUserCommand       20033b30 f   g_syscalls.obj
 0001:00032b50       _trap_Characteristic_BFloat 20033b50 f   g_syscalls.obj
 0001:00032ba0       _trap_Characteristic_BInteger 20033ba0 f   g_syscalls.obj
 0001:00032bc0       _trap_Characteristic_Float 20033bc0 f   g_syscalls.obj
 0001:00032bf0       _trap_Characteristic_Integer 20033bf0 f   g_syscalls.obj
 0001:00032c10       _trap_Characteristic_String 20033c10 f   g_syscalls.obj
 0001:00032c30       _trap_Cvar_Register        20033c30 f   g_syscalls.obj
 0001:00032c50       _trap_Cvar_Set             20033c50 f   g_syscalls.obj
 0001:00032c70       _trap_Cvar_Update          20033c70 f   g_syscalls.obj
 0001:00032c90       _trap_Cvar_VariableIntegerValue 20033c90 f   g_syscalls.obj
 0001:00032cb0       _trap_Cvar_VariableStringBuffer 20033cb0 f   g_syscalls.obj
 0001:00032cd0       _trap_DebugPolygonCreate   20033cd0 f   g_syscalls.obj
 0001:00032cf0       _trap_DebugPolygonDelete   20033cf0 f   g_syscalls.obj
 0001:00032d10       _trap_DropClient           20033d10 f   g_syscalls.obj
 0001:00032d30       _trap_EA_Action            20033d30 f   g_syscalls.obj
 0001:00032d50       _trap_EA_Attack            20033d50 f   g_syscalls.obj
 0001:00032d70       _trap_EA_Command           20033d70 f   g_syscalls.obj
 0001:00032d90       _trap_EA_Crouch            20033d90 f   g_syscalls.obj
 0001:00032db0       _trap_EA_DelayedJump       20033db0 f   g_syscalls.obj
 0001:00032dd0       _trap_EA_EndRegular        20033dd0 f   g_syscalls.obj
 0001:00032e00       _trap_EA_Gesture           20033e00 f   g_syscalls.obj
 0001:00032e20       _trap_EA_GetInput          20033e20 f   g_syscalls.obj
 0001:00032e50       _trap_EA_Jump              20033e50 f   g_syscalls.obj
 0001:00032e70       _trap_EA_Move              20033e70 f   g_syscalls.obj
 0001:00032ea0       _trap_EA_MoveBack          20033ea0 f   g_syscalls.obj
 0001:00032ec0       _trap_EA_MoveDown          20033ec0 f   g_syscalls.obj
 0001:00032ee0       _trap_EA_MoveForward       20033ee0 f   g_syscalls.obj
 0001:00032f00       _trap_EA_MoveLeft          20033f00 f   g_syscalls.obj
 0001:00032f20       _trap_EA_MoveRight         20033f20 f   g_syscalls.obj
 0001:00032f40       _trap_EA_MoveUp            20033f40 f   g_syscalls.obj
 0001:00032f60       _trap_EA_ResetInput        20033f60 f   g_syscalls.obj
 0001:00032f80       _trap_EA_Respawn           20033f80 f   g_syscalls.obj
 0001:00032fa0       _trap_EA_Say               20033fa0 f   g_syscalls.obj
 0001:00032fc0       _trap_EA_SayTeam           20033fc0 f   g_syscalls.obj
 0001:00032fe0       _trap_EA_SelectWeapon      20033fe0 f   g_syscalls.obj
 0001:00033000       _trap_EA_Talk              20034000 f   g_syscalls.obj
 0001:00033020       _trap_EA_Use               20034020 f   g_syscalls.obj
 0001:00033040       _trap_EA_View              20034040 f   g_syscalls.obj
 0001:00033060       _trap_EntitiesInBox        20034060 f   g_syscalls.obj
 0001:00033080       _trap_EntityContact        20034080 f   g_syscalls.obj
 0001:000330a0       _trap_EntityContactCapsule 200340a0 f   g_syscalls.obj
 0001:000330c0       _trap_Error                200340c0 f   g_syscalls.obj
 0001:000330e0       _trap_FS_FCloseFile        200340e0 f   g_syscalls.obj
 0001:00033100       _trap_FS_FOpenFile         20034100 f   g_syscalls.obj
 0001:00033120       _trap_FS_GetFileList       20034120 f   g_syscalls.obj
 0001:00033140       _trap_FS_Read              20034140 f   g_syscalls.obj
 0001:00033160       _trap_FS_Seek              20034160 f   g_syscalls.obj
 0001:00033180       _trap_FS_Write             20034180 f   g_syscalls.obj
 0001:000331a0       _trap_GeneticParentsAndChildSelection 200341a0 f   g_syscalls.obj
 0001:000331d0       _trap_GetConfigstring      200341d0 f   g_syscalls.obj
 0001:000331f0       _trap_GetEntityToken       200341f0 f   g_syscalls.obj
 0001:00033210       _trap_GetServerinfo        20034210 f   g_syscalls.obj
 0001:00033230       _trap_GetUsercmd           20034230 f   g_syscalls.obj
 0001:00033250       _trap_GetUserinfo          20034250 f   g_syscalls.obj
 0001:00033270       _trap_InPVS                20034270 f   g_syscalls.obj
 0001:00033290       _trap_InPVSIgnorePortals   20034290 f   g_syscalls.obj
 0001:000332b0       _trap_LinkEntity           200342b0 f   g_syscalls.obj
 0001:000332d0       _trap_LocateGameData       200342d0 f   g_syscalls.obj
 0001:000332f0       _trap_Milliseconds         200342f0 f   g_syscalls.obj
 0001:00033300       _trap_PC_FreeSource        20034300 f   g_syscalls.obj
 0001:00033320       _trap_PC_LoadSource        20034320 f   g_syscalls.obj
 0001:00033340       _trap_PC_ReadToken         20034340 f   g_syscalls.obj
 0001:00033360       _trap_PC_SourceFileAndLine 20034360 f   g_syscalls.obj
 0001:00033380       _trap_PointContents        20034380 f   g_syscalls.obj
 0001:000333a0       _trap_Printf               200343a0 f   g_syscalls.obj
 0001:000333c0       _trap_RealTime             200343c0 f   g_syscalls.obj
 0001:000333e0       _trap_SendConsoleCommand   200343e0 f   g_syscalls.obj
 0001:00033400       _trap_SendServerCommand    20034400 f   g_syscalls.obj
 0001:00033420       _trap_SetBrushModel        20034420 f   g_syscalls.obj
 0001:00033440       _trap_SetConfigstring      20034440 f   g_syscalls.obj
 0001:00033460       _trap_SetUserinfo          20034460 f   g_syscalls.obj
 0001:00033480       _trap_SnapVector           20034480 f   g_syscalls.obj
 0001:000334a0       _trap_StringContains       200344a0 f   g_syscalls.obj
 0001:000334c0       _trap_Trace                200344c0 f   g_syscalls.obj
 0001:000334f0       _trap_TraceCapsule         200344f0 f   g_syscalls.obj
 0001:00033520       _trap_UnifyWhiteSpaces     20034520 f   g_syscalls.obj
 0001:00033540       _trap_UnlinkEntity         20034540 f   g_syscalls.obj
 0001:00033560       _SP_target_delay           20034560 f   g_target.obj
 0001:000335c0       _SP_target_flip            200345c0 f   g_target.obj
 0001:000335e0       _SP_target_give            200345e0 f   g_target.obj
 0001:00033600       _SP_target_kill            20034600 f   g_target.obj
 0001:00033620       _SP_target_laser           20034620 f   g_target.obj
 0001:00033640       _SP_target_location        20034640 f   g_target.obj
 0001:00033670       _SP_target_position        20034670 f   g_target.obj
 0001:00033690       _SP_target_print           20034690 f   g_target.obj
 0001:000336b0       _SP_target_relay           200346b0 f   g_target.obj
 0001:000336d0       _SP_target_remove_powerups 200346d0 f   g_target.obj
 0001:000336f0       _SP_target_score           200346f0 f   g_target.obj
 0001:00033720       _SP_target_speaker         20034720 f   g_target.obj
 0001:00033880       _SP_target_teleporter      20034880 f   g_target.obj
 0001:000338c0       _Think_Target_Delay        200348c0 f   g_target.obj
 0001:000338e0       _Use_Target_Delay          200348e0 f   g_target.obj
 0001:00033970       _Use_Target_Flip           20034970 f   g_target.obj
 0001:00033980       _Use_Target_Give           20034980 f   g_target.obj
 0001:00033a30       _Use_Target_Print          20034a30 f   g_target.obj
 0001:00033b00       _Use_Target_Score          20034b00 f   g_target.obj
 0001:00033b20       _Use_Target_Speaker        20034b20 f   g_target.obj
 0001:00033b90       _Use_target_remove_powerups 20034b90 f   g_target.obj
 0001:00033bf0       _target_kill_use           20034bf0 f   g_target.obj
 0001:00033c20       _target_laser_off          20034c20 f   g_target.obj
 0001:00033c40       _target_laser_on           20034c40 f   g_target.obj
 0001:00033c60       _target_laser_start        20034c60 f   g_target.obj
 0001:00033d20       _target_laser_think        20034d20 f   g_target.obj
 0001:00033f10       _target_laser_use          20034f10 f   g_target.obj
 0001:00033fe0       _target_relay_use          20034fe0 f   g_target.obj
 0001:00034060       _target_teleporter_use     20035060 f   g_target.obj
 0001:000340b0       _AddTeamScore              200350b0 f   g_team.obj
 0001:00034180       _CheckTeamStatus           20035180 f   g_team.obj
 0001:00034270       _OnSameTeam                20035270 f   g_team.obj
 0001:000342b0       _OtherTeam                 200352b0 f   g_team.obj
 0001:000342d0       _OtherTeamName             200352d0 f   g_team.obj
 0001:00034300       _Pickup_Team               20035300 f   g_team.obj
 0001:000343d0       _PrintMsg                  200353d0 f   g_team.obj
 0001:000344b0       _SP_team_CTF_blueplayer    200354b0 f   g_team.obj
 0001:000344c0       _SP_team_CTF_bluespawn     200354c0 f   g_team.obj
 0001:000344d0       _SP_team_CTF_redplayer     200354d0 f   g_team.obj
 0001:000344e0       _SP_team_CTF_redspawn      200354e0 f   g_team.obj
 0001:000344f0       _SelectCTFSpawnPoint       200354f0 f   g_team.obj
 0001:00034560       _SelectRandomTeamSpawnPoint 20035560 f   g_team.obj
 0001:00034660       _TeamColorString           20035660 f   g_team.obj
 0001:00034690       _TeamName                  20035690 f   g_team.obj
 0001:000346c0       _Team_CaptureFlagSound     200356c0 f   g_team.obj
 0001:00034700       _Team_CheckDroppedItem     20035700 f   g_team.obj
 0001:00034750       _Team_CheckHurtCarrier     20035750 f   g_team.obj
 0001:000347f0       _Team_DroppedFlagThink     200357f0 f   g_team.obj
 0001:00034840       _Team_ForceGesture         20035840 f   g_team.obj
 0001:00034880       _Team_FragBonuses          20035880 f   g_team.obj
 0001:00034db0       _Team_FreeEntity           20035db0 f   g_team.obj
 0001:00034e00       _Team_GetLocation          20035e00 f   g_team.obj
 0001:00034ef0       _Team_GetLocationMsg       20035ef0 f   g_team.obj
 0001:00034f80       _Team_InitGame             20035f80 f   g_team.obj
 0001:00034ff0       _Team_ResetFlag            20035ff0 f   g_team.obj
 0001:000350b0       _Team_ResetFlags           200360b0 f   g_team.obj
 0001:000350d0       _Team_ReturnFlag           200360d0 f   g_team.obj
 0001:00035120       _Team_ReturnFlagSound      20036120 f   g_team.obj
 0001:00035170       _Team_SetFlagStatus        20036170 f   g_team.obj
 0001:00035220       _Team_TakeFlagSound        20036220 f   g_team.obj
 0001:000352c0       _Team_TouchEnemyFlag       200362c0 f   g_team.obj
 0001:00035350       _Team_TouchOurFlag         20036350 f   g_team.obj
 0001:00035610       _TeamplayInfoMessage       20036610 f   g_team.obj
 0001:00035830       _AimAtTarget               20036830 f   g_trigger.obj
 0001:00035990       _InitTrigger               20036990 f   g_trigger.obj
 0001:00035a10       _SP_func_timer             20036a10 f   g_trigger.obj
 0001:00035ac0       _SP_target_push            20036ac0 f   g_trigger.obj
 0001:00035bc0       _SP_trigger_always         20036bc0 f   g_trigger.obj
 0001:00035bf0       _SP_trigger_flip           20036bf0 f   g_trigger.obj
 0001:00035c30       _SP_trigger_hurt           20036c30 f   g_trigger.obj
 0001:00035ca0       _SP_trigger_multiple       20036ca0 f   g_trigger.obj
 0001:00035d30       _SP_trigger_push           20036d30 f   g_trigger.obj
 0001:00035d90       _SP_trigger_rebound        20036d90 f   g_trigger.obj
 0001:00035dc0       _SP_trigger_teleport       20036dc0 f   g_trigger.obj
 0001:00035e10       _Touch_Multi               20036e10 f   g_trigger.obj
 0001:00035e30       _Use_Multi                 20036e30 f   g_trigger.obj
 0001:00035e50       _Use_target_push           20036e50 f   g_trigger.obj
 0001:00035ec0       _func_timer_think          20036ec0 f   g_trigger.obj
 0001:00035f50       _func_timer_use            20036f50 f   g_trigger.obj
 0001:00035f80       _hurt_touch                20036f80 f   g_trigger.obj
 0001:00036000       _hurt_use                  20037000 f   g_trigger.obj
 0001:00036030       _multi_trigger             20037030 f   g_trigger.obj
 0001:00036140       _multi_wait                20037140 f   g_trigger.obj
 0001:00036160       _trigger_always_think      20037160 f   g_trigger.obj
 0001:00036180       _trigger_flip_touch        20037180 f   g_trigger.obj
 0001:000361a0       _trigger_push_touch        200371a0 f   g_trigger.obj
 0001:000361c0       _trigger_teleporter_touch  200371c0 f   g_trigger.obj
 0001:00036230       _AddRemap                  20037230 f   g_utils.obj
 0001:00036310       _BuildShaderStateConfig    20037310 f   g_utils.obj
 0001:000363c0       _DebugLine                 200373c0 f   g_utils.obj
 0001:000365c0       _G_AddEvent                200375c0 f   g_utils.obj
 0001:00036670       _G_AddPredictableEvent     20037670 f   g_utils.obj
 0001:000366a0       _G_EntitiesFree            200376a0 f   g_utils.obj
 0001:000366d0       _G_Find                    200376d0 f   g_utils.obj
 0001:00036760       _G_FindConfigstringIndex   20037760 f   g_utils.obj
 0001:00036860       _G_FreeEntity              20037860 f   g_utils.obj
 0001:000368b0       _G_InitGentity             200378b0 f   g_utils.obj
 0001:00036900       _G_KillBox                 20037900 f   g_utils.obj
 0001:00036a40       _G_ModelIndex              20037a40 f   g_utils.obj
 0001:00036a60       _G_PickTarget              20037a60 f   g_utils.obj
 0001:00036b20       _G_SetMovedir              20037b20 f   g_utils.obj
 0001:00036c10       _G_SetOrigin               20037c10 f   g_utils.obj
 0001:00036c70       _G_Sound                   20037c70 f   g_utils.obj
 0001:00036ca0       _G_SoundIndex              20037ca0 f   g_utils.obj
 0001:00036cc0       _G_Spawn                   20037cc0 f   g_utils.obj
 0001:00036dc0       _G_TeamCommand             20037dc0 f   g_utils.obj
 0001:00036e30       _G_TempEntity              20037e30 f   g_utils.obj
 0001:00036ec0       _G_UseTargets              20037ec0 f   g_utils.obj
 0001:00036fa0       _tv                        20037fa0 f   g_utils.obj
 0001:00036fe0       _vectoyaw                  20037fe0 f   g_utils.obj
 0001:00037090       _vtos                      20038090 f   g_utils.obj
 0001:000370e0       _BFG_Fire                  200380e0 f   g_weapon.obj
 0001:000372c0       _Bullet_Fire               200382c0 f   g_weapon.obj
 0001:000375b0       _CalcMuzzlePoint           200385b0 f   g_weapon.obj
 0001:00037660       _CalcMuzzlePointOrigin     20038660 f   g_weapon.obj
 0001:00037710       _CheckGauntletAttack       20038710 f   g_weapon.obj
 0001:000378d0       _FireWeapon                200388d0 f   g_weapon.obj
 0001:00037a40       _G_BounceProjectile        20038a40 f   g_weapon.obj
 0001:00037b30       _GetWeaponCounter          20038b30 f   g_weapon.obj
 0001:00037b60       _LogAccuracyHit            20038b60 f   g_weapon.obj
 0001:00037bb0       _SetWeaponCounter          20038bb0 f   g_weapon.obj
 0001:00037c60       _ShotgunPattern            20038c60 f   g_weapon.obj
 0001:00037e00       _ShotgunPellet             20038e00 f   g_weapon.obj
 0001:00037f50       _SnapVectorTowards         20038f50 f   g_weapon.obj
 0001:00037f90       _Weapon_Gauntlet           20038f90 f   g_weapon.obj
 0001:00037fa0       _Weapon_GrapplingHook_Fire 20038fa0 f   g_weapon.obj
 0001:00037ff0       _Weapon_HookFree           20038ff0 f   g_weapon.obj
 0001:00038030       _Weapon_HookThink          20039030 f   g_weapon.obj
 0001:00038180       _Weapon_LightningFire      20039180 f   g_weapon.obj
 0001:00038560       _Weapon_PendulumGun_Fire   20039560 f   g_weapon.obj
 0001:000385c0       _Weapon_Plasmagun_Fire     200395c0 f   g_weapon.obj
 0001:00038620       _Weapon_RocketLauncher_Fire 20039620 f   g_weapon.obj
 0001:00038680       _weapon_grenadelauncher_fire 20039680 f   g_weapon.obj
 0001:00038700       _weapon_railgun_fire       20039700 f   g_weapon.obj
 0001:00038aa0       _weapon_supershotgun_fire  20039aa0 f   g_weapon.obj
 0001:00038b70       _AddPointToBounds          20039b70 f   q_math.obj
 0001:00038bf0       _AngleDelta                20039bf0 f   q_math.obj
 0001:00038c10       _AngleMod                  20039c10 f   q_math.obj
 0001:00038c50       _AngleNormalize180         20039c50 f   q_math.obj
 0001:00038c90       _AngleNormalize360         20039c90 f   q_math.obj
 0001:00038cd0       _AngleSubtract             20039cd0 f   q_math.obj
 0001:00038d30       _AngleVectors              20039d30 f   q_math.obj
 0001:00038ee0       _AnglesSubtract            20039ee0 f   q_math.obj
 0001:00038f50       _AnglesToAxis              20039f50 f   q_math.obj
 0001:00038fb0       _AxisClear                 20039fb0 f   q_math.obj
 0001:00039000       _AxisCopy                  2003a000 f   q_math.obj
 0001:00039040       _BoxOnPlaneSide            2003a040 f   q_math.obj
 0001:00039280       _ByteToDir                 2003a280 f   q_math.obj
 0001:000392e0       _ClampChar                 2003a2e0 f   q_math.obj
 0001:00039300       _ClampShort                2003a300 f   q_math.obj
 0001:00039330       _ClearBounds               2003a330 f   q_math.obj
 0001:00039370       _ColorBytes3               2003a370 f   q_math.obj
 0001:000393b0       _ColorBytes4               2003a3b0 f   q_math.obj
 0001:00039400       _DirToByte                 2003a400 f   q_math.obj
 0001:00039470       _LerpAngle                 2003a470 f   q_math.obj
 0001:000394d0       _MakeNormalVectors         2003a4d0 f   q_math.obj
 0001:000395c0       _MatrixMultiply            2003a5c0 f   q_math.obj
 0001:00039750       _NormalizeColor            2003a750 f   q_math.obj
 0001:000397c0       _PerpendicularVector       2003a7c0 f   q_math.obj
 0001:00039880       _PlaneFromPoints           2003a880 f   q_math.obj
 0001:00039960       _ProjectPointOnPlane       2003a960 f   q_math.obj
 0001:00039a10       _Q_crandom                 2003aa10 f   q_math.obj
 0001:00039a40       _Q_fabs                    2003aa40 f   q_math.obj
 0001:00039a50       _Q_log2                    2003aa50 f   q_math.obj
 0001:00039a70       _Q_rand                    2003aa70 f   q_math.obj
 0001:00039a90       _Q_random                  2003aa90 f   q_math.obj
 0001:00039ac0       _Q_rsqrt                   2003aac0 f   q_math.obj
 0001:00039b10       _RadiusFromBounds          2003ab10 f   q_math.obj
 0001:00039bc0       _RotateAroundDirection     2003abc0 f   q_math.obj
 0001:00039c80       _RotatePointAroundVector   2003ac80 f   q_math.obj
 0001:00039ec0       _SetPlaneSignbits          2003aec0 f   q_math.obj
 0001:00039ef0       _Vector4Scale              2003aef0 f   q_math.obj
 0001:00039f40       _VectorNormalize           2003af40 f   q_math.obj
 0001:00039ff0       _VectorNormalize2          2003aff0 f   q_math.obj
 0001:0003a0a0       _VectorRotate              2003b0a0 f   q_math.obj
 0001:0003a130       __DotProduct               2003b130 f   q_math.obj
 0001:0003a150       __VectorAdd                2003b150 f   q_math.obj
 0001:0003a190       __VectorCopy               2003b190 f   q_math.obj
 0001:0003a1b0       __VectorMA                 2003b1b0 f   q_math.obj
 0001:0003a200       __VectorScale              2003b200 f   q_math.obj
 0001:0003a240       __VectorSubtract           2003b240 f   q_math.obj
 0001:0003a280       _vectoangles               2003b280 f   q_math.obj
 0001:0003a400       _COM_BeginParseSession     2003b400 f   q_shared.obj
 0001:0003a430       _COM_Compress              2003b430 f   q_shared.obj
 0001:0003a540       _COM_DefaultExtension      2003b540 f   q_shared.obj
 0001:0003a5c0       _COM_GetCurrentParseLine   2003b5c0 f   q_shared.obj
 0001:0003a5d0       _COM_MatchToken            2003b5d0 f   q_shared.obj
 0001:0003a630       _COM_Parse                 2003b630 f   q_shared.obj
 0001:0003a650       _COM_ParseError            2003b650 f   q_shared.obj
 0001:0003a6a0       _COM_ParseExt              2003b6a0 f   q_shared.obj
 0001:0003a820       _COM_ParseWarning          2003b820 f   q_shared.obj
 0001:0003a870       _COM_SkipPath              2003b870 f   q_shared.obj
 0001:0003a8a0       _COM_StripExtension        2003b8a0 f   q_shared.obj
 0001:0003a8d0       _Com_Clamp                 2003b8d0 f   q_shared.obj
 0001:0003a900       _Com_sprintf               2003b900 f   q_shared.obj
 0001:0003a9a0       _FloatNoSwap               2003b9a0 f   q_shared.obj
 0001:0003a9b0       _FloatSwap                 2003b9b0 f   q_shared.obj
 0001:0003a9d0       _Info_NextPair             2003b9d0 f   q_shared.obj
 0001:0003aa40       _Info_RemoveKey            2003ba40 f   q_shared.obj
 0001:0003ab60       _Info_RemoveKey_Big        2003bb60 f   q_shared.obj
 0001:0003ac80       _Info_SetValueForKey       2003bc80 f   q_shared.obj
 0001:0003ae30       _Info_SetValueForKey_Big   2003be30 f   q_shared.obj
 0001:0003afd0       _Info_Validate             2003bfd0 f   q_shared.obj
 0001:0003b000       _Info_ValueForKey          2003c000 f   q_shared.obj
 0001:0003b130       _Long64NoSwap              2003c130 f   q_shared.obj
 0001:0003b140       _Long64Swap                2003c140 f   q_shared.obj
 0001:0003b190       _LongNoSwap                2003c190 f   q_shared.obj
 0001:0003b1a0       _LongSwap                  2003c1a0 f   q_shared.obj
 0001:0003b1e0       _Parse1DMatrix             2003c1e0 f   q_shared.obj
 0001:0003b230       _Parse2DMatrix             2003c230 f   q_shared.obj
 0001:0003b290       _Parse3DMatrix             2003c290 f   q_shared.obj
 0001:0003b2f0       _Q_CleanStr                2003c2f0 f   q_shared.obj
 0001:0003b340       _Q_PrintStrlen             2003c340 f   q_shared.obj
 0001:0003b380       _Q_isalpha                 2003c380 f   q_shared.obj
 0001:0003b3b0       _Q_islower                 2003c3b0 f   q_shared.obj
 0001:0003b3d0       _Q_isprint                 2003c3d0 f   q_shared.obj
 0001:0003b3f0       _Q_isupper                 2003c3f0 f   q_shared.obj
 0001:0003b410       _Q_strcat                  2003c410 f   q_shared.obj
 0001:0003b460       _Q_stricmp                 2003c460 f   q_shared.obj
 0001:0003b490       _Q_stricmpn                2003c490 f   q_shared.obj
 0001:0003b520       _Q_strlwr                  2003c520 f   q_shared.obj
 0001:0003b550       _Q_strncmp                 2003c550 f   q_shared.obj
 0001:0003b5a0       _Q_strncpyz                2003c5a0 f   q_shared.obj
 0001:0003b600       _Q_strrchr                 2003c600 f   q_shared.obj
 0001:0003b630       _Q_strupr                  2003c630 f   q_shared.obj
 0001:0003b660       _ShortNoSwap               2003c660 f   q_shared.obj
 0001:0003b670       _ShortSwap                 2003c670 f   q_shared.obj
 0001:0003b6a0       _SkipBracedSection         2003c6a0 f   q_shared.obj
 0001:0003b6e0       _SkipRestOfLine            2003c6e0 f   q_shared.obj
 0001:0003b760       _va                        2003c760 f   q_shared.obj
 0001:0003b7a9       @__security_check_cookie@4 2003c7a9 f   LIBCMT:_secchk_.obj
 0001:0003b7c0       __chkstk                   2003c7c0 f   LIBCMT:chkstk.obj
 0001:0003b7c0       __alloca_probe             2003c7c0 f   LIBCMT:chkstk.obj
 0001:0003b7ed       ___raise_securityfailure   2003c7ed f   LIBCMT:gs_report.obj
 0001:0003b815       ___report_gsfailure        2003c815 f   LIBCMT:gs_report.obj
 0001:0003b910       ___report_rangecheckfailure 2003c910 f   LIBCMT:gs_report.obj
 0001:0003b91c       ___report_securityfailure  2003c91c f   LIBCMT:gs_report.obj
 0001:0003b9ec       ___report_securityfailureEx 2003c9ec f   LIBCMT:gs_report.obj
 0001:0003bb10       __ftol2_sse                2003cb10 f   LIBCMT:_ftol2_.obj
 0001:0003bb19       __ftol2_pentium4           2003cb19 f   LIBCMT:_ftol2_.obj
 0001:0003bb2c       __ftol2_sse_excpt          2003cb2c f   LIBCMT:_ftol2_.obj
 0001:0003bb50       __ftol2                    2003cb50 f   LIBCMT:_ftol2_.obj
 0001:0003bbc5       ___isa_available_init      2003cbc5 f   LIBCMT:_cpu_disp_.obj
 0001:0003c05e       __CRT_INIT@12              2003d05e f   LIBCMT:dll_dllmain.obj
 0001:0003c067       __DllMainCRTStartup@12     2003d067 f   LIBCMT:dll_dllmain.obj
 0001:0003c0d9       ___security_init_cookie    2003d0d9 f   LIBCMT:gs_support.obj
 0001:0003c12c       _DllMain@12                2003d12c f   LIBCMT:dll_dllmain_stub.obj
 0001:0003c132       ?__scrt_initialize_type_info@@YAXXZ 2003d132 f   LIBCMT:tncleanup.obj
 0001:0003c13e       ?__scrt_uninitialize_type_info@@YAXXZ 2003d13e f   LIBCMT:tncleanup.obj
 0001:0003c14a       ___scrt_initialize_default_local_stdio_options 2003d14a f   LIBCMT:default_local_stdio_options.obj
 0001:0003c167       ??$__crt_fast_decode_pointer@PAP6AXXZ@@YAPAP6AXXZQAP6AXXZ@Z 2003d167 f i LIBCMT:utility.obj
 0001:0003c17b       ??$__crt_fast_encode_pointer@PAP6AXXZ@@YAPAP6AXXZQAP6AXXZ@Z 2003d17b f i LIBCMT:utility.obj
 0001:0003c198       ?__crt_rotate_pointer_value@@YAIIH@Z 2003d198 f i LIBCMT:utility.obj
 0001:0003c1a5       ?configure_argv@__scrt_narrow_argv_policy@@SAHXZ 2003d1a5 f i LIBCMT:utility.obj
 0001:0003c1f6       ?initialize_environment@__scrt_narrow_environment_policy@@SAHXZ 2003d1f6 f i LIBCMT:utility.obj
 0001:0003c22e       _NtCurrentTeb              2003d22e f i LIBCMT:utility.obj
 0001:0003c235       ___scrt_acquire_startup_lock 2003d235 f   LIBCMT:utility.obj
 0001:0003c26a       ___scrt_dllmain_after_initialize_c 2003d26a f   LIBCMT:utility.obj
 0001:0003c295       ___scrt_dllmain_before_initialize_c 2003d295 f   LIBCMT:utility.obj
 0001:0003c2a3       ___scrt_dllmain_crt_thread_attach 2003d2a3 f   LIBCMT:utility.obj
 0001:0003c2c2       ___scrt_dllmain_crt_thread_detach 2003d2c2 f   LIBCMT:utility.obj
 0001:0003c2cf       ___scrt_dllmain_exception_filter 2003d2cf f   LIBCMT:utility.obj
 0001:0003c302       ___scrt_dllmain_uninitialize_c 2003d302 f   LIBCMT:utility.obj
 0001:0003c325       ___scrt_dllmain_uninitialize_critical 2003d325 f   LIBCMT:utility.obj
 0001:0003c332       ___scrt_initialize_crt     2003d332 f   LIBCMT:utility.obj
 0001:0003c36b       ___scrt_initialize_onexit_tables 2003d36b f   LIBCMT:utility.obj
 0001:0003c415       ___scrt_is_nonwritable_in_current_image 2003d415 f   LIBCMT:utility.obj
 0001:0003c49f       ___scrt_release_startup_lock 2003d49f f   LIBCMT:utility.obj
 0001:0003c4bc       ___scrt_uninitialize_crt   2003d4bc f   LIBCMT:utility.obj
 0001:0003c4e4       __onexit                   2003d4e4 f   LIBCMT:utility.obj
 0001:0003c51f       _at_quick_exit             2003d51f f   LIBCMT:utility.obj
 0001:0003c550       _atexit                    2003d550 f   LIBCMT:utility.obj
 0001:0003c565       ___scrt_get_dyn_tls_init_callback 2003d565 f   LIBCMT:dyn_tls_init.obj
 0001:0003c56b       ___scrt_fastfail           2003d56b f   LIBCMT:utility_desktop.obj
 0001:0003c687       ___scrt_get_show_window_mode 2003d687 f   LIBCMT:utility_desktop.obj
 0001:0003c6ba       ___scrt_initialize_winrt   2003d6ba f   LIBCMT:utility_desktop.obj
 0001:0003c6bd       ___scrt_is_managed_app     2003d6bd f   LIBCMT:utility_desktop.obj
 0001:0003c701       ___scrt_set_unhandled_exception_filter 2003d701 f   LIBCMT:utility_desktop.obj
 0001:0003c70d       ___scrt_unhandled_exception_filter@4 2003d70d f   LIBCMT:utility_desktop.obj
 0001:0003c74e       __crt_debugger_hook        2003d74e f   LIBCMT:utility_desktop.obj
 0001:0003c756       __RTC_Initialize           2003d756 f   LIBCMT:_initsect_.obj
 0001:0003c781       __RTC_Terminate            2003d781 f   LIBCMT:_initsect_.obj
 0001:0003c7ac       @_guard_check_icall@4      2003d7ac f i LIBCMT:checkcfg.obj
 0001:0003c7c0       __SEH_prolog4              2003d7c0 f   LIBCMT:_sehprolg4_.obj
 0001:0003c806       __SEH_epilog4              2003d806 f   LIBCMT:_sehprolg4_.obj
 0001:0003c81b       __get_startup_argv_mode    2003d81b f   LIBCMT:argv_mode.obj
 0001:0003c81f       ___scrt_is_ucrt_dll_in_use 2003d81f f   LIBCMT:ucrt_detection.obj
 0001:0003c82b       @_guard_check_icall_nop@4  2003d82b f i LIBCMT:guard_support.obj
 0001:0003c82c       _ReadNoFence               2003d82c f i LIBCMT:guard_support.obj
 0001:0003c836       _ReadPointerNoFence        2003d836 f i LIBCMT:guard_support.obj
 0001:0003c840       __guard_icall_checks_enforced 2003d840 f i LIBCMT:guard_support.obj
 0001:0003c860       _memset                    2003d860 f   libvcruntime:memset.obj
 0001:0003c9c0       _memmove                   2003d9c0 f   libvcruntime:memmove.obj
 0001:0003cf40       _strstr                    2003df40 f   libvcruntime:strstr.obj
[...]
 0002:0000f018       __sehtable$??$?RV<lambda_303d0ad9bde654cb3f803a73716ce7a4>@@AAV<lambda_92fe181106aff629c9a2e25713a64969>@@V<lambda_184325e10b6cff6f771390cbceab281b>@@@?$__crt_seh_guarded_call@X@@QAEX$$QAV<lambda_303d0ad9bde654cb3f803a73716ce7a4>@@AAV<lambda_92fe181106aff629c9a2e25713a64969>@@$$QAV<lambda_184325e10b6cff6f771390cbceab281b>@@@Z 20098018     libucrt:wsetlocale.obj
 0002:0000f038       __sehtable$??$?RV<lambda_38c1253c7a74f5d2d430989951395d98>@@AAV<lambda_b163b37eafe0a13f2c371fafeb0365c9>@@AAV<lambda_8dff2cf36a5417162780cd64fa2883ef>@@@?$__crt_seh_guarded_call@X@@QAEX$$QAV<lambda_38c1253c7a74f5d2d430989951395d98>@@AAV<lambda_b163b37eafe0a13f2c371fafeb0365c9>@@AAV<lambda_8dff2cf36a5417162780cd64fa2883ef>@@@Z 20098038     libucrt:wsetlocale.obj
 0002:0000f058       __sehtable$_fgetwc         20098058     libucrt:fgetwc.obj
 0002:0000f078       __sehtable$_ungetwc        20098078     libucrt:ungetwc.obj
 0002:0000f098       __sehtable$_fgetc          20098098     libucrt:fgetc.obj
 0002:0000f0b8       __sehtable$_ungetc         200980b8     libucrt:ungetc.obj
 0002:0000f0d8       __sehtable$___acrt_initialize_lowio 200980d8     libucrt:ioinit.obj
 0002:0000f0f8       __sehtable$_fputwc         200980f8     libucrt:fputwc.obj
 0002:0000f118       __sehtable$_fputc          20098118     libucrt:fputc.obj
 0002:0000f138       __sehtable$?update_thread_multibyte_data_internal@@YAPAU__crt_multibyte_data@@QAU__acrt_ptd@@QAU1@@Z 20098138     libucrt:mbctype.obj
 0002:0000f158       __sehtable$??$?RV<lambda_ceb1ee4838e85a9d631eb091e2fbe199>@@AAV<lambda_ae742caa10f662c28703da3d2ea5e57e>@@V<lambda_cd08b5d6af4937fe54fc07d0c9bf6b37>@@@?$__crt_seh_guarded_call@X@@QAEX$$QAV<lambda_ceb1ee4838e85a9d631eb091e2fbe199>@@AAV<lambda_ae742caa10f662c28703da3d2ea5e57e>@@$$QAV<lambda_cd08b5d6af4937fe54fc07d0c9bf6b37>@@@Z 20098158     libucrt:mbctype.obj
 0002:0000f178       __sehtable$??$?RV<lambda_93797fb4802c957ba6a7f08e1250235b>@@AAV<lambda_1f3ce6bd48e0aa2e72a71c02eee379d3>@@V<lambda_56cae30c9364c9b6c15aeaac05d0418e>@@@?$__crt_seh_guarded_call@H@@QAEH$$QAV<lambda_93797fb4802c957ba6a7f08e1250235b>@@AAV<lambda_1f3ce6bd48e0aa2e72a71c02eee379d3>@@$$QAV<lambda_56cae30c9364c9b6c15aeaac05d0418e>@@@Z 20098178     libucrt:winapi_thunks.obj
 0002:0000f198       __sehtable$__query_new_handler 20098198     libucrt:new_handler.obj
 0002:0000f1b8       __sehtable$__set_new_handler 200981b8     libucrt:new_handler.obj
 0002:0000f1d8       __sehtable$_signal         200981d8     libucrt:signal.obj
 0002:0000f1f8       __sehtable$_raise          200981f8     libucrt:signal.obj
 0002:0000f218       __sehtable$?ctrlevent_capture@@YGHK@Z 20098218     libucrt:signal.obj
 0002:0000f238       __sehtable$??$?RV<lambda_cbab9ec6f41b0180b23cc171c22676b0>@@AAV<lambda_44731a7d0e6d81c3e6aa82d741081786>@@V<lambda_4b292cb8dd18144e164572427af410ab>@@@?$__crt_seh_guarded_call@P6AXH@Z@@QAEP6AXH@Z$$QAV<lambda_cbab9ec6f41b0180b23cc171c22676b0>@@AAV<lambda_44731a7d0e6d81c3e6aa82d741081786>@@$$QAV<lambda_4b292cb8dd18144e164572427af410ab>@@@Z 20098238     libucrt:signal.obj
 0002:0000f258       __sehtable$___acrt_update_thread_locale_data 20098258     libucrt:locale_refcounting.obj
 0002:0000f278       __sehtable$__fcloseall     20098278     libucrt:closeall.obj
 0002:0000f298       __sehtable$??$?RV<lambda_2866be3712abc81a800a822484c830d8>@@AAV<lambda_39ca0ed439415581b5b15c265174cece>@@V<lambda_2b24c74d71094a6cd0cb82e44167d71b>@@@?$__crt_seh_guarded_call@X@@QAEX$$QAV<lambda_2866be3712abc81a800a822484c830d8>@@AAV<lambda_39ca0ed439415581b5b15c265174cece>@@$$QAV<lambda_2b24c74d71094a6cd0cb82e44167d71b>@@@Z 20098298     libucrt:fflush.obj
 0002:0000f2b8       __sehtable$??$?RV<lambda_2cc53f568c5a2bb6f192f930a45d44ea>@@AAV<lambda_ab61a845afdef5b7c387490eaf3616ee>@@V<lambda_c2ffc0b7726aa6be21d5f0026187e748>@@@?$__crt_seh_guarded_call@X@@QAEX$$QAV<lambda_2cc53f568c5a2bb6f192f930a45d44ea>@@AAV<lambda_ab61a845afdef5b7c387490eaf3616ee>@@$$QAV<lambda_c2ffc0b7726aa6be21d5f0026187e748>@@@Z 200982b8     libucrt:fflush.obj
 0002:0000f2d8       __sehtable$??$?RV<lambda_6d20deecaf4856105ebacbad442d1079>@@AAV<lambda_9a32fed5bf61b6b509b2d3f6003082a1>@@V<lambda_63ea2239ed67c638ddbae41947fdf875>@@@?$__crt_seh_guarded_call@H@@QAEH$$QAV<lambda_6d20deecaf4856105ebacbad442d1079>@@AAV<lambda_9a32fed5bf61b6b509b2d3f6003082a1>@@$$QAV<lambda_63ea2239ed67c638ddbae41947fdf875>@@@Z 200982d8     libucrt:fflush.obj
 0002:0000f2f8       __sehtable$__open_osfhandle 200982f8     libucrt:osfinfo.obj
 0002:0000f318       __sehtable$__alloc_osfhnd  20098318     libucrt:osfinfo.obj
 0002:0000f338       __sehtable$___acrt_lowio_ensure_fh_exists 20098338     libucrt:osfinfo.obj
 0002:0000f358       __sehtable$___set_fpsr_sse2 20098358     libucrt:fpctrl.obj
 0002:0000f378       __sehtable$__read          20098378     libucrt:read.obj
 0002:0000f398       __sehtable$_fclose         20098398     libucrt:fclose.obj
 0002:0000f3b8       __sehtable$??$?RV<lambda_9e9de3de5fa147e2223d7db92bc10aa6>@@AAV<lambda_38ce7e780aa69e748d6df282ebc68efe>@@V<lambda_8ca6da459f0f6780f1cff60fdc3d00e5>@@@?$__crt_seh_guarded_call@H@@QAEH$$QAV<lambda_9e9de3de5fa147e2223d7db92bc10aa6>@@AAV<lambda_38ce7e780aa69e748d6df282ebc68efe>@@$$QAV<lambda_8ca6da459f0f6780f1cff60fdc3d00e5>@@@Z 200983b8     libucrt:commit.obj
 0002:0000f3d8       __sehtable$__write         200983d8     libucrt:write.obj
 0002:0000f3f8       __sehtable$??$common_lseek@J@@YAJHJH@Z 200983f8     libucrt:lseek.obj
 0002:0000f418       __sehtable$??$common_lseek@_J@@YA_JH_JH@Z 20098418     libucrt:lseek.obj
 0002:0000f438       __sehtable$??$?RV<lambda_218ce3db14220d0be481dae8ef3383b6>@@AAV<lambda_628dfdc04ba53c8bfc02c9951375f3f5>@@V<lambda_57dc472bd5c9d5f3b2cbca59b8a843ae>@@@?$__crt_seh_guarded_call@H@@QAEH$$QAV<lambda_218ce3db14220d0be481dae8ef3383b6>@@AAV<lambda_628dfdc04ba53c8bfc02c9951375f3f5>@@$$QAV<lambda_57dc472bd5c9d5f3b2cbca59b8a843ae>@@@Z 20098438     libucrt:close.obj
 0002:0000f458       __sehtable$?__acrt_stdio_allocate_stream@@YA?AV__crt_stdio_stream@@XZ 20098458     libucrt:stream.obj
 0002:0000f478       __sehtable$??$?RV<lambda_f828341fbe69b7c0d4c527b01f22877f>@@AAV<lambda_9e0b6ab72a5b3ae37ad997d08b519f50>@@V<lambda_f01deac0a8d65d6e0411edf7e0af5775>@@@?$__crt_seh_guarded_call@G@@QAEG$$QAV<lambda_f828341fbe69b7c0d4c527b01f22877f>@@AAV<lambda_9e0b6ab72a5b3ae37ad997d08b519f50>@@$$QAV<lambda_f01deac0a8d65d6e0411edf7e0af5775>@@@Z 20098478     libucrt:putwch.obj
 0002:0000f498       __sehtable$__IsNonwritableInCurrentImage 20098498     LIBCMT:pesect.obj
 0002:0000f4c0       .edata                     200984c0     qagamex86.exp
 0002:0000f4e8       rgpv                       200984e8     qagamex86.exp
 0002:0000f4f0       rgszName                   200984f0     qagamex86.exp
 0002:0000f4f8       rgwOrd                     200984f8     qagamex86.exp
 0002:0000f4fc       szName                     200984fc     qagamex86.exp
 0002:0000f50a       $N00001                    2009850a     qagamex86.exp
 0002:0000f513       $N00002                    20098513     qagamex86.exp
 0002:0000fcca       .idata$6                   20098cca     kernel32:KERNEL32.dll
 0003:00000000       _VEC_UP                    20099000     ai_dmq3.obj
 0003:0000000c       _VEC_DOWN                  2009900c     ai_dmq3.obj
 0003:00000018       _MOVEDIR_UP                20099018     ai_dmq3.obj
 0003:00000024       _MOVEDIR_DOWN              20099024     ai_dmq3.obj
 0003:00000bd4       ?range@?1??G_TouchTriggers@@9@9 20099bd4     g_active.obj
 0003:00000be0       _offsetFirst               20099be0     g_arenas.obj
 0003:00000bec       _offsetSecond              20099bec     g_arenas.obj
 0003:00000bf8       _offsetThird               20099bf8     g_arenas.obj
 0003:00000c04       _playerMins                20099c04     g_client.obj
 0003:00000c10       _playerMaxs                20099c10     g_client.obj
 0003:00000c1c       _gc_orders                 20099c1c     g_cmds.obj
 0003:00000c38       _gameNames                 20099c38     g_cmds.obj
 0003:00000cb8       _gameCvarTable             20099cb8     g_main.obj
 0003:000011dc       _gameCvarTableSize         2009a1dc     g_main.obj
 0003:000011e0       ?lastMod@?1??CheckCvars@@9@9 2009a1e0     g_main.obj
 0003:000014d8       ?gametypeNames@?1??G_SpawnGEntityFromSpawnVars@@9@9 2009a4d8     g_spawn.obj
 0003:000014fc       _syscall                   2009a4fc     g_syscalls.obj
 0003:00001500       _ctfFlagStatusRemap        2009a500     g_team.obj
 0003:00001508       _oneFlagStatusRemap        2009a508     g_team.obj
 0003:00001510       ?VEC_UP@?1??G_SetMovedir@@9@9 2009a510     g_utils.obj
 0003:0000151c       ?VEC_DOWN@?1??G_SetMovedir@@9@9 2009a51c     g_utils.obj
 0003:00001528       ?MOVEDIR_UP@?1??G_SetMovedir@@9@9 2009a528     g_utils.obj
 0003:00001534       ?MOVEDIR_DOWN@?1??G_SetMovedir@@9@9 2009a534     g_utils.obj
 0003:00001540       ?range@?1??Weapon_LightningFire@@9@9 2009a540     g_weapon.obj
 0003:00001e60       ?__vcrt_flsindex@@3KA      2009ae60     libvcruntime:per_thread_data.obj
 0003:00001e80       ?global_msvcrt_heap_handle_cache@?1??__acrt_get_msvcrt_heap_handle@@9@4PAXA 2009ae80     libucrt:free_base.obj
 0003:00001e88       ?__acrt_flsindex@@3KA      2009ae88     libucrt:per_thread_data.obj
 0003:00001e8c       ?errno_no_memory@@3HA      2009ae8c     libucrt:errno.obj
 0003:00001e90       ?doserrno_no_memory@@3KA   2009ae90     libucrt:errno.obj
 0003:00001e9c       __ctype_loc_style          2009ae9c     libucrt:wsetlocale.obj
 0003:00002270       __mbctypes                 2009b270     libucrt:mbctype.obj
 0003:00002378       __mbcasemaps               2009b378     libucrt:mbctype.obj
 0003:00002478       ?__rgctypeflag@@3PADA      2009b478     libucrt:mbctype.obj
 0003:00002480       ?__rgcode_page_info@@3PAUcode_page_info@@A 2009b480     libucrt:mbctype.obj
 0003:000025e0       ?__DAZ_ENABLED@?1??__set_fpsr_sse2@@9@9 2009b5e0     libucrt:fpctrl.obj
 0003:000026f0       ?__dcrt_lowio_console_output_handle@@3PAXA 2009b6f0     libucrt:initcon.obj
 0003:000027c0       ?maxclients@?1??BotNumActivePlayers@@9@9 2009b7c0     ai_chat.obj
 0003:000027c4       ?maxclients@?1??BotIsFirstInRankings@@9@9 2009b7c4     ai_chat.obj
 0003:000027c8       ?maxclients@?1??BotIsLastInRankings@@9@9 2009b7c8     ai_chat.obj
 0003:000027cc       ?name@?1??BotFirstClientInRankings@@9@9 2009b7cc     ai_chat.obj
 0003:000027ec       ?maxclients@?1??BotFirstClientInRankings@@9@9 2009b7ec     ai_chat.obj
 0003:000027f0       ?name@?1??BotLastClientInRankings@@9@9 2009b7f0     ai_chat.obj
 0003:00002810       ?maxclients@?1??BotLastClientInRankings@@9@9 2009b810     ai_chat.obj
 0003:00002814       ?maxclients@?1??BotRandomOpponentName@@9@9 2009b814     ai_chat.obj
 0003:00002818       ?name@?1??BotRandomOpponentName@@9@9 2009b818     ai_chat.obj
 0003:00002838       ?mapname@?1??BotMapTitle@@9@9 2009b838     ai_chat.obj
 0003:000028b8       ?maxclients@?1??FindClientByName@@9@9 2009b8b8     ai_cmd.obj
 0003:000028bc       ?maxclients@?1??FindEnemyByName@@9@9 2009b8bc     ai_cmd.obj
 0003:000028c0       ?maxclients@?1??NumPlayersOnSameTeam@@9@9 2009b8c0     ai_cmd.obj
 0003:000028c4       ?maxclients@?1??ClientFromName@@9@9 2009b8c4     ai_dmq3.obj
 0003:000028c8       ?maxclients@?1??ClientOnSameTeamFromName@@9@9 2009b8c8     ai_dmq3.obj
 0003:000028cc       ?local_time@?1??BotAIStartFrame@@9@9 2009b8cc     ai_main.obj
 0003:000028d0       ?botlib_residual@?1??BotAIStartFrame@@9@9 2009b8d0     ai_main.obj
 0003:000028d4       ?lastbotthink_time@?1??BotAIStartFrame@@9@9 2009b8d4     ai_main.obj
 0003:000028d8       ?maxclients@?1??BotNumTeamMates@@9@9 2009b8d8     ai_team.obj
 0003:000028dc       ?maxclients@?1??BotSortTeamMatesByBaseTravelTime@@9@9 2009b8dc     ai_team.obj
 0003:000028e0       ?maxclients@?1??BotTeamOrders@@9@9 2009b8e0     ai_team.obj
 0003:000028e8       _g_numBots                 2009b8e8     g_bot.obj
 0003:000028ec       ?checkminimumplayers_time@?1??G_CheckMinimumPlayers@@9@9 2009b8ec     g_bot.obj
 0003:000028f0       _g_botInfos                2009b8f0     g_bot.obj
 0003:000038f0       _g_arenaInfos              2009c8f0     g_bot.obj
 0003:000048f0       _botSpawnQueue             2009d8f0     g_bot.obj
 0003:00004970       ?line@?1??ConcatArgs@@9@9  2009d970     g_cmds.obj
 0003:00004d70       ?i@?CE@??player_die@@9@9   2009dd70     g_combat.obj
 0003:00004d78       _memoryPool                2009dd78     g_mem.obj
 0003:00044d78       _allocPoint                200ddd78     g_mem.obj
 0003:00044d80       _ipFilters                 200ddd80     g_svcmds.obj
 0003:00046d80       _numIPFilters              200dfd80     g_svcmds.obj
 0003:00046d8c       ?index@?1??tv@@9@9         200dfd8c     g_utils.obj
 0003:00046d90       ?buff@?1??BuildShaderStateConfig@@9@9 200dfd90     g_utils.obj
 0003:00047d90       ?vecs@?1??tv@@9@9          200e0d90     g_utils.obj
 0003:00047df0       ?index@?1??vtos@@9@9       200e0df0     g_utils.obj
 0003:00047df8       ?str@?1??vtos@@9@9         200e0df8     g_utils.obj
 0003:00047ef8       _s_quadFactor              200e0ef8     g_weapon.obj
 0003:00047efc       _forward                   200e0efc     g_weapon.obj
 0003:00047f08       _right                     200e0f08     g_weapon.obj
 0003:00047f14       _up                        200e0f14     g_weapon.obj
 0003:00047f20       _muzzle                    200e0f20     g_weapon.obj
 0003:00047f38       ?bops_initialized@?1??BoxOnPlaneSide@@9@9 200e0f38     q_math.obj
 0003:00047f3c       ?Ljmptab@?1??BoxOnPlaneSide@@9@9 200e0f3c     q_math.obj
 0003:00047f5c       ?sr@?1??AngleVectors@@9@9  200e0f5c     q_math.obj
 0003:00047f60       ?sp@?1??AngleVectors@@9@9  200e0f60     q_math.obj
 0003:00047f64       ?sy@?1??AngleVectors@@9@9  200e0f64     q_math.obj
 0003:00047f68       ?cr@?1??AngleVectors@@9@9  200e0f68     q_math.obj
 0003:00047f6c       ?cp@?1??AngleVectors@@9@9  200e0f6c     q_math.obj
 0003:00047f70       ?cy@?1??AngleVectors@@9@9  200e0f70     q_math.obj
 0003:00047f78       _com_token                 200e0f78     q_shared.obj
 0003:00048378       _com_parsename             200e1378     q_shared.obj
 0003:00048778       _com_lines                 200e1778     q_shared.obj
 0003:0004877c       ?index@?1??va@@9@9         200e177c     q_shared.obj
 0003:00048780       ?string@?1??COM_ParseError@@9@9 200e1780     q_shared.obj
 0003:00049780       ?string@?1??COM_ParseWarning@@9@9 200e2780     q_shared.obj
 0003:0004a780       ?string@?1??va@@9@9        200e3780     q_shared.obj
 0003:0005a180       ?value@?1??Info_ValueForKey@@9@9 200f3180     q_shared.obj
 0003:0005e180       ?valueindex@?1??Info_ValueForKey@@9@9 200f7180     q_shared.obj
 0003:0005e188       _GS_ExceptionRecord        200f7188     LIBCMT:gs_report.obj
 0003:0005e1d8       _GS_ContextRecord          200f71d8     LIBCMT:gs_report.obj
 0003:0005e4ac       ?__proc_attached@@3HA      200f74ac     LIBCMT:dll_dllmain.obj
 0003:0005e4d0       ?module_local_atexit_table@@3U_onexit_table_t@@A 200f74d0     LIBCMT:utility.obj
 0003:0005e4dc       ?module_local_at_quick_exit_table@@3U_onexit_table_t@@A 200f74dc     LIBCMT:utility.obj
 0003:0005e4e8       ?module_local_atexit_table_initialized@@3_NA 200f74e8     LIBCMT:utility.obj
 0003:0005e4e9       ?is_initialized_as_dll@@3_NA 200f74e9     LIBCMT:utility.obj
 0003:0005e518       ?heap@@3V_HeapManager@@A   200f7518     libvcruntime:undname.obj
 0003:0005e560       ?__vcrt_startup_thread_ptd@@3U__vcrt_ptd@@A 200f7560     libvcruntime:per_thread_data.obj
 0003:0005e588       ___vcrt_lock_table         200f7588     libvcruntime:locks.obj
 0003:0005e5a0       ___vcrt_locks_initialized  200f75a0     libvcruntime:locks.obj
 0003:0005e5a4       ?module_handles@@3PAPAUHINSTANCE__@@A 200f75a4     libvcruntime:winapi_downlevel.obj
 0003:0005e5b0       ?encoded_function_pointers@@3PAPAXA 200f75b0     libvcruntime:winapi_downlevel.obj
 0003:0005e5c8       ?c_termination_complete@@3JA 200f75c8     libucrt:exit.obj
 0003:0005e5cc       ?thread_local_exit_callback_func@@3P6GXPAXK0@ZA 200f75cc     libucrt:exit.obj
 0003:0005e5d8       ?program_name@?1???$common_configure_argv@D@@YAHW4_crt_argv_mode@@@Z@4PADA 200f75d8     libucrt:argv_parsing.obj
 0003:0005e6e0       ?program_name@?1???$common_configure_argv@_W@@YAHW4_crt_argv_mode@@@Z@4PA_WA 200f76e0     libucrt:argv_parsing.obj
 0003:0005e914       ?__acrt_invalid_parameter_handler@@3V?$dual_state_global@P6AXPB_W00II@Z@__crt_state_management@@A 200f7914     libucrt:invalid_parameter.obj
 0003:0005eb34       __pmatherr_set             200f7b34     libucrt:libm_error.obj
 0003:0005eb38       ?enable_percent_n@@3IA     200f7b38     libucrt:printf_count_output.obj
 0003:0005eb48       ?__acrt_lock_table@@3PAU_RTL_CRITICAL_SECTION@@A 200f7b48     libucrt:locks.obj
 0003:0005ec98       ?__acrt_locks_initialized@@3IA 200f7c98     libucrt:locks.obj
 0003:0005ec9c       ?state_cache@?1???$get_cached_win_policy@Ubegin_thread_init_policy_properties@?1??__acrt_get_begin_thread_init_policy@@YA?AW4begin_thread_init_policy@@XZ@@@YA?AW4begin_thread_init_policy@@W4AppPolicyThreadInitializationType@@@Z@4JA 200f7c9c     libucrt:win_policies.obj
 0003:0005eca0       ?state_cache@?1???$get_cached_win_policy@Udeveloper_information_policy_properties@?1??__acrt_get_developer_information_policy@@YA?AW4developer_information_policy@@XZ@@@YA?AW4developer_information_policy@@W4AppPolicyShowDeveloperDiagnostic@@@Z@4JA 200f7ca0     libucrt:win_policies.obj
 0003:0005eca4       ?state_cache@?1???$get_cached_win_policy@Uwindowing_model_policy_properties@?1??__acrt_get_windowing_model_policy@@YA?AW4windowing_model_policy@@XZ@@@YA?AW4windowing_model_policy@@W4AppPolicyWindowingModel@@@Z@4JA 200f7ca4     libucrt:win_policies.obj
 0003:0005ecb4       ?fSystemSet@@3HA           200f7cb4     libucrt:mbctype.obj
 0003:0005ecb8       ?initialized@?1??__acrt_initialize_multibyte@@9@4_NA 200f7cb8     libucrt:mbctype.obj
 0003:0005ecd8       ?module_handles@@3PAPAUHINSTANCE__@@A 200f7cd8     libucrt:winapi_thunks.obj
 0003:0005ed28       ?encoded_function_pointers@@3PAPAXA 200f7d28     libucrt:winapi_thunks.obj
 0003:0005edb0       ?static_enum_proc@?1??enum_system_locales_ex_nolock@@YAHQ6GHPA_WKJ@Z@Z@4P6GH0KJ@ZA 200f7db0     libucrt:winapi_thunks.obj
 0003:0005edb8       ?__acrt_new_handler@@3V?$dual_state_global@P6AHI@Z@__crt_state_management@@A 200f7db8     libucrt:new_handler.obj
 0003:0005edbc       ?console_ctrl_handler_installed@@3_NA 200f7dbc     libucrt:signal.obj
 0003:0005edc0       ?ctrlc_action@@3V?$dual_state_global@P6AXH@Z@__crt_state_management@@A 200f7dc0     libucrt:signal.obj
 0003:0005edc4       ?ctrlbreak_action@@3V?$dual_state_global@P6AXH@Z@__crt_state_management@@A 200f7dc4     libucrt:signal.obj
 0003:0005edc8       ?abort_action@@3V?$dual_state_global@P6AXH@Z@__crt_state_management@@A 200f7dc8     libucrt:signal.obj
 0003:0005edcc       ?term_action@@3V?$dual_state_global@P6AXH@Z@__crt_state_management@@A 200f7dcc     libucrt:signal.obj
 0003:0005edd0       ?user_matherr@@3V?$dual_state_global@P6AHPAU_exception@@@Z@__crt_state_management@@A 200f7dd0     libucrt:matherr.obj
 0003:0005edd4       ?__acrt_global_new_mode@@3V?$dual_state_global@J@__crt_state_management@@A 200f7dd4     libucrt:new_mode.obj
 0003:0005ede4       ?__acrt_app_type@@3W4_crt_app_type@@A 200f7de4     libucrt:report_runtime_error.obj
 0003:0005ede8       ?outmsg@?9??__acrt_report_runtime_error@@9@4PA_WA 200f7de8     libucrt:report_runtime_error.obj
 0003:0005f410       ___acrt_error_mode         200f8410     libucrt:set_error_mode.obj
 0004:00000060       $R000000                   201f2060     * linker generated manifest res *
